--------- beginning of main
07-14 19:24:35.174   709   924 E WifiDataStall: Ignore this poll. newStats: null txLinkSpeedMbps: 1 rxLinkSpeedMbps: 2 rssi: -50 connectionCapabilities: com.android.server.wifi.WifiNative$ConnectionCapabilities@cdfb21e
07-14 19:24:38.180   709   924 E WifiDataStall: Ignore this poll. newStats: null txLinkSpeedMbps: 5 rxLinkSpeedMbps: 2 rssi: -50 connectionCapabilities: com.android.server.wifi.WifiNative$ConnectionCapabilities@cdfb21e
07-14 19:24:41.185   709   924 E WifiDataStall: Ignore this poll. newStats: null txLinkSpeedMbps: 2 rxLinkSpeedMbps: 2 rssi: -50 connectionCapabilities: com.android.server.wifi.WifiNative$ConnectionCapabilities@cdfb21e
07-14 19:24:44.191   709   924 E WifiDataStall: Ignore this poll. newStats: null txLinkSpeedMbps: 2 rxLinkSpeedMbps: 2 rssi: -50 connectionCapabilities: com.android.server.wifi.WifiNative$ConnectionCapabilities@cdfb21e
07-14 19:24:44.479  1185  1372 E SatelliteController: isSatelliteEnabled: mIsSatelliteEnabled=null
07-14 19:24:47.196   709   924 E WifiDataStall: Ignore this poll. newStats: null txLinkSpeedMbps: 2 rxLinkSpeedMbps: 2 rssi: -50 connectionCapabilities: com.android.server.wifi.WifiNative$ConnectionCapabilities@cdfb21e
07-14 19:24:50.200   709   924 E WifiDataStall: Ignore this poll. newStats: null txLinkSpeedMbps: 1 rxLinkSpeedMbps: 2 rssi: -50 connectionCapabilities: com.android.server.wifi.WifiNative$ConnectionCapabilities@cdfb21e
07-14 19:24:53.205   709   924 E WifiDataStall: Ignore this poll. newStats: null txLinkSpeedMbps: 1 rxLinkSpeedMbps: 2 rssi: -50 connectionCapabilities: com.android.server.wifi.WifiNative$ConnectionCapabilities@cdfb21e
--------- beginning of system
07-14 19:24:53.392   709  1354 E TransitionChain: Can't collect into a chain with no transition
07-14 19:24:53.544   709  2132 E ConsumerBase: [ImageReader-864x1920f1m1-709-28] abandonLocked: ConsumerBase is abandoned!
07-14 19:24:53.862  9249  9661 E i       : java.net.MalformedURLException: Attempt to invoke virtual method 'int java.lang.String.length()' on a null object reference
07-14 19:24:53.876  9249  9249 E g       : java.lang.RuntimeException: A TaskDescription's primary color should be opaque
07-14 19:24:53.887  9249  9661 E i       : java.net.MalformedURLException: Attempt to invoke virtual method 'int java.lang.String.length()' on a null object reference
07-14 19:24:53.892  9249  9249 E o       : java.lang.NoSuchFieldException: No field numActivities in class Landroid/app/ActivityManager$RecentTaskInfo; (declaration of 'android.app.ActivityManager$RecentTaskInfo' appears in /system/framework/framework.jar)
07-14 19:24:53.938  9249  9249 E g       : java.lang.RuntimeException: A TaskDescription's primary color should be opaque
07-14 19:24:53.949   709  1015 E ConsumerBase: [ImageReader-864x1920f1m1-709-29] abandonLocked: ConsumerBase is abandoned!
07-14 19:24:54.479  1185  1372 E SatelliteController: isSatelliteEnabled: mIsSatelliteEnabled=null
07-14 19:24:56.212   709   924 E WifiDataStall: Ignore this poll. newStats: null txLinkSpeedMbps: 1 rxLinkSpeedMbps: 2 rssi: -50 connectionCapabilities: com.android.server.wifi.WifiNative$ConnectionCapabilities@cdfb21e
07-14 19:24:57.298   709  1729 E TaskPersister: File error accessing recents directory (directory doesn't exist?).
07-14 19:24:59.218   709   924 E WifiDataStall: Ignore this poll. newStats: null txLinkSpeedMbps: 2 rxLinkSpeedMbps: 2 rssi: -50 connectionCapabilities: com.android.server.wifi.WifiNative$ConnectionCapabilities@cdfb21e
07-14 19:25:02.226   709   924 E WifiDataStall: Ignore this poll. newStats: null txLinkSpeedMbps: 5 rxLinkSpeedMbps: 2 rssi: -50 connectionCapabilities: com.android.server.wifi.WifiNative$ConnectionCapabilities@cdfb21e
07-14 19:25:04.483  1185  1372 E SatelliteController: isSatelliteEnabled: mIsSatelliteEnabled=null
07-14 19:25:05.234   709   924 E WifiDataStall: Ignore this poll. newStats: null txLinkSpeedMbps: 1 rxLinkSpeedMbps: 2 rssi: -50 connectionCapabilities: com.android.server.wifi.WifiNative$ConnectionCapabilities@cdfb21e
07-14 19:25:06.722  9249  9665 E unknown:UIManagerHelper: Unhandled SoftException
07-14 19:25:06.722  9249  9665 E unknown:UIManagerHelper: com.facebook.react.bridge.ReactNoCrashSoftException: Cannot get UIManager because the context doesn't contain an active React instance.
07-14 19:25:06.722  9249  9665 E unknown:UIManagerHelper: 	at com.facebook.react.uimanager.UIManagerHelper.getUIManager(r8-map-id-76a6598150d3c068205f2ece489a9b1fcd1ad82203d07640bcb897ca4fe7d60d:18)
07-14 19:25:06.722  9249  9665 E unknown:UIManagerHelper: 	at xd.f.d(r8-map-id-76a6598150d3c068205f2ece489a9b1fcd1ad82203d07640bcb897ca4fe7d60d:8)
07-14 19:25:06.722  9249  9665 E unknown:UIManagerHelper: 	at Ed.g.<init>(r8-map-id-76a6598150d3c068205f2ece489a9b1fcd1ad82203d07640bcb897ca4fe7d60d:11)
07-14 19:25:06.722  9249  9665 E unknown:UIManagerHelper: 	at com.reactnativekeyboardcontroller.KeyboardControllerModule.<init>(r8-map-id-76a6598150d3c068205f2ece489a9b1fcd1ad82203d07640bcb897ca4fe7d60d:11)
07-14 19:25:06.722  9249  9665 E unknown:UIManagerHelper: 	at versioned.host.exp.exponent.ExponentPackage.createNativeModules(r8-map-id-76a6598150d3c068205f2ece489a9b1fcd1ad82203d07640bcb897ca4fe7d60d:178)
07-14 19:25:06.722  9249  9665 E unknown:UIManagerHelper: 	at com.facebook.react.ReactPackageTurboModuleManagerDelegate.initialize(r8-map-id-76a6598150d3c068205f2ece489a9b1fcd1ad82203d07640bcb897ca4fe7d60d:57)
07-14 19:25:06.722  9249  9665 E unknown:UIManagerHelper: 	at com.facebook.react.ReactPackageTurboModuleManagerDelegate.<init>(r8-map-id-76a6598150d3c068205f2ece489a9b1fcd1ad82203d07640bcb897ca4fe7d60d:14)
07-14 19:25:06.722  9249  9665 E unknown:UIManagerHelper: 	at com.facebook.react.defaults.DefaultTurboModuleManagerDelegate.<init>(r8-map-id-76a6598150d3c068205f2ece489a9b1fcd1ad82203d07640bcb897ca4fe7d60d:2)
07-14 19:25:06.722  9249  9665 E unknown:UIManagerHelper: 	at com.facebook.react.defaults.DefaultTurboModuleManagerDelegate.<init>(r8-map-id-76a6598150d3c068205f2ece489a9b1fcd1ad82203d07640bcb897ca4fe7d60d:1)
07-14 19:25:06.722  9249  9665 E unknown:UIManagerHelper: 	at com.facebook.react.defaults.DefaultTurboModuleManagerDelegate$Builder.build(r8-map-id-76a6598150d3c068205f2ece489a9b1fcd1ad82203d07640bcb897ca4fe7d60d:8)
07-14 19:25:06.722  9249  9665 E unknown:UIManagerHelper: 	at com.facebook.react.defaults.DefaultTurboModuleManagerDelegate$Builder.build(r8-map-id-76a6598150d3c068205f2ece489a9b1fcd1ad82203d07640bcb897ca4fe7d60d:1)
07-14 19:25:06.722  9249  9665 E unknown:UIManagerHelper: 	at com.facebook.react.ReactPackageTurboModuleManagerDelegate$Builder.build(r8-map-id-76a6598150d3c068205f2ece489a9b1fcd1ad82203d07640bcb897ca4fe7d60d:3)
07-14 19:25:06.722  9249  9665 E unknown:UIManagerHelper: 	at com.facebook.react.runtime.ReactInstance.<init>(r8-map-id-76a6598150d3c068205f2ece489a9b1fcd1ad82203d07640bcb897ca4fe7d60d:230)
07-14 19:25:06.722  9249  9665 E unknown:UIManagerHelper: 	at com.facebook.react.runtime.ReactHostImpl.getOrCreateReactInstanceTask$lambda$45$lambda$41(r8-map-id-76a6598150d3c068205f2ece489a9b1fcd1ad82203d07640bcb897ca4fe7d60d:63)
07-14 19:25:06.722  9249  9665 E unknown:UIManagerHelper: 	at com.facebook.react.runtime.ReactHostImpl.x(r8-map-id-76a6598150d3c068205f2ece489a9b1fcd1ad82203d07640bcb897ca4fe7d60d:1)
07-14 19:25:06.722  9249  9665 E unknown:UIManagerHelper: 	at com.facebook.react.runtime.T.then(r8-map-id-76a6598150d3c068205f2ece489a9b1fcd1ad82203d07640bcb897ca4fe7d60d:5)
07-14 19:25:06.722  9249  9665 E unknown:UIManagerHelper: 	at com.facebook.react.runtime.internal.bolts.Task$Companion.completeImmediately$lambda$3(r8-map-id-76a6598150d3c068205f2ece489a9b1fcd1ad82203d07640bcb897ca4fe7d60d:1)
07-14 19:25:06.722  9249  9665 E unknown:UIManagerHelper: 	at com.facebook.react.runtime.internal.bolts.Task$Companion.e(r8-map-id-76a6598150d3c068205f2ece489a9b1fcd1ad82203d07640bcb897ca4fe7d60d:1)
07-14 19:25:06.722  9249  9665 E unknown:UIManagerHelper: 	at com.facebook.react.runtime.internal.bolts.i.run(r8-map-id-76a6598150d3c068205f2ece489a9b1fcd1ad82203d07640bcb897ca4fe7d60d:7)
07-14 19:25:06.722  9249  9665 E unknown:UIManagerHelper: 	at com.facebook.react.runtime.internal.bolts.Executors$ImmediateExecutor.execute(r8-map-id-76a6598150d3c068205f2ece489a9b1fcd1ad82203d07640bcb897ca4fe7d60d:6)
07-14 19:25:06.722  9249  9665 E unknown:UIManagerHelper: 	at com.facebook.react.runtime.internal.bolts.Task$Companion.completeImmediately(r8-map-id-76a6598150d3c068205f2ece489a9b1fcd1ad82203d07640bcb897ca4fe7d60d:6)
07-14 19:25:06.722  9249  9665 E unknown:UIManagerHelper: 	at com.facebook.react.runtime.internal.bolts.Task$Companion.access$completeImmediately(r8-map-id-76a6598150d3c068205f2ece489a9b1fcd1ad82203d07640bcb897ca4fe7d60d:1)
07-14 19:25:06.722  9249  9665 E unknown:UIManagerHelper: 	at com.facebook.react.runtime.internal.bolts.Task.continueWith(r8-map-id-76a6598150d3c068205f2ece489a9b1fcd1ad82203d07640bcb897ca4fe7d60d:8)
07-14 19:25:06.722  9249  9665 E unknown:UIManagerHelper: 	at com.facebook.react.runtime.internal.bolts.Task.continueWith$default(r8-map-id-76a6598150d3c068205f2ece489a9b1fcd1ad82203d07640bcb897ca4fe7d60d:7)
07-14 19:25:06.722  9249  9665 E unknown:UIManagerHelper: 	at com.facebook.react.runtime.internal.bolts.Task.onSuccess$lambda$12(r8-map-id-76a6598150d3c068205f2ece489a9b1fcd1ad82203d07640bcb897ca4fe7d60d:38)
07-14 19:25:06.722  9249  9665 E unknown:UIManagerHelper: 	at com.facebook.react.runtime.internal.bolts.Task.e(r8-map-id-76a6598150d3c068205f2ece489a9b1fcd1ad82203d07640bcb897ca4fe7d60d:1)
07-14 19:25:06.722  9249  9665 E unknown:UIManagerHelper: 	at com.facebook.react.runtime.internal.bolts.c.then(r8-map-id-76a6598150d3c068205f2ece489a9b1fcd1ad82203d07640bcb897ca4fe7d60d:3)
07-14 19:25:06.722  9249  9665 E unknown:UIManagerHelper: 	at com.facebook.react.runtime.internal.bolts.Task$Companion.completeAfterTask$lambda$5(r8-map-id-76a6598150d3c068205f2ece489a9b1fcd1ad82203d07640bcb897ca4fe7d60d:1)
07-14 19:25:06.722  9249  9665 E unknown:UIManagerHelper: 	at com.facebook.react.runtime.internal.bolts.Task$Companion.a(r8-map-id-76a6598150d3c068205f2ece489a9b1fcd1ad82203d07640bcb897ca4fe7d60d:1)
07-14 19:25:06.722  9249  9665 E unknown:UIManagerHelper: 	at com.facebook.react.runtime.internal.bolts.j.run(r8-map-id-76a6598150d3c068205f2ece489a9b1fcd1ad82203d07640bcb897ca4fe7d60d:7)
07-14 19:25:06.722  9249  9665 E unknown:UIManagerHelper: 	at java.util.concurrent.ThreadPoolExecutor.runWorker(ThreadPoolExecutor.java:1100)
07-14 19:25:06.722  9249  9665 E unknown:UIManagerHelper: 	at java.util.concurrent.ThreadPoolExecutor$Worker.run(ThreadPoolExecutor.java:624)
07-14 19:25:06.722  9249  9665 E unknown:UIManagerHelper: 	at java.lang.Thread.run(Thread.java:1569)
--------- beginning of crash
07-14 19:25:07.370  9249  9683 F libc    : Fatal signal 11 (SIGSEGV), code 128 (SI_KERNEL), fault addr 0x0 in tid 9683 (mqt_v_js), pid 9249 (st.exp.exponent)
07-14 19:25:07.596  9700  9700 F DEBUG   : *** *** *** *** *** *** *** *** *** *** *** *** *** *** *** ***
07-14 19:25:07.596  9700  9700 F DEBUG   : Build fingerprint: 'google/sdk_gphone16k_x86_64/emu64xa16k:17/CP31.260618.005/15731206:user/dev-keys'
07-14 19:25:07.596  9700  9700 F DEBUG   : Kernel Release: '6.12.69-android16-6-g214d1615c480-ab15053784'
07-14 19:25:07.596  9700  9700 F DEBUG   : Revision: '0'
07-14 19:25:07.596  9700  9700 F DEBUG   : ABI: 'x86_64'
07-14 19:25:07.596  9700  9700 F DEBUG   : Timestamp: 2026-07-14 19:25:07.449221600+0530
07-14 19:25:07.596  9700  9700 F DEBUG   : Process uptime: 406s
07-14 19:25:07.596  9700  9700 F DEBUG   : Page size: 16384 bytes
07-14 19:25:07.596  9700  9700 F DEBUG   : Executable: /system/bin/app_process64
07-14 19:25:07.596  9700  9700 F DEBUG   : Cmdline: host.exp.exponent
07-14 19:25:07.596  9700  9700 F DEBUG   : pid: 9249, ppid: 468, tid: 9683, name: mqt_v_js  >>> host.exp.exponent <<<
07-14 19:25:07.596  9700  9700 F DEBUG   : uid: 10229
07-14 19:25:07.596  9700  9700 F DEBUG   : signal 11 (SIGSEGV), code 128 (SI_KERNEL), fault addr 0x0000000000000000 (read)
07-14 19:25:07.596  9700  9700 F DEBUG   : 
07-14 19:25:07.596  9700  9700 F DEBUG   :     rax 000077418e3efeb0  rbx 0000000004e7c149  rcx 0000000000000100  rdx 0000000004e7c149
07-14 19:25:07.596  9700  9700 F DEBUG   :     r8  000077445a4a7164  r9  0000000000000000  r10 0000000004e80000  r11 0000000000000246
07-14 19:25:07.596  9700  9700 F DEBUG   :     r12 0000000004e7c151  r13 fffffffffffffff0  r14 000077418e3efeb0  r15 802874c739491845
07-14 19:25:07.596  9700  9700 F DEBUG   :     rdi 000077418e3efeb0  rsi 802874c739491845
07-14 19:25:07.596  9700  9700 F DEBUG   :     rbp 000077419e724dd0  rsp 000077419e724cf0  rip 000077445a565ede  err 0000000000000000
07-14 19:25:07.596  9700  9700 F DEBUG   : 
07-14 19:25:07.596  9700  9700 F DEBUG   : 43 total frames
07-14 19:25:07.596  9700  9700 F DEBUG   : backtrace:
07-14 19:25:07.596  9700  9700 F DEBUG   :       #00 pc 00000000000ddede  /apex/com.android.runtime/lib64/bionic/libc.so (memmove_avx2+1390) (BuildId: 31d9c7e84272403b9dbdd97d6cb13ac7)
07-14 19:25:07.596  9700  9700 F DEBUG   :       #01 pc 00000000000f8fff  /data/app/~~nuZefSiuootQ7l4RIQMyVw==/host.exp.exponent--JX2F04iGGVLzkRxSTPK5A==/base.apk!libhermesvm.so (offset 0x9cd8000) (BuildId: f6a341460d1a9a9091803cc231b6022bc1d4a23a)
07-14 19:25:07.596  9700  9700 F DEBUG   :       #02 pc 00000000000f9767  /data/app/~~nuZefSiuootQ7l4RIQMyVw==/host.exp.exponent--JX2F04iGGVLzkRxSTPK5A==/base.apk!libhermesvm.so (offset 0x9cd8000) (BuildId: f6a341460d1a9a9091803cc231b6022bc1d4a23a)
07-14 19:25:07.596  9700  9700 F DEBUG   :       #03 pc 00000000000efc58  /data/app/~~nuZefSiuootQ7l4RIQMyVw==/host.exp.exponent--JX2F04iGGVLzkRxSTPK5A==/base.apk!libhermesvm.so (offset 0x9cd8000) (BuildId: f6a341460d1a9a9091803cc231b6022bc1d4a23a)
07-14 19:25:07.596  9700  9700 F DEBUG   :       #04 pc 0000000000091ced  /data/app/~~nuZefSiuootQ7l4RIQMyVw==/host.exp.exponent--JX2F04iGGVLzkRxSTPK5A==/base.apk!libworklets.so (offset 0xb7e8000) (BuildId: eacfc0111b9a31222d8842a19a3f33fb532d1e94)
07-14 19:25:07.596  9700  9700 F DEBUG   :       #05 pc 00000000000fc234  /data/app/~~nuZefSiuootQ7l4RIQMyVw==/host.exp.exponent--JX2F04iGGVLzkRxSTPK5A==/base.apk!libhermesvm.so (offset 0x9cd8000) (BuildId: f6a341460d1a9a9091803cc231b6022bc1d4a23a)
07-14 19:25:07.596  9700  9700 F DEBUG   :       #06 pc 00000000000fbf22  /data/app/~~nuZefSiuootQ7l4RIQMyVw==/host.exp.exponent--JX2F04iGGVLzkRxSTPK5A==/base.apk!libhermesvm.so (offset 0x9cd8000) (BuildId: f6a341460d1a9a9091803cc231b6022bc1d4a23a)
07-14 19:25:07.596  9700  9700 F DEBUG   :       #07 pc 00000000001f9c2f  /data/app/~~nuZefSiuootQ7l4RIQMyVw==/host.exp.exponent--JX2F04iGGVLzkRxSTPK5A==/base.apk!libhermesvm.so (offset 0x9cd8000) (BuildId: f6a341460d1a9a9091803cc231b6022bc1d4a23a)
07-14 19:25:07.596  9700  9700 F DEBUG   :       #08 pc 000000000020df66  /data/app/~~nuZefSiuootQ7l4RIQMyVw==/host.exp.exponent--JX2F04iGGVLzkRxSTPK5A==/base.apk!libhermesvm.so (offset 0x9cd8000) (BuildId: f6a341460d1a9a9091803cc231b6022bc1d4a23a)
07-14 19:25:07.596  9700  9700 F DEBUG   :       #09 pc 000000000020e85a  /data/app/~~nuZefSiuootQ7l4RIQMyVw==/host.exp.exponent--JX2F04iGGVLzkRxSTPK5A==/base.apk!libhermesvm.so (offset 0x9cd8000) (BuildId: f6a341460d1a9a9091803cc231b6022bc1d4a23a)
07-14 19:25:07.596  9700  9700 F DEBUG   :       #10 pc 000000000020e031  /data/app/~~nuZefSiuootQ7l4RIQMyVw==/host.exp.exponent--JX2F04iGGVLzkRxSTPK5A==/base.apk!libhermesvm.so (offset 0x9cd8000) (BuildId: f6a341460d1a9a9091803cc231b6022bc1d4a23a)
07-14 19:25:07.596  9700  9700 F DEBUG   :       #11 pc 000000000025020c  /data/app/~~nuZefSiuootQ7l4RIQMyVw==/host.exp.exponent--JX2F04iGGVLzkRxSTPK5A==/base.apk!libhermesvm.so (offset 0x9cd8000) (BuildId: f6a341460d1a9a9091803cc231b6022bc1d4a23a)
07-14 19:25:07.596  9700  9700 F DEBUG   :       #12 pc 00000000000ee534  /data/app/~~nuZefSiuootQ7l4RIQMyVw==/host.exp.exponent--JX2F04iGGVLzkRxSTPK5A==/base.apk!libhermesvm.so (offset 0x9cd8000) (BuildId: f6a341460d1a9a9091803cc231b6022bc1d4a23a)
07-14 19:25:07.596  9700  9700 F DEBUG   :       #13 pc 00000000000f750d  /data/app/~~nuZefSiuootQ7l4RIQMyVw==/host.exp.exponent--JX2F04iGGVLzkRxSTPK5A==/base.apk!libhermesvm.so (offset 0x9cd8000) (BuildId: f6a341460d1a9a9091803cc231b6022bc1d4a23a)
07-14 19:25:07.596  9700  9700 F DEBUG   :       #14 pc 00000000000ee320  /data/app/~~nuZefSiuootQ7l4RIQMyVw==/host.exp.exponent--JX2F04iGGVLzkRxSTPK5A==/base.apk!libhermesvm.so (offset 0x9cd8000) (BuildId: f6a341460d1a9a9091803cc231b6022bc1d4a23a)
07-14 19:25:07.596  9700  9700 F DEBUG   :       #15 pc 00000000002c0cd8  /data/app/~~nuZefSiuootQ7l4RIQMyVw==/host.exp.exponent--JX2F04iGGVLzkRxSTPK5A==/base.apk!libreactnative.so (offset 0xa3c4000) (BuildId: ee82067200b1fbe25b8135139dcb63a408b537a7)
07-14 19:25:07.596  9700  9700 F DEBUG   :       #16 pc 0000000000517b59  /data/app/~~nuZefSiuootQ7l4RIQMyVw==/host.exp.exponent--JX2F04iGGVLzkRxSTPK5A==/base.apk!libreactnative.so (offset 0xa3c4000) (facebook::react::Task::execute(facebook::jsi::Runtime&, bool)+313) (BuildId: ee82067200b1fbe25b8135139dcb63a408b537a7)
07-14 19:25:07.596  9700  9700 F DEBUG   :       #17 pc 0000000000515a88  /data/app/~~nuZefSiuootQ7l4RIQMyVw==/host.exp.exponent--JX2F04iGGVLzkRxSTPK5A==/base.apk!libreactnative.so (offset 0xa3c4000) (facebook::react::RuntimeScheduler_Modern::executeTask(facebook::jsi::Runtime&, facebook::react::Task&, bool) const+56) (BuildId: ee82067200b1fbe25b8135139dcb63a408b537a7)
07-14 19:25:07.596  9700  9700 F DEBUG   :       #18 pc 0000000000516361  /data/app/~~nuZefSiuootQ7l4RIQMyVw==/host.exp.exponent--JX2F04iGGVLzkRxSTPK5A==/base.apk!libreactnative.so (offset 0xa3c4000) (facebook::react::RuntimeScheduler_Modern::runEventLoopTick(facebook::jsi::Runtime&, facebook::react::Task&)+113) (BuildId: ee82067200b1fbe25b8135139dcb63a408b537a7)
07-14 19:25:07.596  9700  9700 F DEBUG   :       #19 pc 0000000000516087  /data/app/~~nuZefSiuootQ7l4RIQMyVw==/host.exp.exponent--JX2F04iGGVLzkRxSTPK5A==/base.apk!libreactnative.so (offset 0xa3c4000) (facebook::react::RuntimeScheduler_Modern::runEventLoop(facebook::jsi::Runtime&)+119) (BuildId: ee82067200b1fbe25b8135139dcb63a408b537a7)
07-14 19:25:07.596  9700  9700 F DEBUG   :       #20 pc 00000000002bec09  /data/app/~~nuZefSiuootQ7l4RIQMyVw==/host.exp.exponent--JX2F04iGGVLzkRxSTPK5A==/base.apk!libreactnative.so (offset 0xa3c4000) (BuildId: ee82067200b1fbe25b8135139dcb63a408b537a7)
07-14 19:25:07.596  9700  9700 F DEBUG   :       #21 pc 00000000005637ad  /data/app/~~nuZefSiuootQ7l4RIQMyVw==/host.exp.exponent--JX2F04iGGVLzkRxSTPK5A==/base.apk!libreactnative.so (offset 0xa3c4000) (BuildId: ee82067200b1fbe25b8135139dcb63a408b537a7)
07-14 19:25:07.596  9700  9700 F DEBUG   :       #22 pc 0000000000017202  /data/app/~~nuZefSiuootQ7l4RIQMyVw==/host.exp.exponent--JX2F04iGGVLzkRxSTPK5A==/base.apk!libfbjni.so (offset 0x9c30000) (facebook::jni::detail::MethodWrapper<void (facebook::jni::JNativeRunnable::*)(), &facebook::jni::JNativeRunnable::run(), facebook::jni::JNativeRunnable, void>::dispatch(facebook::jni::alias_ref<facebook::jni::detail::JTypeFor<facebook::jni::HybridClass<facebook::jni::JNativeRunnable, facebook::jni::JRunnable>::JavaPart, facebook::jni::JRunnable, void>::_javaobject*>)+66) (BuildId: 2f4b0da170c8a1af5bf245a5dba7c30a6974f2f2)
07-14 19:25:07.596  9700  9700 F DEBUG   :       #23 pc 0000000000017143  /data/app/~~nuZefSiuootQ7l4RIQMyVw==/host.exp.exponent--JX2F04iGGVLzkRxSTPK5A==/base.apk!libfbjni.so (offset 0x9c30000) (facebook::jni::detail::FunctionWrapper<void (*)(facebook::jni::alias_ref<facebook::jni::detail::JTypeFor<facebook::jni::HybridClass<facebook::jni::JNativeRunnable, facebook::jni::JRunnable>::JavaPart, facebook::jni::JRunnable, void>::_javaobject*>), facebook::jni::detail::JTypeFor<facebook::jni::HybridClass<facebook::jni::JNativeRunnable, facebook::jni::JRunnable>::JavaPart, facebook::jni::JRunnable, void>::_javaobject*, void>::call(_JNIEnv*, _jobject*, void (*)(facebook::jni::alias_ref<facebook::jni::detail::JTypeFor<facebook::jni::HybridClass<facebook::jni::JNativeRunnable, facebook::jni::JRunnable>::JavaPart, facebook::jni::JRunnable, void>::_javaobject*>))+51) (BuildId: 2f4b0da170c8a1af5bf245a5dba7c30a6974f2f2)
07-14 19:25:07.596  9700  9700 F DEBUG   :       #24 pc 00000000002e1073  /system/framework/x86_64/boot.oat (art_jni_trampoline+131) (BuildId: f7a07dd2121f1aa5c6852771368e6675a695579f)
07-14 19:25:07.596  9700  9700 F DEBUG   :       #25 pc 00000000004ac0ec  /system/framework/x86_64/boot-framework.oat (android.os.Handler.dispatchMessage+76) (BuildId: f52c31ec9e1a61b557ca34406b0da49d7254c003)
07-14 19:25:07.596  9700  9700 F DEBUG   :       #26 pc 00000000002098f1  /apex/com.android.art/lib64/libart.so (nterp_helper+3837) (BuildId: fab9191c29e4f256dce500f66003d5d2)
07-14 19:25:07.596  9700  9700 F DEBUG   :       #27 pc 0000000001096036  /data/app/~~nuZefSiuootQ7l4RIQMyVw==/host.exp.exponent--JX2F04iGGVLzkRxSTPK5A==/oat/x86_64/base.vdex (com.facebook.react.bridge.queue.MessageQueueThreadHandler.dispatchMessage+10)
07-14 19:25:07.596  9700  9700 F DEBUG   :       #28 pc 00000000005174c9  /system/framework/x86_64/boot-framework.oat (android.os.Looper.loopOnce+1257) (BuildId: f52c31ec9e1a61b557ca34406b0da49d7254c003)
07-14 19:25:07.596  9700  9700 F DEBUG   :       #29 pc 0000000000516f12  /system/framework/x86_64/boot-framework.oat (android.os.Looper.loop+306) (BuildId: f52c31ec9e1a61b557ca34406b0da49d7254c003)
07-14 19:25:07.596  9700  9700 F DEBUG   :       #30 pc 0000000000208a99  /apex/com.android.art/lib64/libart.so (nterp_helper+165) (BuildId: fab9191c29e4f256dce500f66003d5d2)
07-14 19:25:07.596  9700  9700 F DEBUG   :       #31 pc 00000000010962e4  /data/app/~~nuZefSiuootQ7l4RIQMyVw==/host.exp.exponent--JX2F04iGGVLzkRxSTPK5A==/oat/x86_64/base.vdex (com.facebook.react.bridge.queue.MessageQueueThreadImpl$Companion.startNewBackgroundThread$lambda$0+28)
07-14 19:25:07.596  9700  9700 F DEBUG   :       #32 pc 0000000000208a2c  /apex/com.android.art/lib64/libart.so (nterp_helper+56) (BuildId: fab9191c29e4f256dce500f66003d5d2)
07-14 19:25:07.596  9700  9700 F DEBUG   :       #33 pc 0000000001096280  /data/app/~~nuZefSiuootQ7l4RIQMyVw==/host.exp.exponent--JX2F04iGGVLzkRxSTPK5A==/oat/x86_64/base.vdex (com.facebook.react.bridge.queue.MessageQueueThreadImpl$Companion.a+0)
07-14 19:25:07.596  9700  9700 F DEBUG   :       #34 pc 0000000000208a2c  /apex/com.android.art/lib64/libart.so (nterp_helper+56) (BuildId: fab9191c29e4f256dce500f66003d5d2)
07-14 19:25:07.596  9700  9700 F DEBUG   :       #35 pc 00000000010960cc  /data/app/~~nuZefSiuootQ7l4RIQMyVw==/host.exp.exponent--JX2F04iGGVLzkRxSTPK5A==/oat/x86_64/base.vdex (com.facebook.react.bridge.queue.b.run+4)
07-14 19:25:07.596  9700  9700 F DEBUG   :       #36 pc 00000000000aa1a7  /system/framework/x86_64/boot.oat (java.lang.Thread.run+71) (BuildId: f7a07dd2121f1aa5c6852771368e6675a695579f)
07-14 19:25:07.596  9700  9700 F DEBUG   :       #37 pc 0000000000211d54  /apex/com.android.art/lib64/libart.so (art_quick_invoke_stub+756) (BuildId: fab9191c29e4f256dce500f66003d5d2)
07-14 19:25:07.596  9700  9700 F DEBUG   :       #38 pc 00000000005a21d1  /apex/com.android.art/lib64/libart.so (art::ArtMethod::Invoke(art::Thread*, unsigned int*, unsigned int, art::JValue*, char const*)+193) (BuildId: fab9191c29e4f256dce500f66003d5d2)
07-14 19:25:07.596  9700  9700 F DEBUG   :       #39 pc 0000000000a59a4e  /apex/com.android.art/lib64/libart.so (art::Thread::CreateCallback(void*)+1534) (BuildId: fab9191c29e4f256dce500f66003d5d2)
07-14 19:25:07.596  9700  9700 F DEBUG   :       #40 pc 0000000000a59448  /apex/com.android.art/lib64/libart.so (art::Thread::CreateCallbackWithUffdGc(void*)+8) (BuildId: fab9191c29e4f256dce500f66003d5d2)
07-14 19:25:07.596  9700  9700 F DEBUG   :       #41 pc 000000000009383f  /apex/com.android.runtime/lib64/bionic/libc.so (__pthread_start(void*) (.__uniq.67847048707805468364044055584648682506)+63) (BuildId: 31d9c7e84272403b9dbdd97d6cb13ac7)
07-14 19:25:07.596  9700  9700 F DEBUG   :       #42 pc 00000000000839dd  /apex/com.android.runtime/lib64/bionic/libc.so (__start_thread+45) (BuildId: 31d9c7e84272403b9dbdd97d6cb13ac7)
07-14 19:25:07.596  9700  9700 F DEBUG   : 
07-14 19:25:07.596  9700  9700 F DEBUG   : Note: To display stack pointer information, use the pbtombstone tool:
07-14 19:25:07.596  9700  9700 F DEBUG   :         pbtombstone --display-sp tombstone_XX.pb
07-14 19:25:07.606   379   379 E tombstoned: Tombstone written to: tombstone_09
07-14 19:25:07.643   709   877 E InputDispatcher: channel '174588b host.exp.exponent/host.exp.exponent.experience.ExperienceActivity' ~ Channel is unrecoverably broken and will be disposed!
07-14 19:25:07.693   709  1356 E WindowOrganizerController: Attempting to externally change a non-organized container: Task{55a573d #32 type=standard A=10229:host.exp.exponent}={handlePackageUpdate:false,} playercount=2 taskorg=android.window.ITaskOrganizer$Stub$Proxy@62bbcc3
07-14 19:25:07.775  1197  1197 E ScalingWorkspaceRevealAnim: Unexpected invisibility after animation end: workspace.isVisible=true, workspace.alpha=1.0, hotseat.isVisible=false, hotseat.alpha=1.0
07-14 19:25:07.775  1197  1197 E ScalingWorkspaceRevealAnim: java.lang.Exception
07-14 19:25:07.775  1197  1197 E ScalingWorkspaceRevealAnim: 	at com.android.quickstep.util.ScalingWorkspaceRevealAnim$4.run(go/retraceme a798b636504514d5f14cf6621c43761343057d4d4e3029f17e0063fb9c290362:123)
07-14 19:25:07.775  1197  1197 E ScalingWorkspaceRevealAnim: 	at com.android.launcher3.anim.AnimatorListeners$1.onAnimationEnd(go/retraceme a798b636504514d5f14cf6621c43761343057d4d4e3029f17e0063fb9c290362:2)
07-14 19:25:07.775  1197  1197 E ScalingWorkspaceRevealAnim: 	at android.animation.Animator$AnimatorListener.onAnimationEnd(Animator.java:773)
07-14 19:25:07.775  1197  1197 E ScalingWorkspaceRevealAnim: 	at android.animation.Animator$AnimatorCaller$$ExternalSyntheticLambda1.call(D8$$SyntheticClass:0)
07-14 19:25:07.775  1197  1197 E ScalingWorkspaceRevealAnim: 	at android.animation.Animator.callOnList(Animator.java:731)
07-14 19:25:07.775  1197  1197 E ScalingWorkspaceRevealAnim: 	at android.animation.Animator.notifyListeners(Animator.java:629)
07-14 19:25:07.775  1197  1197 E ScalingWorkspaceRevealAnim: 	at android.animation.Animator.notifyEndListeners(Animator.java:654)
07-14 19:25:07.775  1197  1197 E ScalingWorkspaceRevealAnim: 	at android.animation.Animator.completeEndAnimation(Animator.java:697)
07-14 19:25:07.775  1197  1197 E ScalingWorkspaceRevealAnim: 	at android.animation.AnimatorSet.completeEndAnimation(AnimatorSet.java:1474)
07-14 19:25:07.775  1197  1197 E ScalingWorkspaceRevealAnim: 	at android.animation.Animator.notifyEndListenersFromEndAnimation(Animator.java:686)
07-14 19:25:07.775  1197  1197 E ScalingWorkspaceRevealAnim: 	at android.animation.AnimatorSet.endAnimation(AnimatorSet.java:1464)
07-14 19:25:07.775  1197  1197 E ScalingWorkspaceRevealAnim: 	at android.animation.AnimatorSet.endAnimation(AnimatorSet.java:1447)
07-14 19:25:07.775  1197  1197 E ScalingWorkspaceRevealAnim: 	at android.animation.AnimatorSet.endAnimationAndNotifyEndListenersImmediately(AnimatorSet.java:437)
07-14 19:25:07.775  1197  1197 E ScalingWorkspaceRevealAnim: 	at android.animation.AnimatorSet.cancel(AnimatorSet.java:425)
07-14 19:25:07.775  1197  1197 E ScalingWorkspaceRevealAnim: 	at com.android.quickstep.util.ScalingWorkspaceRevealAnim.cancelAnimations(go/retraceme a798b636504514d5f14cf6621c43761343057d4d4e3029f17e0063fb9c290362:21)
07-14 19:25:07.775  1197  1197 E ScalingWorkspaceRevealAnim: 	at com.android.launcher3.QuickstepTransitionManager.createWallpaperOpenAnimations(go/retraceme a798b636504514d5f14cf6621c43761343057d4d4e3029f17e0063fb9c290362:164)
07-14 19:25:07.775  1197  1197 E ScalingWorkspaceRevealAnim: 	at com.android.launcher3.QuickstepTransitionManager$WallpaperOpenLauncherAnimationRunner.onAnimationStart(go/retraceme a798b636504514d5f14cf6621c43761343057d4d4e3029f17e0063fb9c290362:135)
07-14 19:25:07.775  1197  1197 E ScalingWorkspaceRevealAnim: 	at com.android.launcher3.LauncherAnimationRunner$$ExternalSyntheticLambda2.run(go/retraceme a798b636504514d5f14cf6621c43761343057d4d4e3029f17e0063fb9c290362:71)
07-14 19:25:07.775  1197  1197 E ScalingWorkspaceRevealAnim: 	at android.os.Handler.handleCallback(Handler.java:1082)
07-14 19:25:07.775  1197  1197 E ScalingWorkspaceRevealAnim: 	at android.os.Handler.dispatchMessageImpl(Handler.java:135)
07-14 19:25:07.775  1197  1197 E ScalingWorkspaceRevealAnim: 	at android.os.Handler.dispatchMessage(Handler.java:126)
07-14 19:25:07.775  1197  1197 E ScalingWorkspaceRevealAnim: 	at android.os.Looper.loopOnce(Looper.java:295)
07-14 19:25:07.775  1197  1197 E ScalingWorkspaceRevealAnim: 	at android.os.Looper.loop(Looper.java:398)
07-14 19:25:07.775  1197  1197 E ScalingWorkspaceRevealAnim: 	at android.app.ActivityThread.main(ActivityThread.java:9572)
07-14 19:25:07.775  1197  1197 E ScalingWorkspaceRevealAnim: 	at java.lang.reflect.Method.invoke(Native Method)
07-14 19:25:07.775  1197  1197 E ScalingWorkspaceRevealAnim: 	at com.android.internal.os.RuntimeInit$MethodAndArgsCaller.run(RuntimeInit.java:575)
07-14 19:25:07.775  1197  1197 E ScalingWorkspaceRevealAnim: 	at com.android.internal.os.ZygoteInit.main(ZygoteInit.java:842)
07-14 19:25:08.237   709   924 E WifiDataStall: Ignore this poll. newStats: null txLinkSpeedMbps: 1 rxLinkSpeedMbps: 2 rssi: -50 connectionCapabilities: com.android.server.wifi.WifiNative$ConnectionCapabilities@cdfb21e
07-14 19:25:08.802   709  2107 E libbinder.IPCThreadState: Binder transaction failure. id: 823303, cmd: BR_DEAD_REPLY (29189), error: -22 (Invalid argument)
07-14 19:25:08.819   709   831 E WindowOrganizerController: Attempting to externally change a non-organized container: Task{7cd28ab #33 type=standard A=10229:host.exp.exponent}={handlePackageUpdate:false,} playercount=2 taskorg=android.window.ITaskOrganizer$Stub$Proxy@62bbcc3
07-14 19:25:08.846   529   529 E BpTransactionCompletedListener: Failed to transact (-32)
07-14 19:25:11.178   709  1729 E TaskPersister: File error accessing recents directory (directory doesn't exist?).
07-14 19:25:11.243   709   924 E WifiDataStall: Ignore this poll. newStats: null txLinkSpeedMbps: 2 rxLinkSpeedMbps: 2 rssi: -50 connectionCapabilities: com.android.server.wifi.WifiNative$ConnectionCapabilities@cdfb21e
07-14 19:25:14.250   709   924 E WifiDataStall: Ignore this poll. newStats: null txLinkSpeedMbps: 1 rxLinkSpeedMbps: 2 rssi: -50 connectionCapabilities: com.android.server.wifi.WifiNative$ConnectionCapabilities@cdfb21e
07-14 19:25:14.480  1185  1372 E SatelliteController: isSatelliteEnabled: mIsSatelliteEnabled=null
07-14 19:25:17.256   709   924 E WifiDataStall: Ignore this poll. newStats: null txLinkSpeedMbps: 1 rxLinkSpeedMbps: 2 rssi: -50 connectionCapabilities: com.android.server.wifi.WifiNative$ConnectionCapabilities@cdfb21e
07-14 19:25:20.263   709   924 E WifiDataStall: Ignore this poll. newStats: null txLinkSpeedMbps: 2 rxLinkSpeedMbps: 2 rssi: -50 connectionCapabilities: com.android.server.wifi.WifiNative$ConnectionCapabilities@cdfb21e
07-14 19:25:20.993  5247  5364 E TraceManagerImpl: Trace Application creation timed out after 4838097 ms. Complete trace: # atxk@7e6f8524
07-14 19:25:20.993  5247  5364 E TraceManagerImpl: atxp: 
07-14 19:25:20.993  5247  5364 E TraceManagerImpl: 	at tk_trace.fut tasks(Started After:2)
07-14 19:25:20.993  5247  5364 E TraceManagerImpl: 	at tk_trace.Prewarm Guide cache in intent critical(Started After:1)
07-14 19:25:20.993  5247  5364 E TraceManagerImpl: 	at tk_trace.YAB.init(Started After:0)
07-14 19:25:20.993  5247  5364 E TraceManagerImpl: 	at tk_trace.Application creation(Started After:0)
07-14 19:25:20.993  5247  5364 E TraceManagerImpl: 	Suppressed: atxo: 
07-14 19:25:20.993  5247  5364 E TraceManagerImpl: 		at tk_trace.BG(unfinished)(Unknown Source:0)
07-14 19:25:20.993  5247  5364 E TraceManagerImpl: 		at tk_trace.initLoggingHeartbeat 192 ms(Unknown Source:0)
07-14 19:25:20.993  5247  5364 E TraceManagerImpl: 		at tk_trace.YAB.initInternal 183 ms(Unknown Source:0)
07-14 19:25:20.993  5247  5364 E TraceManagerImpl: 		at tk_trace.YAB.init 227 ms(Unknown Source:0)
07-14 19:25:20.993  5247  5364 E TraceManagerImpl: 		at tk_trace.Application creation 0 ms(Unknown Source:0)
07-14 19:25:23.269   709   924 E WifiDataStall: Ignore this poll. newStats: null txLinkSpeedMbps: 2 rxLinkSpeedMbps: 2 rssi: -50 connectionCapabilities: com.android.server.wifi.WifiNative$ConnectionCapabilities@cdfb21e
07-14 19:25:24.480  1185  1372 E SatelliteController: isSatelliteEnabled: mIsSatelliteEnabled=null
07-14 19:25:26.275   709   924 E WifiDataStall: Ignore this poll. newStats: null txLinkSpeedMbps: 1 rxLinkSpeedMbps: 2 rssi: -50 connectionCapabilities: com.android.server.wifi.WifiNative$ConnectionCapabilities@cdfb21e
07-14 19:25:29.279   709   924 E WifiDataStall: Ignore this poll. newStats: null txLinkSpeedMbps: 1 rxLinkSpeedMbps: 2 rssi: -50 connectionCapabilities: com.android.server.wifi.WifiNative$ConnectionCapabilities@cdfb21e
07-14 19:25:32.286   709   924 E WifiDataStall: Ignore this poll. newStats: null txLinkSpeedMbps: 2 rxLinkSpeedMbps: 2 rssi: -50 connectionCapabilities: com.android.server.wifi.WifiNative$ConnectionCapabilities@cdfb21e
07-14 19:25:34.481  1185  1372 E SatelliteController: isSatelliteEnabled: mIsSatelliteEnabled=null
07-14 19:25:35.295   709   924 E WifiDataStall: Ignore this poll. newStats: null txLinkSpeedMbps: 2 rxLinkSpeedMbps: 2 rssi: -50 connectionCapabilities: com.android.server.wifi.WifiNative$ConnectionCapabilities@cdfb21e
07-14 19:25:38.299   709   924 E WifiDataStall: Ignore this poll. newStats: null txLinkSpeedMbps: 2 rxLinkSpeedMbps: 2 rssi: -50 connectionCapabilities: com.android.server.wifi.WifiNative$ConnectionCapabilities@cdfb21e
07-14 19:25:41.306   709   924 E WifiDataStall: Ignore this poll. newStats: null txLinkSpeedMbps: 2 rxLinkSpeedMbps: 2 rssi: -50 connectionCapabilities: com.android.server.wifi.WifiNative$ConnectionCapabilities@cdfb21e
07-14 19:25:44.311   709   924 E WifiDataStall: Ignore this poll. newStats: null txLinkSpeedMbps: 2 rxLinkSpeedMbps: 2 rssi: -50 connectionCapabilities: com.android.server.wifi.WifiNative$ConnectionCapabilities@cdfb21e
07-14 19:25:44.481  1185  1372 E SatelliteController: isSatelliteEnabled: mIsSatelliteEnabled=null
07-14 19:25:47.316   709   924 E WifiDataStall: Ignore this poll. newStats: null txLinkSpeedMbps: 1 rxLinkSpeedMbps: 2 rssi: -50 connectionCapabilities: com.android.server.wifi.WifiNative$ConnectionCapabilities@cdfb21e
07-14 19:25:50.322   709   924 E WifiDataStall: Ignore this poll. newStats: null txLinkSpeedMbps: 1 rxLinkSpeedMbps: 2 rssi: -50 connectionCapabilities: com.android.server.wifi.WifiNative$ConnectionCapabilities@cdfb21e
07-14 19:25:52.739   709   931 E Nl80211Native: getChannelsMhzForBand: Wiphy index not recorded for band 8
07-14 19:25:52.739   709   931 E Nl80211Native: getChannelsMhzForBand: Wiphy index not recorded for band 16
07-14 19:25:53.325   709   924 E WifiDataStall: Ignore this poll. newStats: null txLinkSpeedMbps: 5 rxLinkSpeedMbps: 2 rssi: -50 connectionCapabilities: com.android.server.wifi.WifiNative$ConnectionCapabilities@cdfb21e
07-14 19:25:54.481  1185  1372 E SatelliteController: isSatelliteEnabled: mIsSatelliteEnabled=null
07-14 19:25:56.331   709   924 E WifiDataStall: Ignore this poll. newStats: null txLinkSpeedMbps: 5 rxLinkSpeedMbps: 2 rssi: -50 connectionCapabilities: com.android.server.wifi.WifiNative$ConnectionCapabilities@cdfb21e
07-14 19:25:59.337   709   924 E WifiDataStall: Ignore this poll. newStats: null txLinkSpeedMbps: 2 rxLinkSpeedMbps: 2 rssi: -50 connectionCapabilities: com.android.server.wifi.WifiNative$ConnectionCapabilities@cdfb21e
07-14 19:26:02.342   709   924 E WifiDataStall: Ignore this poll. newStats: null txLinkSpeedMbps: 2 rxLinkSpeedMbps: 2 rssi: -50 connectionCapabilities: com.android.server.wifi.WifiNative$ConnectionCapabilities@cdfb21e
07-14 19:26:04.480  1185  1372 E SatelliteController: isSatelliteEnabled: mIsSatelliteEnabled=null
07-14 19:26:05.347   709   924 E WifiDataStall: Ignore this poll. newStats: null txLinkSpeedMbps: 2 rxLinkSpeedMbps: 2 rssi: -50 connectionCapabilities: com.android.server.wifi.WifiNative$ConnectionCapabilities@cdfb21e
07-14 19:26:08.355   709   924 E WifiDataStall: Ignore this poll. newStats: null txLinkSpeedMbps: 2 rxLinkSpeedMbps: 2 rssi: -50 connectionCapabilities: com.android.server.wifi.WifiNative$ConnectionCapabilities@cdfb21e
07-14 19:26:11.362   709   924 E WifiDataStall: Ignore this poll. newStats: null txLinkSpeedMbps: 1 rxLinkSpeedMbps: 2 rssi: -50 connectionCapabilities: com.android.server.wifi.WifiNative$ConnectionCapabilities@cdfb21e
07-14 19:26:14.369   709   924 E WifiDataStall: Ignore this poll. newStats: null txLinkSpeedMbps: 1 rxLinkSpeedMbps: 2 rssi: -50 connectionCapabilities: com.android.server.wifi.WifiNative$ConnectionCapabilities@cdfb21e
07-14 19:26:14.481  1185  1372 E SatelliteController: isSatelliteEnabled: mIsSatelliteEnabled=null
07-14 19:26:17.373   709   924 E WifiDataStall: Ignore this poll. newStats: null txLinkSpeedMbps: 1 rxLinkSpeedMbps: 2 rssi: -50 connectionCapabilities: com.android.server.wifi.WifiNative$ConnectionCapabilities@cdfb21e
07-14 19:26:20.379   709   924 E WifiDataStall: Ignore this poll. newStats: null txLinkSpeedMbps: 1 rxLinkSpeedMbps: 2 rssi: -50 connectionCapabilities: com.android.server.wifi.WifiNative$ConnectionCapabilities@cdfb21e
07-14 19:26:23.384   709   924 E WifiDataStall: Ignore this poll. newStats: null txLinkSpeedMbps: 1 rxLinkSpeedMbps: 2 rssi: -50 connectionCapabilities: com.android.server.wifi.WifiNative$ConnectionCapabilities@cdfb21e
07-14 19:26:24.481  1185  1372 E SatelliteController: isSatelliteEnabled: mIsSatelliteEnabled=null
07-14 19:26:26.388   709   924 E WifiDataStall: Ignore this poll. newStats: null txLinkSpeedMbps: 11 rxLinkSpeedMbps: 2 rssi: -50 connectionCapabilities: com.android.server.wifi.WifiNative$ConnectionCapabilities@cdfb21e
07-14 19:26:29.393   709   924 E WifiDataStall: Ignore this poll. newStats: null txLinkSpeedMbps: 11 rxLinkSpeedMbps: 2 rssi: -50 connectionCapabilities: com.android.server.wifi.WifiNative$ConnectionCapabilities@cdfb21e
07-14 19:26:32.398   709   924 E WifiDataStall: Ignore this poll. newStats: null txLinkSpeedMbps: 11 rxLinkSpeedMbps: 2 rssi: -50 connectionCapabilities: com.android.server.wifi.WifiNative$ConnectionCapabilities@cdfb21e
07-14 19:26:34.481  1185  1372 E SatelliteController: isSatelliteEnabled: mIsSatelliteEnabled=null
07-14 19:26:35.404   709   924 E WifiDataStall: Ignore this poll. newStats: null txLinkSpeedMbps: 1 rxLinkSpeedMbps: 2 rssi: -50 connectionCapabilities: com.android.server.wifi.WifiNative$ConnectionCapabilities@cdfb21e
07-14 19:26:38.409   709   924 E WifiDataStall: Ignore this poll. newStats: null txLinkSpeedMbps: 1 rxLinkSpeedMbps: 2 rssi: -50 connectionCapabilities: com.android.server.wifi.WifiNative$ConnectionCapabilities@cdfb21e
07-14 19:26:41.413   709   924 E WifiDataStall: Ignore this poll. newStats: null txLinkSpeedMbps: 2 rxLinkSpeedMbps: 2 rssi: -50 connectionCapabilities: com.android.server.wifi.WifiNative$ConnectionCapabilities@cdfb21e
07-14 19:26:44.418   709   924 E WifiDataStall: Ignore this poll. newStats: null txLinkSpeedMbps: 2 rxLinkSpeedMbps: 2 rssi: -50 connectionCapabilities: com.android.server.wifi.WifiNative$ConnectionCapabilities@cdfb21e
07-14 19:26:44.482  1185  1372 E SatelliteController: isSatelliteEnabled: mIsSatelliteEnabled=null
07-14 19:26:47.425   709   924 E WifiDataStall: Ignore this poll. newStats: null txLinkSpeedMbps: 2 rxLinkSpeedMbps: 2 rssi: -50 connectionCapabilities: com.android.server.wifi.WifiNative$ConnectionCapabilities@cdfb21e
07-14 19:26:50.430   709   924 E WifiDataStall: Ignore this poll. newStats: null txLinkSpeedMbps: 1 rxLinkSpeedMbps: 2 rssi: -50 connectionCapabilities: com.android.server.wifi.WifiNative$ConnectionCapabilities@cdfb21e
07-14 19:26:53.434   709   924 E WifiDataStall: Ignore this poll. newStats: null txLinkSpeedMbps: 1 rxLinkSpeedMbps: 2 rssi: -50 connectionCapabilities: com.android.server.wifi.WifiNative$ConnectionCapabilities@cdfb21e
07-14 19:26:54.482  1185  1372 E SatelliteController: isSatelliteEnabled: mIsSatelliteEnabled=null
07-14 19:26:56.441   709   924 E WifiDataStall: Ignore this poll. newStats: null txLinkSpeedMbps: 1 rxLinkSpeedMbps: 2 rssi: -50 connectionCapabilities: com.android.server.wifi.WifiNative$ConnectionCapabilities@cdfb21e
07-14 19:26:59.448   709   924 E WifiDataStall: Ignore this poll. newStats: null txLinkSpeedMbps: 1 rxLinkSpeedMbps: 2 rssi: -50 connectionCapabilities: com.android.server.wifi.WifiNative$ConnectionCapabilities@cdfb21e
07-14 19:27:02.454   709   924 E WifiDataStall: Ignore this poll. newStats: null txLinkSpeedMbps: 1 rxLinkSpeedMbps: 2 rssi: -50 connectionCapabilities: com.android.server.wifi.WifiNative$ConnectionCapabilities@cdfb21e
07-14 19:27:04.482  1185  1372 E SatelliteController: isSatelliteEnabled: mIsSatelliteEnabled=null
07-14 19:27:05.459   709   924 E WifiDataStall: Ignore this poll. newStats: null txLinkSpeedMbps: 1 rxLinkSpeedMbps: 2 rssi: -50 connectionCapabilities: com.android.server.wifi.WifiNative$ConnectionCapabilities@cdfb21e
07-14 19:27:08.464   709   924 E WifiDataStall: Ignore this poll. newStats: null txLinkSpeedMbps: 1 rxLinkSpeedMbps: 2 rssi: -50 connectionCapabilities: com.android.server.wifi.WifiNative$ConnectionCapabilities@cdfb21e
07-14 19:27:11.470   709   924 E WifiDataStall: Ignore this poll. newStats: null txLinkSpeedMbps: 1 rxLinkSpeedMbps: 2 rssi: -50 connectionCapabilities: com.android.server.wifi.WifiNative$ConnectionCapabilities@cdfb21e
07-14 19:27:14.476   709   924 E WifiDataStall: Ignore this poll. newStats: null txLinkSpeedMbps: 5 rxLinkSpeedMbps: 2 rssi: -50 connectionCapabilities: com.android.server.wifi.WifiNative$ConnectionCapabilities@cdfb21e
07-14 19:27:14.482  1185  1372 E SatelliteController: isSatelliteEnabled: mIsSatelliteEnabled=null
07-14 19:27:17.481   709   924 E WifiDataStall: Ignore this poll. newStats: null txLinkSpeedMbps: 5 rxLinkSpeedMbps: 2 rssi: -50 connectionCapabilities: com.android.server.wifi.WifiNative$ConnectionCapabilities@cdfb21e
07-14 19:27:20.488   709   924 E WifiDataStall: Ignore this poll. newStats: null txLinkSpeedMbps: 5 rxLinkSpeedMbps: 2 rssi: -50 connectionCapabilities: com.android.server.wifi.WifiNative$ConnectionCapabilities@cdfb21e
07-14 19:27:23.494   709   924 E WifiDataStall: Ignore this poll. newStats: null txLinkSpeedMbps: 1 rxLinkSpeedMbps: 2 rssi: -50 connectionCapabilities: com.android.server.wifi.WifiNative$ConnectionCapabilities@cdfb21e
07-14 19:27:24.483  1185  1372 E SatelliteController: isSatelliteEnabled: mIsSatelliteEnabled=null
07-14 19:27:26.500   709   924 E WifiDataStall: Ignore this poll. newStats: null txLinkSpeedMbps: 1 rxLinkSpeedMbps: 2 rssi: -50 connectionCapabilities: com.android.server.wifi.WifiNative$ConnectionCapabilities@cdfb21e
07-14 19:27:29.504   709   924 E WifiDataStall: Ignore this poll. newStats: null txLinkSpeedMbps: 11 rxLinkSpeedMbps: 2 rssi: -50 connectionCapabilities: com.android.server.wifi.WifiNative$ConnectionCapabilities@cdfb21e
07-14 19:27:32.511   709   924 E WifiDataStall: Ignore this poll. newStats: null txLinkSpeedMbps: 11 rxLinkSpeedMbps: 2 rssi: -50 connectionCapabilities: com.android.server.wifi.WifiNative$ConnectionCapabilities@cdfb21e
07-14 19:27:34.483  1185  1372 E SatelliteController: isSatelliteEnabled: mIsSatelliteEnabled=null
07-14 19:27:35.517   709   924 E WifiDataStall: Ignore this poll. newStats: null txLinkSpeedMbps: 11 rxLinkSpeedMbps: 2 rssi: -50 connectionCapabilities: com.android.server.wifi.WifiNative$ConnectionCapabilities@cdfb21e
07-14 19:27:38.521   709   924 E WifiDataStall: Ignore this poll. newStats: null txLinkSpeedMbps: 1 rxLinkSpeedMbps: 2 rssi: -50 connectionCapabilities: com.android.server.wifi.WifiNative$ConnectionCapabilities@cdfb21e
07-14 19:27:41.527   709   924 E WifiDataStall: Ignore this poll. newStats: null txLinkSpeedMbps: 1 rxLinkSpeedMbps: 2 rssi: -50 connectionCapabilities: com.android.server.wifi.WifiNative$ConnectionCapabilities@cdfb21e
07-14 19:27:44.483  1185  1372 E SatelliteController: isSatelliteEnabled: mIsSatelliteEnabled=null
07-14 19:27:44.534   709   924 E WifiDataStall: Ignore this poll. newStats: null txLinkSpeedMbps: 1 rxLinkSpeedMbps: 2 rssi: -50 connectionCapabilities: com.android.server.wifi.WifiNative$ConnectionCapabilities@cdfb21e
07-14 19:27:47.539   709   924 E WifiDataStall: Ignore this poll. newStats: null txLinkSpeedMbps: 1 rxLinkSpeedMbps: 2 rssi: -50 connectionCapabilities: com.android.server.wifi.WifiNative$ConnectionCapabilities@cdfb21e
07-14 19:27:50.545   709   924 E WifiDataStall: Ignore this poll. newStats: null txLinkSpeedMbps: 5 rxLinkSpeedMbps: 2 rssi: -50 connectionCapabilities: com.android.server.wifi.WifiNative$ConnectionCapabilities@cdfb21e
07-14 19:27:53.549   709   924 E WifiDataStall: Ignore this poll. newStats: null txLinkSpeedMbps: 2 rxLinkSpeedMbps: 2 rssi: -50 connectionCapabilities: com.android.server.wifi.WifiNative$ConnectionCapabilities@cdfb21e
07-14 19:27:54.483  1185  1372 E SatelliteController: isSatelliteEnabled: mIsSatelliteEnabled=null
07-14 19:27:56.552   709   924 E WifiDataStall: Ignore this poll. newStats: null txLinkSpeedMbps: 2 rxLinkSpeedMbps: 2 rssi: -50 connectionCapabilities: com.android.server.wifi.WifiNative$ConnectionCapabilities@cdfb21e
07-14 19:27:59.558   709   924 E WifiDataStall: Ignore this poll. newStats: null txLinkSpeedMbps: 2 rxLinkSpeedMbps: 2 rssi: -50 connectionCapabilities: com.android.server.wifi.WifiNative$ConnectionCapabilities@cdfb21e
07-14 19:28:02.563   709   924 E WifiDataStall: Ignore this poll. newStats: null txLinkSpeedMbps: 1 rxLinkSpeedMbps: 2 rssi: -50 connectionCapabilities: com.android.server.wifi.WifiNative$ConnectionCapabilities@cdfb21e
07-14 19:28:04.484  1185  1372 E SatelliteController: isSatelliteEnabled: mIsSatelliteEnabled=null
07-14 19:28:05.568   709   924 E WifiDataStall: Ignore this poll. newStats: null txLinkSpeedMbps: 1 rxLinkSpeedMbps: 2 rssi: -50 connectionCapabilities: com.android.server.wifi.WifiNative$ConnectionCapabilities@cdfb21e
07-14 19:28:08.570   709   924 E WifiDataStall: Ignore this poll. newStats: null txLinkSpeedMbps: 1 rxLinkSpeedMbps: 2 rssi: -50 connectionCapabilities: com.android.server.wifi.WifiNative$ConnectionCapabilities@cdfb21e
07-14 19:28:11.575   709   924 E WifiDataStall: Ignore this poll. newStats: null txLinkSpeedMbps: 1 rxLinkSpeedMbps: 2 rssi: -50 connectionCapabilities: com.android.server.wifi.WifiNative$ConnectionCapabilities@cdfb21e
07-14 19:28:14.485  1185  1372 E SatelliteController: isSatelliteEnabled: mIsSatelliteEnabled=null
07-14 19:28:14.581   709   924 E WifiDataStall: Ignore this poll. newStats: null txLinkSpeedMbps: 1 rxLinkSpeedMbps: 2 rssi: -50 connectionCapabilities: com.android.server.wifi.WifiNative$ConnectionCapabilities@cdfb21e
07-14 19:28:17.585   709   924 E WifiDataStall: Ignore this poll. newStats: null txLinkSpeedMbps: 1 rxLinkSpeedMbps: 2 rssi: -50 connectionCapabilities: com.android.server.wifi.WifiNative$ConnectionCapabilities@cdfb21e
07-14 19:28:20.592   709   924 E WifiDataStall: Ignore this poll. newStats: null txLinkSpeedMbps: 1 rxLinkSpeedMbps: 2 rssi: -50 connectionCapabilities: com.android.server.wifi.WifiNative$ConnectionCapabilities@cdfb21e
07-14 19:28:23.598   709   924 E WifiDataStall: Ignore this poll. newStats: null txLinkSpeedMbps: 1 rxLinkSpeedMbps: 2 rssi: -50 connectionCapabilities: com.android.server.wifi.WifiNative$ConnectionCapabilities@cdfb21e
07-14 19:28:24.485  1185  1372 E SatelliteController: isSatelliteEnabled: mIsSatelliteEnabled=null
07-14 19:28:26.602   709   924 E WifiDataStall: Ignore this poll. newStats: null txLinkSpeedMbps: 1 rxLinkSpeedMbps: 2 rssi: -50 connectionCapabilities: com.android.server.wifi.WifiNative$ConnectionCapabilities@cdfb21e
07-14 19:28:29.608   709   924 E WifiDataStall: Ignore this poll. newStats: null txLinkSpeedMbps: 1 rxLinkSpeedMbps: 2 rssi: -50 connectionCapabilities: com.android.server.wifi.WifiNative$ConnectionCapabilities@cdfb21e
07-14 19:28:32.612   709   924 E WifiDataStall: Ignore this poll. newStats: null txLinkSpeedMbps: 11 rxLinkSpeedMbps: 2 rssi: -50 connectionCapabilities: com.android.server.wifi.WifiNative$ConnectionCapabilities@cdfb21e
07-14 19:28:32.742   709   931 E Nl80211Native: getChannelsMhzForBand: Wiphy index not recorded for band 8
07-14 19:28:32.742   709   931 E Nl80211Native: getChannelsMhzForBand: Wiphy index not recorded for band 16
07-14 19:28:34.485  1185  1372 E SatelliteController: isSatelliteEnabled: mIsSatelliteEnabled=null
07-14 19:28:35.618   709   924 E WifiDataStall: Ignore this poll. newStats: null txLinkSpeedMbps: 1 rxLinkSpeedMbps: 2 rssi: -50 connectionCapabilities: com.android.server.wifi.WifiNative$ConnectionCapabilities@cdfb21e
07-14 19:28:38.244   709   865 E system_server: Failed to open /proc/9249/fdinfo directory: No such file or directory
07-14 19:28:38.244   709   865 E system_server: Failed to read dmabuf fd references
07-14 19:28:38.625   709   924 E WifiDataStall: Ignore this poll. newStats: null txLinkSpeedMbps: 1 rxLinkSpeedMbps: 2 rssi: -50 connectionCapabilities: com.android.server.wifi.WifiNative$ConnectionCapabilities@cdfb21e
07-14 19:28:41.629   709   924 E WifiDataStall: Ignore this poll. newStats: null txLinkSpeedMbps: 1 rxLinkSpeedMbps: 2 rssi: -50 connectionCapabilities: com.android.server.wifi.WifiNative$ConnectionCapabilities@cdfb21e
07-14 19:28:44.485  1185  1372 E SatelliteController: isSatelliteEnabled: mIsSatelliteEnabled=null
07-14 19:28:44.635   709   924 E WifiDataStall: Ignore this poll. newStats: null txLinkSpeedMbps: 1 rxLinkSpeedMbps: 2 rssi: -50 connectionCapabilities: com.android.server.wifi.WifiNative$ConnectionCapabilities@cdfb21e
