07-14 19:52:47.174   709   924 E WifiDataStall: Ignore this poll. newStats: null txLinkSpeedMbps: 1 rxLinkSpeedMbps: 2 rssi: -50 connectionCapabilities: com.android.server.wifi.WifiNative$ConnectionCapabilities@cdfb21e
07-14 19:52:50.178   709   924 E WifiDataStall: Ignore this poll. newStats: null txLinkSpeedMbps: 5 rxLinkSpeedMbps: 2 rssi: -50 connectionCapabilities: com.android.server.wifi.WifiNative$ConnectionCapabilities@cdfb21e
07-14 19:52:53.185   709   924 E WifiDataStall: Ignore this poll. newStats: null txLinkSpeedMbps: 5 rxLinkSpeedMbps: 2 rssi: -50 connectionCapabilities: com.android.server.wifi.WifiNative$ConnectionCapabilities@cdfb21e
07-14 19:52:54.521  1185  1372 E SatelliteController: isSatelliteEnabled: mIsSatelliteEnabled=null
07-14 19:52:56.191   709   924 E WifiDataStall: Ignore this poll. newStats: null txLinkSpeedMbps: 5 rxLinkSpeedMbps: 2 rssi: -50 connectionCapabilities: com.android.server.wifi.WifiNative$ConnectionCapabilities@cdfb21e
07-14 19:52:59.195   709   924 E WifiDataStall: Ignore this poll. newStats: null txLinkSpeedMbps: 1 rxLinkSpeedMbps: 2 rssi: -50 connectionCapabilities: com.android.server.wifi.WifiNative$ConnectionCapabilities@cdfb21e
07-14 19:53:02.201   709   924 E WifiDataStall: Ignore this poll. newStats: null txLinkSpeedMbps: 1 rxLinkSpeedMbps: 2 rssi: -50 connectionCapabilities: com.android.server.wifi.WifiNative$ConnectionCapabilities@cdfb21e
07-14 19:53:04.521  1185  1372 E SatelliteController: isSatelliteEnabled: mIsSatelliteEnabled=null
07-14 19:53:05.206   709   924 E WifiDataStall: Ignore this poll. newStats: null txLinkSpeedMbps: 1 rxLinkSpeedMbps: 2 rssi: -50 connectionCapabilities: com.android.server.wifi.WifiNative$ConnectionCapabilities@cdfb21e
07-14 19:53:08.213   709   924 E WifiDataStall: Ignore this poll. newStats: null txLinkSpeedMbps: 1 rxLinkSpeedMbps: 2 rssi: -50 connectionCapabilities: com.android.server.wifi.WifiNative$ConnectionCapabilities@cdfb21e
07-14 19:53:11.218   709   924 E WifiDataStall: Ignore this poll. newStats: null txLinkSpeedMbps: 1 rxLinkSpeedMbps: 2 rssi: -50 connectionCapabilities: com.android.server.wifi.WifiNative$ConnectionCapabilities@cdfb21e
07-14 19:53:14.223   709   924 E WifiDataStall: Ignore this poll. newStats: null txLinkSpeedMbps: 1 rxLinkSpeedMbps: 2 rssi: -50 connectionCapabilities: com.android.server.wifi.WifiNative$ConnectionCapabilities@cdfb21e
07-14 19:53:14.521  1185  1372 E SatelliteController: isSatelliteEnabled: mIsSatelliteEnabled=null
07-14 19:53:17.230   709   924 E WifiDataStall: Ignore this poll. newStats: null txLinkSpeedMbps: 1 rxLinkSpeedMbps: 2 rssi: -50 connectionCapabilities: com.android.server.wifi.WifiNative$ConnectionCapabilities@cdfb21e
07-14 19:53:20.235   709   924 E WifiDataStall: Ignore this poll. newStats: null txLinkSpeedMbps: 1 rxLinkSpeedMbps: 2 rssi: -50 connectionCapabilities: com.android.server.wifi.WifiNative$ConnectionCapabilities@cdfb21e
07-14 19:53:23.240   709   924 E WifiDataStall: Ignore this poll. newStats: null txLinkSpeedMbps: 2 rxLinkSpeedMbps: 2 rssi: -50 connectionCapabilities: com.android.server.wifi.WifiNative$ConnectionCapabilities@cdfb21e
07-14 19:53:24.521  1185  1372 E SatelliteController: isSatelliteEnabled: mIsSatelliteEnabled=null
07-14 19:53:26.245   709   924 E WifiDataStall: Ignore this poll. newStats: null txLinkSpeedMbps: 2 rxLinkSpeedMbps: 2 rssi: -50 connectionCapabilities: com.android.server.wifi.WifiNative$ConnectionCapabilities@cdfb21e
07-14 19:53:29.249   709   924 E WifiDataStall: Ignore this poll. newStats: null txLinkSpeedMbps: 1 rxLinkSpeedMbps: 2 rssi: -50 connectionCapabilities: com.android.server.wifi.WifiNative$ConnectionCapabilities@cdfb21e
07-14 19:53:32.256   709   924 E WifiDataStall: Ignore this poll. newStats: null txLinkSpeedMbps: 1 rxLinkSpeedMbps: 2 rssi: -50 connectionCapabilities: com.android.server.wifi.WifiNative$ConnectionCapabilities@cdfb21e
07-14 19:53:34.522  1185  1372 E SatelliteController: isSatelliteEnabled: mIsSatelliteEnabled=null
07-14 19:53:35.259   709   924 E WifiDataStall: Ignore this poll. newStats: null txLinkSpeedMbps: 1 rxLinkSpeedMbps: 2 rssi: -50 connectionCapabilities: com.android.server.wifi.WifiNative$ConnectionCapabilities@cdfb21e
07-14 19:53:38.262   709   924 E WifiDataStall: Ignore this poll. newStats: null txLinkSpeedMbps: 1 rxLinkSpeedMbps: 2 rssi: -50 connectionCapabilities: com.android.server.wifi.WifiNative$ConnectionCapabilities@cdfb21e
07-14 19:53:41.267   709   924 E WifiDataStall: Ignore this poll. newStats: null txLinkSpeedMbps: 1 rxLinkSpeedMbps: 2 rssi: -50 connectionCapabilities: com.android.server.wifi.WifiNative$ConnectionCapabilities@cdfb21e
07-14 19:53:44.273   709   924 E WifiDataStall: Ignore this poll. newStats: null txLinkSpeedMbps: 1 rxLinkSpeedMbps: 2 rssi: -50 connectionCapabilities: com.android.server.wifi.WifiNative$ConnectionCapabilities@cdfb21e
07-14 19:53:44.524  1185  1372 E SatelliteController: isSatelliteEnabled: mIsSatelliteEnabled=null
07-14 19:53:47.278   709   924 E WifiDataStall: Ignore this poll. newStats: null txLinkSpeedMbps: 1 rxLinkSpeedMbps: 2 rssi: -50 connectionCapabilities: com.android.server.wifi.WifiNative$ConnectionCapabilities@cdfb21e
07-14 19:53:50.285   709   924 E WifiDataStall: Ignore this poll. newStats: null txLinkSpeedMbps: 1 rxLinkSpeedMbps: 2 rssi: -50 connectionCapabilities: com.android.server.wifi.WifiNative$ConnectionCapabilities@cdfb21e
07-14 19:53:53.287   709   924 E WifiDataStall: Ignore this poll. newStats: null txLinkSpeedMbps: 1 rxLinkSpeedMbps: 2 rssi: -50 connectionCapabilities: com.android.server.wifi.WifiNative$ConnectionCapabilities@cdfb21e
07-14 19:53:54.524  1185  1372 E SatelliteController: isSatelliteEnabled: mIsSatelliteEnabled=null
07-14 19:53:56.294   709   924 E WifiDataStall: Ignore this poll. newStats: null txLinkSpeedMbps: 1 rxLinkSpeedMbps: 2 rssi: -50 connectionCapabilities: com.android.server.wifi.WifiNative$ConnectionCapabilities@cdfb21e
07-14 19:53:59.300   709   924 E WifiDataStall: Ignore this poll. newStats: null txLinkSpeedMbps: 1 rxLinkSpeedMbps: 2 rssi: -50 connectionCapabilities: com.android.server.wifi.WifiNative$ConnectionCapabilities@cdfb21e
07-14 19:54:02.306   709   924 E WifiDataStall: Ignore this poll. newStats: null txLinkSpeedMbps: 1 rxLinkSpeedMbps: 2 rssi: -50 connectionCapabilities: com.android.server.wifi.WifiNative$ConnectionCapabilities@cdfb21e
07-14 19:54:04.524  1185  1372 E SatelliteController: isSatelliteEnabled: mIsSatelliteEnabled=null
07-14 19:54:05.311   709   924 E WifiDataStall: Ignore this poll. newStats: null txLinkSpeedMbps: 1 rxLinkSpeedMbps: 2 rssi: -50 connectionCapabilities: com.android.server.wifi.WifiNative$ConnectionCapabilities@cdfb21e
07-14 19:54:08.317   709   924 E WifiDataStall: Ignore this poll. newStats: null txLinkSpeedMbps: 1 rxLinkSpeedMbps: 2 rssi: -50 connectionCapabilities: com.android.server.wifi.WifiNative$ConnectionCapabilities@cdfb21e
07-14 19:54:11.323   709   924 E WifiDataStall: Ignore this poll. newStats: null txLinkSpeedMbps: 1 rxLinkSpeedMbps: 2 rssi: -50 connectionCapabilities: com.android.server.wifi.WifiNative$ConnectionCapabilities@cdfb21e
07-14 19:54:14.329   709   924 E WifiDataStall: Ignore this poll. newStats: null txLinkSpeedMbps: 1 rxLinkSpeedMbps: 2 rssi: -50 connectionCapabilities: com.android.server.wifi.WifiNative$ConnectionCapabilities@cdfb21e
07-14 19:54:14.524  1185  1372 E SatelliteController: isSatelliteEnabled: mIsSatelliteEnabled=null
07-14 19:54:17.333   709   924 E WifiDataStall: Ignore this poll. newStats: null txLinkSpeedMbps: 1 rxLinkSpeedMbps: 2 rssi: -50 connectionCapabilities: com.android.server.wifi.WifiNative$ConnectionCapabilities@cdfb21e
07-14 19:54:20.338   709   924 E WifiDataStall: Ignore this poll. newStats: null txLinkSpeedMbps: 1 rxLinkSpeedMbps: 2 rssi: -50 connectionCapabilities: com.android.server.wifi.WifiNative$ConnectionCapabilities@cdfb21e
07-14 19:54:23.343   709   924 E WifiDataStall: Ignore this poll. newStats: null txLinkSpeedMbps: 1 rxLinkSpeedMbps: 2 rssi: -50 connectionCapabilities: com.android.server.wifi.WifiNative$ConnectionCapabilities@cdfb21e
07-14 19:54:24.524  1185  1372 E SatelliteController: isSatelliteEnabled: mIsSatelliteEnabled=null
07-14 19:54:26.345   709   924 E WifiDataStall: Ignore this poll. newStats: null txLinkSpeedMbps: 1 rxLinkSpeedMbps: 2 rssi: -50 connectionCapabilities: com.android.server.wifi.WifiNative$ConnectionCapabilities@cdfb21e
07-14 19:54:27.986  1662 10923 E AstreaHttpConnection: Service error while downloading from url='https://storage.googleapis.com/captions/emotion_recognition_v4.zip'
07-14 19:54:27.986  1662 10923 E AstreaHttpConnection: aalc: PERMISSION_DENIED: Permission denied by security policy
07-14 19:54:27.986  1662 10923 E AstreaHttpConnection: 	at abbn.s(PG:17)
07-14 19:54:27.986  1662 10923 E AstreaHttpConnection: 	at aapu.g(PG:1)
07-14 19:54:27.986  1662 10923 E AstreaHttpConnection: 	at aapr.a(PG:32)
07-14 19:54:27.986  1662 10923 E AstreaHttpConnection: 	at aaqj.run(PG:7)
07-14 19:54:27.986  1662 10923 E AstreaHttpConnection: 	at aaxd.run(PG:18)
07-14 19:54:27.986  1662 10923 E AstreaHttpConnection: 	at java.util.concurrent.ThreadPoolExecutor.runWorker(ThreadPoolExecutor.java:1100)
07-14 19:54:27.986  1662 10923 E AstreaHttpConnection: 	at java.util.concurrent.ThreadPoolExecutor$Worker.run(ThreadPoolExecutor.java:624)
07-14 19:54:27.986  1662 10923 E AstreaHttpConnection: 	at java.lang.Thread.run(Thread.java:1569)
07-14 19:54:27.989  1662 10922 E AstreaHttpConnection: Service error while downloading from url='https://storage.googleapis.com/captions/soda-en-US-v3056.zip'
07-14 19:54:27.989  1662 10922 E AstreaHttpConnection: aalc: PERMISSION_DENIED: Permission denied by security policy
07-14 19:54:27.989  1662 10922 E AstreaHttpConnection: 	at abbn.s(PG:17)
07-14 19:54:27.989  1662 10922 E AstreaHttpConnection: 	at aapu.g(PG:1)
07-14 19:54:27.989  1662 10922 E AstreaHttpConnection: 	at aapr.a(PG:32)
07-14 19:54:27.989  1662 10922 E AstreaHttpConnection: 	at aaqj.run(PG:7)
07-14 19:54:27.989  1662 10922 E AstreaHttpConnection: 	at aaxd.run(PG:18)
07-14 19:54:27.989  1662 10922 E AstreaHttpConnection: 	at java.util.concurrent.ThreadPoolExecutor.runWorker(ThreadPoolExecutor.java:1100)
07-14 19:54:27.989  1662 10922 E AstreaHttpConnection: 	at java.util.concurrent.ThreadPoolExecutor$Worker.run(ThreadPoolExecutor.java:624)
07-14 19:54:27.989  1662 10922 E AstreaHttpConnection: 	at java.lang.Thread.run(Thread.java:1569)
07-14 19:54:27.991  1662 10923 E AstreaHttpConnection: Service error while downloading from url='https://storage.googleapis.com/captions/input_predictions_en-US_v4.zip'
07-14 19:54:27.991  1662 10923 E AstreaHttpConnection: aalc: PERMISSION_DENIED: Permission denied by security policy
07-14 19:54:27.991  1662 10923 E AstreaHttpConnection: 	at abbn.s(PG:17)
07-14 19:54:27.991  1662 10923 E AstreaHttpConnection: 	at aapu.g(PG:1)
07-14 19:54:27.991  1662 10923 E AstreaHttpConnection: 	at aapr.a(PG:32)
07-14 19:54:27.991  1662 10923 E AstreaHttpConnection: 	at aaqj.run(PG:7)
07-14 19:54:27.991  1662 10923 E AstreaHttpConnection: 	at aaxd.run(PG:18)
07-14 19:54:27.991  1662 10923 E AstreaHttpConnection: 	at java.util.concurrent.ThreadPoolExecutor.runWorker(ThreadPoolExecutor.java:1100)
07-14 19:54:27.991  1662 10923 E AstreaHttpConnection: 	at java.util.concurrent.ThreadPoolExecutor$Worker.run(ThreadPoolExecutor.java:624)
07-14 19:54:27.991  1662 10923 E AstreaHttpConnection: 	at java.lang.Thread.run(Thread.java:1569)
07-14 19:54:27.994  1662 10922 E AstreaHttpConnection: Service error while downloading from url='https://storage.googleapis.com/captions/emotion_recognition_v4.zip'
07-14 19:54:27.994  1662 10922 E AstreaHttpConnection: aalc: PERMISSION_DENIED: Permission denied by security policy
07-14 19:54:27.994  1662 10922 E AstreaHttpConnection: 	at abbn.s(PG:17)
07-14 19:54:27.994  1662 10922 E AstreaHttpConnection: 	at aapu.g(PG:1)
07-14 19:54:27.994  1662 10922 E AstreaHttpConnection: 	at aapr.a(PG:32)
07-14 19:54:27.994  1662 10922 E AstreaHttpConnection: 	at aaqj.run(PG:7)
07-14 19:54:27.994  1662 10922 E AstreaHttpConnection: 	at aaxd.run(PG:18)
07-14 19:54:27.994  1662 10922 E AstreaHttpConnection: 	at java.util.concurrent.ThreadPoolExecutor.runWorker(ThreadPoolExecutor.java:1100)
07-14 19:54:27.994  1662 10922 E AstreaHttpConnection: 	at java.util.concurrent.ThreadPoolExecutor$Worker.run(ThreadPoolExecutor.java:624)
07-14 19:54:27.994  1662 10922 E AstreaHttpConnection: 	at java.lang.Thread.run(Thread.java:1569)
07-14 19:54:27.998  1662 10923 E AstreaHttpConnection: Service error while downloading from url='https://storage.googleapis.com/captions/soda-en-US-v3056.zip'
07-14 19:54:27.998  1662 10923 E AstreaHttpConnection: aalc: PERMISSION_DENIED: Permission denied by security policy
07-14 19:54:27.998  1662 10923 E AstreaHttpConnection: 	at abbn.s(PG:17)
07-14 19:54:27.998  1662 10923 E AstreaHttpConnection: 	at aapu.g(PG:1)
07-14 19:54:27.998  1662 10923 E AstreaHttpConnection: 	at aapr.a(PG:32)
07-14 19:54:27.998  1662 10923 E AstreaHttpConnection: 	at aaqj.run(PG:7)
07-14 19:54:27.998  1662 10923 E AstreaHttpConnection: 	at aaxd.run(PG:18)
07-14 19:54:27.998  1662 10923 E AstreaHttpConnection: 	at java.util.concurrent.ThreadPoolExecutor.runWorker(ThreadPoolExecutor.java:1100)
07-14 19:54:27.998  1662 10923 E AstreaHttpConnection: 	at java.util.concurrent.ThreadPoolExecutor$Worker.run(ThreadPoolExecutor.java:624)
07-14 19:54:27.998  1662 10923 E AstreaHttpConnection: 	at java.lang.Thread.run(Thread.java:1569)
07-14 19:54:28.000  1662 10922 E AstreaHttpConnection: Service error while downloading from url='https://storage.googleapis.com/captions/input_predictions_en-US_v4.zip'
07-14 19:54:28.000  1662 10922 E AstreaHttpConnection: aalc: PERMISSION_DENIED: Permission denied by security policy
07-14 19:54:28.000  1662 10922 E AstreaHttpConnection: 	at abbn.s(PG:17)
07-14 19:54:28.000  1662 10922 E AstreaHttpConnection: 	at aapu.g(PG:1)
07-14 19:54:28.000  1662 10922 E AstreaHttpConnection: 	at aapr.a(PG:32)
07-14 19:54:28.000  1662 10922 E AstreaHttpConnection: 	at aaqj.run(PG:7)
07-14 19:54:28.000  1662 10922 E AstreaHttpConnection: 	at aaxd.run(PG:18)
07-14 19:54:28.000  1662 10922 E AstreaHttpConnection: 	at java.util.concurrent.ThreadPoolExecutor.runWorker(ThreadPoolExecutor.java:1100)
07-14 19:54:28.000  1662 10922 E AstreaHttpConnection: 	at java.util.concurrent.ThreadPoolExecutor$Worker.run(ThreadPoolExecutor.java:624)
07-14 19:54:28.000  1662 10922 E AstreaHttpConnection: 	at java.lang.Thread.run(Thread.java:1569)
07-14 19:54:28.002  1662 10923 E AstreaHttpConnection: Service error while downloading from url='https://storage.googleapis.com/captions/emotion_recognition_v4.zip'
07-14 19:54:28.002  1662 10923 E AstreaHttpConnection: aalc: PERMISSION_DENIED: Permission denied by security policy
07-14 19:54:28.002  1662 10923 E AstreaHttpConnection: 	at abbn.s(PG:17)
07-14 19:54:28.002  1662 10923 E AstreaHttpConnection: 	at aapu.g(PG:1)
07-14 19:54:28.002  1662 10923 E AstreaHttpConnection: 	at aapr.a(PG:32)
07-14 19:54:28.002  1662 10923 E AstreaHttpConnection: 	at aaqj.run(PG:7)
07-14 19:54:28.002  1662 10923 E AstreaHttpConnection: 	at aaxd.run(PG:18)
07-14 19:54:28.002  1662 10923 E AstreaHttpConnection: 	at java.util.concurrent.ThreadPoolExecutor.runWorker(ThreadPoolExecutor.java:1100)
07-14 19:54:28.002  1662 10923 E AstreaHttpConnection: 	at java.util.concurrent.ThreadPoolExecutor$Worker.run(ThreadPoolExecutor.java:624)
07-14 19:54:28.002  1662 10923 E AstreaHttpConnection: 	at java.lang.Thread.run(Thread.java:1569)
07-14 19:54:28.006  1662 10922 E AstreaHttpConnection: Service error while downloading from url='https://storage.googleapis.com/captions/soda-en-US-v3056.zip'
07-14 19:54:28.006  1662 10922 E AstreaHttpConnection: aalc: PERMISSION_DENIED: Permission denied by security policy
07-14 19:54:28.006  1662 10922 E AstreaHttpConnection: 	at abbn.s(PG:17)
07-14 19:54:28.006  1662 10922 E AstreaHttpConnection: 	at aapu.g(PG:1)
07-14 19:54:28.006  1662 10922 E AstreaHttpConnection: 	at aapr.a(PG:32)
07-14 19:54:28.006  1662 10922 E AstreaHttpConnection: 	at aaqj.run(PG:7)
07-14 19:54:28.006  1662 10922 E AstreaHttpConnection: 	at aaxd.run(PG:18)
07-14 19:54:28.006  1662 10922 E AstreaHttpConnection: 	at java.util.concurrent.ThreadPoolExecutor.runWorker(ThreadPoolExecutor.java:1100)
07-14 19:54:28.006  1662 10922 E AstreaHttpConnection: 	at java.util.concurrent.ThreadPoolExecutor$Worker.run(ThreadPoolExecutor.java:624)
07-14 19:54:28.006  1662 10922 E AstreaHttpConnection: 	at java.lang.Thread.run(Thread.java:1569)
07-14 19:54:28.011  1662 10923 E AstreaHttpConnection: Service error while downloading from url='https://storage.googleapis.com/captions/input_predictions_en-US_v4.zip'
07-14 19:54:28.011  1662 10923 E AstreaHttpConnection: aalc: PERMISSION_DENIED: Permission denied by security policy
07-14 19:54:28.011  1662 10923 E AstreaHttpConnection: 	at abbn.s(PG:17)
07-14 19:54:28.011  1662 10923 E AstreaHttpConnection: 	at aapu.g(PG:1)
07-14 19:54:28.011  1662 10923 E AstreaHttpConnection: 	at aapr.a(PG:32)
07-14 19:54:28.011  1662 10923 E AstreaHttpConnection: 	at aaqj.run(PG:7)
07-14 19:54:28.011  1662 10923 E AstreaHttpConnection: 	at aaxd.run(PG:18)
07-14 19:54:28.011  1662 10923 E AstreaHttpConnection: 	at java.util.concurrent.ThreadPoolExecutor.runWorker(ThreadPoolExecutor.java:1100)
07-14 19:54:28.011  1662 10923 E AstreaHttpConnection: 	at java.util.concurrent.ThreadPoolExecutor$Worker.run(ThreadPoolExecutor.java:624)
07-14 19:54:28.011  1662 10923 E AstreaHttpConnection: 	at java.lang.Thread.run(Thread.java:1569)
07-14 19:54:29.348   709   924 E WifiDataStall: Ignore this poll. newStats: null txLinkSpeedMbps: 1 rxLinkSpeedMbps: 2 rssi: -50 connectionCapabilities: com.android.server.wifi.WifiNative$ConnectionCapabilities@cdfb21e
07-14 19:54:32.354   709   924 E WifiDataStall: Ignore this poll. newStats: null txLinkSpeedMbps: 2 rxLinkSpeedMbps: 2 rssi: -50 connectionCapabilities: com.android.server.wifi.WifiNative$ConnectionCapabilities@cdfb21e
07-14 19:54:34.525  1185  1372 E SatelliteController: isSatelliteEnabled: mIsSatelliteEnabled=null
07-14 19:54:35.360   709   924 E WifiDataStall: Ignore this poll. newStats: null txLinkSpeedMbps: 1 rxLinkSpeedMbps: 2 rssi: -50 connectionCapabilities: com.android.server.wifi.WifiNative$ConnectionCapabilities@cdfb21e
07-14 19:54:38.367   709   924 E WifiDataStall: Ignore this poll. newStats: null txLinkSpeedMbps: 1 rxLinkSpeedMbps: 2 rssi: -50 connectionCapabilities: com.android.server.wifi.WifiNative$ConnectionCapabilities@cdfb21e
07-14 19:54:41.373   709   924 E WifiDataStall: Ignore this poll. newStats: null txLinkSpeedMbps: 2 rxLinkSpeedMbps: 2 rssi: -50 connectionCapabilities: com.android.server.wifi.WifiNative$ConnectionCapabilities@cdfb21e
07-14 19:54:44.379   709   924 E WifiDataStall: Ignore this poll. newStats: null txLinkSpeedMbps: 1 rxLinkSpeedMbps: 2 rssi: -50 connectionCapabilities: com.android.server.wifi.WifiNative$ConnectionCapabilities@cdfb21e
07-14 19:54:44.524  1185  1372 E SatelliteController: isSatelliteEnabled: mIsSatelliteEnabled=null
07-14 19:54:47.384   709   924 E WifiDataStall: Ignore this poll. newStats: null txLinkSpeedMbps: 1 rxLinkSpeedMbps: 2 rssi: -50 connectionCapabilities: com.android.server.wifi.WifiNative$ConnectionCapabilities@cdfb21e
07-14 19:54:50.389   709   924 E WifiDataStall: Ignore this poll. newStats: null txLinkSpeedMbps: 1 rxLinkSpeedMbps: 2 rssi: -50 connectionCapabilities: com.android.server.wifi.WifiNative$ConnectionCapabilities@cdfb21e
07-14 19:54:53.393   709   924 E WifiDataStall: Ignore this poll. newStats: null txLinkSpeedMbps: 1 rxLinkSpeedMbps: 2 rssi: -50 connectionCapabilities: com.android.server.wifi.WifiNative$ConnectionCapabilities@cdfb21e
07-14 19:54:54.525  1185  1372 E SatelliteController: isSatelliteEnabled: mIsSatelliteEnabled=null
07-14 19:54:56.399   709   924 E WifiDataStall: Ignore this poll. newStats: null txLinkSpeedMbps: 1 rxLinkSpeedMbps: 2 rssi: -50 connectionCapabilities: com.android.server.wifi.WifiNative$ConnectionCapabilities@cdfb21e
07-14 19:54:59.403   709   924 E WifiDataStall: Ignore this poll. newStats: null txLinkSpeedMbps: 1 rxLinkSpeedMbps: 2 rssi: -50 connectionCapabilities: com.android.server.wifi.WifiNative$ConnectionCapabilities@cdfb21e
07-14 19:55:02.409   709   924 E WifiDataStall: Ignore this poll. newStats: null txLinkSpeedMbps: 1 rxLinkSpeedMbps: 2 rssi: -50 connectionCapabilities: com.android.server.wifi.WifiNative$ConnectionCapabilities@cdfb21e
07-14 19:55:04.525  1185  1372 E SatelliteController: isSatelliteEnabled: mIsSatelliteEnabled=null
07-14 19:55:05.412   709   924 E WifiDataStall: Ignore this poll. newStats: null txLinkSpeedMbps: 1 rxLinkSpeedMbps: 2 rssi: -50 connectionCapabilities: com.android.server.wifi.WifiNative$ConnectionCapabilities@cdfb21e
07-14 19:55:08.418   709   924 E WifiDataStall: Ignore this poll. newStats: null txLinkSpeedMbps: 1 rxLinkSpeedMbps: 2 rssi: -50 connectionCapabilities: com.android.server.wifi.WifiNative$ConnectionCapabilities@cdfb21e
07-14 19:55:11.424   709   924 E WifiDataStall: Ignore this poll. newStats: null txLinkSpeedMbps: 1 rxLinkSpeedMbps: 2 rssi: -50 connectionCapabilities: com.android.server.wifi.WifiNative$ConnectionCapabilities@cdfb21e
07-14 19:55:12.765   709   931 E Nl80211Native: getChannelsMhzForBand: Wiphy index not recorded for band 8
07-14 19:55:12.765   709   931 E Nl80211Native: getChannelsMhzForBand: Wiphy index not recorded for band 16
07-14 19:55:14.429   709   924 E WifiDataStall: Ignore this poll. newStats: null txLinkSpeedMbps: 1 rxLinkSpeedMbps: 2 rssi: -50 connectionCapabilities: com.android.server.wifi.WifiNative$ConnectionCapabilities@cdfb21e
07-14 19:55:14.525  1185  1372 E SatelliteController: isSatelliteEnabled: mIsSatelliteEnabled=null
07-14 19:55:17.437   709   924 E WifiDataStall: Ignore this poll. newStats: null txLinkSpeedMbps: 1 rxLinkSpeedMbps: 2 rssi: -50 connectionCapabilities: com.android.server.wifi.WifiNative$ConnectionCapabilities@cdfb21e
07-14 19:55:20.440   709   924 E WifiDataStall: Ignore this poll. newStats: null txLinkSpeedMbps: 1 rxLinkSpeedMbps: 2 rssi: -50 connectionCapabilities: com.android.server.wifi.WifiNative$ConnectionCapabilities@cdfb21e
07-14 19:55:23.445   709   924 E WifiDataStall: Ignore this poll. newStats: null txLinkSpeedMbps: 1 rxLinkSpeedMbps: 2 rssi: -50 connectionCapabilities: com.android.server.wifi.WifiNative$ConnectionCapabilities@cdfb21e
07-14 19:55:24.525  1185  1372 E SatelliteController: isSatelliteEnabled: mIsSatelliteEnabled=null
07-14 19:55:26.451   709   924 E WifiDataStall: Ignore this poll. newStats: null txLinkSpeedMbps: 1 rxLinkSpeedMbps: 2 rssi: -50 connectionCapabilities: com.android.server.wifi.WifiNative$ConnectionCapabilities@cdfb21e
07-14 19:55:29.454   709   924 E WifiDataStall: Ignore this poll. newStats: null txLinkSpeedMbps: 5 rxLinkSpeedMbps: 2 rssi: -50 connectionCapabilities: com.android.server.wifi.WifiNative$ConnectionCapabilities@cdfb21e
07-14 19:55:32.459   709   924 E WifiDataStall: Ignore this poll. newStats: null txLinkSpeedMbps: 5 rxLinkSpeedMbps: 2 rssi: -50 connectionCapabilities: com.android.server.wifi.WifiNative$ConnectionCapabilities@cdfb21e
07-14 19:55:34.525  1185  1372 E SatelliteController: isSatelliteEnabled: mIsSatelliteEnabled=null
07-14 19:55:35.465   709   924 E WifiDataStall: Ignore this poll. newStats: null txLinkSpeedMbps: 5 rxLinkSpeedMbps: 2 rssi: -50 connectionCapabilities: com.android.server.wifi.WifiNative$ConnectionCapabilities@cdfb21e
07-14 19:55:38.470   709   924 E WifiDataStall: Ignore this poll. newStats: null txLinkSpeedMbps: 1 rxLinkSpeedMbps: 2 rssi: -50 connectionCapabilities: com.android.server.wifi.WifiNative$ConnectionCapabilities@cdfb21e
07-14 19:55:41.478   709   924 E WifiDataStall: Ignore this poll. newStats: null txLinkSpeedMbps: 1 rxLinkSpeedMbps: 2 rssi: -50 connectionCapabilities: com.android.server.wifi.WifiNative$ConnectionCapabilities@cdfb21e
07-14 19:55:44.483   709   924 E WifiDataStall: Ignore this poll. newStats: null txLinkSpeedMbps: 1 rxLinkSpeedMbps: 2 rssi: -50 connectionCapabilities: com.android.server.wifi.WifiNative$ConnectionCapabilities@cdfb21e
07-14 19:55:44.526  1185  1372 E SatelliteController: isSatelliteEnabled: mIsSatelliteEnabled=null
07-14 19:55:47.490   709   924 E WifiDataStall: Ignore this poll. newStats: null txLinkSpeedMbps: 1 rxLinkSpeedMbps: 2 rssi: -50 connectionCapabilities: com.android.server.wifi.WifiNative$ConnectionCapabilities@cdfb21e
07-14 19:55:50.494   709   924 E WifiDataStall: Ignore this poll. newStats: null txLinkSpeedMbps: 1 rxLinkSpeedMbps: 2 rssi: -50 connectionCapabilities: com.android.server.wifi.WifiNative$ConnectionCapabilities@cdfb21e
07-14 19:55:53.498   709   924 E WifiDataStall: Ignore this poll. newStats: null txLinkSpeedMbps: 2 rxLinkSpeedMbps: 2 rssi: -50 connectionCapabilities: com.android.server.wifi.WifiNative$ConnectionCapabilities@cdfb21e
07-14 19:55:54.526  1185  1372 E SatelliteController: isSatelliteEnabled: mIsSatelliteEnabled=null
07-14 19:55:56.505   709   924 E WifiDataStall: Ignore this poll. newStats: null txLinkSpeedMbps: 2 rxLinkSpeedMbps: 2 rssi: -50 connectionCapabilities: com.android.server.wifi.WifiNative$ConnectionCapabilities@cdfb21e
07-14 19:55:59.511   709   924 E WifiDataStall: Ignore this poll. newStats: null txLinkSpeedMbps: 2 rxLinkSpeedMbps: 2 rssi: -50 connectionCapabilities: com.android.server.wifi.WifiNative$ConnectionCapabilities@cdfb21e
07-14 19:56:02.516   709   924 E WifiDataStall: Ignore this poll. newStats: null txLinkSpeedMbps: 11 rxLinkSpeedMbps: 2 rssi: -50 connectionCapabilities: com.android.server.wifi.WifiNative$ConnectionCapabilities@cdfb21e
07-14 19:56:04.527  1185  1372 E SatelliteController: isSatelliteEnabled: mIsSatelliteEnabled=null
07-14 19:56:05.521   709   924 E WifiDataStall: Ignore this poll. newStats: null txLinkSpeedMbps: 11 rxLinkSpeedMbps: 2 rssi: -50 connectionCapabilities: com.android.server.wifi.WifiNative$ConnectionCapabilities@cdfb21e
07-14 19:56:08.527   709   924 E WifiDataStall: Ignore this poll. newStats: null txLinkSpeedMbps: 11 rxLinkSpeedMbps: 2 rssi: -50 connectionCapabilities: com.android.server.wifi.WifiNative$ConnectionCapabilities@cdfb21e
07-14 19:56:11.534   709   924 E WifiDataStall: Ignore this poll. newStats: null txLinkSpeedMbps: 1 rxLinkSpeedMbps: 2 rssi: -50 connectionCapabilities: com.android.server.wifi.WifiNative$ConnectionCapabilities@cdfb21e
07-14 19:56:14.526  1185  1372 E SatelliteController: isSatelliteEnabled: mIsSatelliteEnabled=null
07-14 19:56:14.539   709   924 E WifiDataStall: Ignore this poll. newStats: null txLinkSpeedMbps: 1 rxLinkSpeedMbps: 2 rssi: -50 connectionCapabilities: com.android.server.wifi.WifiNative$ConnectionCapabilities@cdfb21e
07-14 19:56:17.541   709   924 E WifiDataStall: Ignore this poll. newStats: null txLinkSpeedMbps: 1 rxLinkSpeedMbps: 2 rssi: -50 connectionCapabilities: com.android.server.wifi.WifiNative$ConnectionCapabilities@cdfb21e
07-14 19:56:20.546   709   924 E WifiDataStall: Ignore this poll. newStats: null txLinkSpeedMbps: 1 rxLinkSpeedMbps: 2 rssi: -50 connectionCapabilities: com.android.server.wifi.WifiNative$ConnectionCapabilities@cdfb21e
07-14 19:56:23.553   709   924 E WifiDataStall: Ignore this poll. newStats: null txLinkSpeedMbps: 1 rxLinkSpeedMbps: 2 rssi: -50 connectionCapabilities: com.android.server.wifi.WifiNative$ConnectionCapabilities@cdfb21e
07-14 19:56:24.526  1185  1372 E SatelliteController: isSatelliteEnabled: mIsSatelliteEnabled=null
07-14 19:56:26.559   709   924 E WifiDataStall: Ignore this poll. newStats: null txLinkSpeedMbps: 1 rxLinkSpeedMbps: 2 rssi: -50 connectionCapabilities: com.android.server.wifi.WifiNative$ConnectionCapabilities@cdfb21e
07-14 19:56:29.565   709   924 E WifiDataStall: Ignore this poll. newStats: null txLinkSpeedMbps: 1 rxLinkSpeedMbps: 2 rssi: -50 connectionCapabilities: com.android.server.wifi.WifiNative$ConnectionCapabilities@cdfb21e
07-14 19:56:32.570   709   924 E WifiDataStall: Ignore this poll. newStats: null txLinkSpeedMbps: 1 rxLinkSpeedMbps: 2 rssi: -50 connectionCapabilities: com.android.server.wifi.WifiNative$ConnectionCapabilities@cdfb21e
07-14 19:56:34.527  1185  1372 E SatelliteController: isSatelliteEnabled: mIsSatelliteEnabled=null
07-14 19:56:35.575   709   924 E WifiDataStall: Ignore this poll. newStats: null txLinkSpeedMbps: 5 rxLinkSpeedMbps: 2 rssi: -50 connectionCapabilities: com.android.server.wifi.WifiNative$ConnectionCapabilities@cdfb21e
07-14 19:56:38.585   709   924 E WifiDataStall: Ignore this poll. newStats: null txLinkSpeedMbps: 5 rxLinkSpeedMbps: 2 rssi: -50 connectionCapabilities: com.android.server.wifi.WifiNative$ConnectionCapabilities@cdfb21e
07-14 19:56:41.589   709   924 E WifiDataStall: Ignore this poll. newStats: null txLinkSpeedMbps: 1 rxLinkSpeedMbps: 2 rssi: -50 connectionCapabilities: com.android.server.wifi.WifiNative$ConnectionCapabilities@cdfb21e
07-14 19:56:44.527  1185  1372 E SatelliteController: isSatelliteEnabled: mIsSatelliteEnabled=null
07-14 19:56:44.594   709   924 E WifiDataStall: Ignore this poll. newStats: null txLinkSpeedMbps: 1 rxLinkSpeedMbps: 2 rssi: -50 connectionCapabilities: com.android.server.wifi.WifiNative$ConnectionCapabilities@cdfb21e
07-14 19:56:47.595   709   924 E WifiDataStall: Ignore this poll. newStats: null txLinkSpeedMbps: 1 rxLinkSpeedMbps: 2 rssi: -50 connectionCapabilities: com.android.server.wifi.WifiNative$ConnectionCapabilities@cdfb21e
07-14 19:56:50.601   709   924 E WifiDataStall: Ignore this poll. newStats: null txLinkSpeedMbps: 2 rxLinkSpeedMbps: 2 rssi: -50 connectionCapabilities: com.android.server.wifi.WifiNative$ConnectionCapabilities@cdfb21e
07-14 19:56:53.607   709   924 E WifiDataStall: Ignore this poll. newStats: null txLinkSpeedMbps: 2 rxLinkSpeedMbps: 2 rssi: -50 connectionCapabilities: com.android.server.wifi.WifiNative$ConnectionCapabilities@cdfb21e
07-14 19:56:54.528  1185  1372 E SatelliteController: isSatelliteEnabled: mIsSatelliteEnabled=null
07-14 19:56:56.610   709   924 E WifiDataStall: Ignore this poll. newStats: null txLinkSpeedMbps: 1 rxLinkSpeedMbps: 2 rssi: -50 connectionCapabilities: com.android.server.wifi.WifiNative$ConnectionCapabilities@cdfb21e
07-14 19:56:59.616   709   924 E WifiDataStall: Ignore this poll. newStats: null txLinkSpeedMbps: 1 rxLinkSpeedMbps: 2 rssi: -50 connectionCapabilities: com.android.server.wifi.WifiNative$ConnectionCapabilities@cdfb21e
07-14 19:57:02.622   709   924 E WifiDataStall: Ignore this poll. newStats: null txLinkSpeedMbps: 1 rxLinkSpeedMbps: 2 rssi: -50 connectionCapabilities: com.android.server.wifi.WifiNative$ConnectionCapabilities@cdfb21e
07-14 19:57:04.528  1185  1372 E SatelliteController: isSatelliteEnabled: mIsSatelliteEnabled=null
07-14 19:57:05.626   709   924 E WifiDataStall: Ignore this poll. newStats: null txLinkSpeedMbps: 1 rxLinkSpeedMbps: 2 rssi: -50 connectionCapabilities: com.android.server.wifi.WifiNative$ConnectionCapabilities@cdfb21e
07-14 19:57:08.632   709   924 E WifiDataStall: Ignore this poll. newStats: null txLinkSpeedMbps: 1 rxLinkSpeedMbps: 2 rssi: -50 connectionCapabilities: com.android.server.wifi.WifiNative$ConnectionCapabilities@cdfb21e
07-14 19:57:11.638   709   924 E WifiDataStall: Ignore this poll. newStats: null txLinkSpeedMbps: 1 rxLinkSpeedMbps: 2 rssi: -50 connectionCapabilities: com.android.server.wifi.WifiNative$ConnectionCapabilities@cdfb21e
07-14 19:57:14.528  1185  1372 E SatelliteController: isSatelliteEnabled: mIsSatelliteEnabled=null
07-14 19:57:14.643   709   924 E WifiDataStall: Ignore this poll. newStats: null txLinkSpeedMbps: 1 rxLinkSpeedMbps: 2 rssi: -50 connectionCapabilities: com.android.server.wifi.WifiNative$ConnectionCapabilities@cdfb21e
07-14 19:57:17.649   709   924 E WifiDataStall: Ignore this poll. newStats: null txLinkSpeedMbps: 1 rxLinkSpeedMbps: 2 rssi: -50 connectionCapabilities: com.android.server.wifi.WifiNative$ConnectionCapabilities@cdfb21e
07-14 19:57:20.654   709   924 E WifiDataStall: Ignore this poll. newStats: null txLinkSpeedMbps: 11 rxLinkSpeedMbps: 2 rssi: -50 connectionCapabilities: com.android.server.wifi.WifiNative$ConnectionCapabilities@cdfb21e
07-14 19:57:23.659   709   924 E WifiDataStall: Ignore this poll. newStats: null txLinkSpeedMbps: 11 rxLinkSpeedMbps: 2 rssi: -50 connectionCapabilities: com.android.server.wifi.WifiNative$ConnectionCapabilities@cdfb21e
07-14 19:57:24.528  1185  1372 E SatelliteController: isSatelliteEnabled: mIsSatelliteEnabled=null
07-14 19:57:26.663   709   924 E WifiDataStall: Ignore this poll. newStats: null txLinkSpeedMbps: 11 rxLinkSpeedMbps: 2 rssi: -50 connectionCapabilities: com.android.server.wifi.WifiNative$ConnectionCapabilities@cdfb21e
07-14 19:57:29.667   709   924 E WifiDataStall: Ignore this poll. newStats: null txLinkSpeedMbps: 1 rxLinkSpeedMbps: 2 rssi: -50 connectionCapabilities: com.android.server.wifi.WifiNative$ConnectionCapabilities@cdfb21e
07-14 19:57:32.673   709   924 E WifiDataStall: Ignore this poll. newStats: null txLinkSpeedMbps: 1 rxLinkSpeedMbps: 2 rssi: -50 connectionCapabilities: com.android.server.wifi.WifiNative$ConnectionCapabilities@cdfb21e
07-14 19:57:34.528  1185  1372 E SatelliteController: isSatelliteEnabled: mIsSatelliteEnabled=null
07-14 19:57:35.679   709   924 E WifiDataStall: Ignore this poll. newStats: null txLinkSpeedMbps: 1 rxLinkSpeedMbps: 2 rssi: -50 connectionCapabilities: com.android.server.wifi.WifiNative$ConnectionCapabilities@cdfb21e
07-14 19:57:38.684   709   924 E WifiDataStall: Ignore this poll. newStats: null txLinkSpeedMbps: 1 rxLinkSpeedMbps: 2 rssi: -50 connectionCapabilities: com.android.server.wifi.WifiNative$ConnectionCapabilities@cdfb21e
07-14 19:57:41.691   709   924 E WifiDataStall: Ignore this poll. newStats: null txLinkSpeedMbps: 1 rxLinkSpeedMbps: 2 rssi: -50 connectionCapabilities: com.android.server.wifi.WifiNative$ConnectionCapabilities@cdfb21e
07-14 19:57:44.529  1185  1372 E SatelliteController: isSatelliteEnabled: mIsSatelliteEnabled=null
07-14 19:57:44.694   709   924 E WifiDataStall: Ignore this poll. newStats: null txLinkSpeedMbps: 1 rxLinkSpeedMbps: 2 rssi: -50 connectionCapabilities: com.android.server.wifi.WifiNative$ConnectionCapabilities@cdfb21e
07-14 19:57:47.701   709   924 E WifiDataStall: Ignore this poll. newStats: null txLinkSpeedMbps: 1 rxLinkSpeedMbps: 2 rssi: -50 connectionCapabilities: com.android.server.wifi.WifiNative$ConnectionCapabilities@cdfb21e
07-14 19:57:50.707   709   924 E WifiDataStall: Ignore this poll. newStats: null txLinkSpeedMbps: 1 rxLinkSpeedMbps: 2 rssi: -50 connectionCapabilities: com.android.server.wifi.WifiNative$ConnectionCapabilities@cdfb21e
07-14 19:57:52.768   709   931 E Nl80211Native: getChannelsMhzForBand: Wiphy index not recorded for band 8
07-14 19:57:52.768   709   931 E Nl80211Native: getChannelsMhzForBand: Wiphy index not recorded for band 16
07-14 19:57:53.711   709   924 E WifiDataStall: Ignore this poll. newStats: null txLinkSpeedMbps: 1 rxLinkSpeedMbps: 2 rssi: -50 connectionCapabilities: com.android.server.wifi.WifiNative$ConnectionCapabilities@cdfb21e
07-14 19:57:54.528  1185  1372 E SatelliteController: isSatelliteEnabled: mIsSatelliteEnabled=null
07-14 19:57:56.716   709   924 E WifiDataStall: Ignore this poll. newStats: null txLinkSpeedMbps: 1 rxLinkSpeedMbps: 2 rssi: -50 connectionCapabilities: com.android.server.wifi.WifiNative$ConnectionCapabilities@cdfb21e
07-14 19:57:59.721   709   924 E WifiDataStall: Ignore this poll. newStats: null txLinkSpeedMbps: 1 rxLinkSpeedMbps: 2 rssi: -50 connectionCapabilities: com.android.server.wifi.WifiNative$ConnectionCapabilities@cdfb21e
07-14 19:58:02.725   709   924 E WifiDataStall: Ignore this poll. newStats: null txLinkSpeedMbps: 1 rxLinkSpeedMbps: 2 rssi: -50 connectionCapabilities: com.android.server.wifi.WifiNative$ConnectionCapabilities@cdfb21e
07-14 19:58:04.529  1185  1372 E SatelliteController: isSatelliteEnabled: mIsSatelliteEnabled=null
07-14 19:58:05.730   709   924 E WifiDataStall: Ignore this poll. newStats: null txLinkSpeedMbps: 1 rxLinkSpeedMbps: 2 rssi: -50 connectionCapabilities: com.android.server.wifi.WifiNative$ConnectionCapabilities@cdfb21e
07-14 19:58:08.734   709   924 E WifiDataStall: Ignore this poll. newStats: null txLinkSpeedMbps: 1 rxLinkSpeedMbps: 2 rssi: -50 connectionCapabilities: com.android.server.wifi.WifiNative$ConnectionCapabilities@cdfb21e
07-14 19:58:11.740   709   924 E WifiDataStall: Ignore this poll. newStats: null txLinkSpeedMbps: 1 rxLinkSpeedMbps: 2 rssi: -50 connectionCapabilities: com.android.server.wifi.WifiNative$ConnectionCapabilities@cdfb21e
07-14 19:58:14.530  1185  1372 E SatelliteController: isSatelliteEnabled: mIsSatelliteEnabled=null
07-14 19:58:14.745   709   924 E WifiDataStall: Ignore this poll. newStats: null txLinkSpeedMbps: 1 rxLinkSpeedMbps: 2 rssi: -50 connectionCapabilities: com.android.server.wifi.WifiNative$ConnectionCapabilities@cdfb21e
07-14 19:58:17.749   709   924 E WifiDataStall: Ignore this poll. newStats: null txLinkSpeedMbps: 2 rxLinkSpeedMbps: 2 rssi: -50 connectionCapabilities: com.android.server.wifi.WifiNative$ConnectionCapabilities@cdfb21e
07-14 19:58:20.757   709   924 E WifiDataStall: Ignore this poll. newStats: null txLinkSpeedMbps: 2 rxLinkSpeedMbps: 2 rssi: -50 connectionCapabilities: com.android.server.wifi.WifiNative$ConnectionCapabilities@cdfb21e
07-14 19:58:23.761   709   924 E WifiDataStall: Ignore this poll. newStats: null txLinkSpeedMbps: 2 rxLinkSpeedMbps: 2 rssi: -50 connectionCapabilities: com.android.server.wifi.WifiNative$ConnectionCapabilities@cdfb21e
07-14 19:58:24.530  1185  1372 E SatelliteController: isSatelliteEnabled: mIsSatelliteEnabled=null
07-14 19:58:26.766   709   924 E WifiDataStall: Ignore this poll. newStats: null txLinkSpeedMbps: 1 rxLinkSpeedMbps: 2 rssi: -50 connectionCapabilities: com.android.server.wifi.WifiNative$ConnectionCapabilities@cdfb21e
07-14 19:58:29.772   709   924 E WifiDataStall: Ignore this poll. newStats: null txLinkSpeedMbps: 1 rxLinkSpeedMbps: 2 rssi: -50 connectionCapabilities: com.android.server.wifi.WifiNative$ConnectionCapabilities@cdfb21e
07-14 19:58:32.776   709   924 E WifiDataStall: Ignore this poll. newStats: null txLinkSpeedMbps: 1 rxLinkSpeedMbps: 2 rssi: -50 connectionCapabilities: com.android.server.wifi.WifiNative$ConnectionCapabilities@cdfb21e
07-14 19:58:34.530  1185  1372 E SatelliteController: isSatelliteEnabled: mIsSatelliteEnabled=null
07-14 19:58:35.782   709   924 E WifiDataStall: Ignore this poll. newStats: null txLinkSpeedMbps: 1 rxLinkSpeedMbps: 2 rssi: -50 connectionCapabilities: com.android.server.wifi.WifiNative$ConnectionCapabilities@cdfb21e
07-14 19:58:38.788   709   924 E WifiDataStall: Ignore this poll. newStats: null txLinkSpeedMbps: 1 rxLinkSpeedMbps: 2 rssi: -50 connectionCapabilities: com.android.server.wifi.WifiNative$ConnectionCapabilities@cdfb21e
07-14 19:58:41.792   709   924 E WifiDataStall: Ignore this poll. newStats: null txLinkSpeedMbps: 1 rxLinkSpeedMbps: 2 rssi: -50 connectionCapabilities: com.android.server.wifi.WifiNative$ConnectionCapabilities@cdfb21e
07-14 19:58:44.530  1185  1372 E SatelliteController: isSatelliteEnabled: mIsSatelliteEnabled=null
07-14 19:58:44.798   709   924 E WifiDataStall: Ignore this poll. newStats: null txLinkSpeedMbps: 1 rxLinkSpeedMbps: 2 rssi: -50 connectionCapabilities: com.android.server.wifi.WifiNative$ConnectionCapabilities@cdfb21e
07-14 19:58:47.803   709   924 E WifiDataStall: Ignore this poll. newStats: null txLinkSpeedMbps: 1 rxLinkSpeedMbps: 2 rssi: -50 connectionCapabilities: com.android.server.wifi.WifiNative$ConnectionCapabilities@cdfb21e
07-14 19:58:50.809   709   924 E WifiDataStall: Ignore this poll. newStats: null txLinkSpeedMbps: 2 rxLinkSpeedMbps: 2 rssi: -50 connectionCapabilities: com.android.server.wifi.WifiNative$ConnectionCapabilities@cdfb21e
07-14 19:58:53.812   709   924 E WifiDataStall: Ignore this poll. newStats: null txLinkSpeedMbps: 2 rxLinkSpeedMbps: 2 rssi: -50 connectionCapabilities: com.android.server.wifi.WifiNative$ConnectionCapabilities@cdfb21e
07-14 19:58:54.530  1185  1372 E SatelliteController: isSatelliteEnabled: mIsSatelliteEnabled=null
07-14 19:58:56.815   709   924 E WifiDataStall: Ignore this poll. newStats: null txLinkSpeedMbps: 1 rxLinkSpeedMbps: 2 rssi: -50 connectionCapabilities: com.android.server.wifi.WifiNative$ConnectionCapabilities@cdfb21e
07-14 19:58:59.820   709   924 E WifiDataStall: Ignore this poll. newStats: null txLinkSpeedMbps: 1 rxLinkSpeedMbps: 2 rssi: -50 connectionCapabilities: com.android.server.wifi.WifiNative$ConnectionCapabilities@cdfb21e
07-14 19:59:02.826   709   924 E WifiDataStall: Ignore this poll. newStats: null txLinkSpeedMbps: 1 rxLinkSpeedMbps: 2 rssi: -50 connectionCapabilities: com.android.server.wifi.WifiNative$ConnectionCapabilities@cdfb21e
07-14 19:59:04.530  1185  1372 E SatelliteController: isSatelliteEnabled: mIsSatelliteEnabled=null
07-14 19:59:05.829   709   924 E WifiDataStall: Ignore this poll. newStats: null txLinkSpeedMbps: 2 rxLinkSpeedMbps: 2 rssi: -50 connectionCapabilities: com.android.server.wifi.WifiNative$ConnectionCapabilities@cdfb21e
07-14 19:59:08.834   709   924 E WifiDataStall: Ignore this poll. newStats: null txLinkSpeedMbps: 1 rxLinkSpeedMbps: 2 rssi: -50 connectionCapabilities: com.android.server.wifi.WifiNative$ConnectionCapabilities@cdfb21e
07-14 19:59:11.842   709   924 E WifiDataStall: Ignore this poll. newStats: null txLinkSpeedMbps: 1 rxLinkSpeedMbps: 2 rssi: -50 connectionCapabilities: com.android.server.wifi.WifiNative$ConnectionCapabilities@cdfb21e
07-14 19:59:14.530  1185  1372 E SatelliteController: isSatelliteEnabled: mIsSatelliteEnabled=null
07-14 19:59:14.849   709   924 E WifiDataStall: Ignore this poll. newStats: null txLinkSpeedMbps: 2 rxLinkSpeedMbps: 2 rssi: -50 connectionCapabilities: com.android.server.wifi.WifiNative$ConnectionCapabilities@cdfb21e
07-14 19:59:17.855   709   924 E WifiDataStall: Ignore this poll. newStats: null txLinkSpeedMbps: 2 rxLinkSpeedMbps: 2 rssi: -50 connectionCapabilities: com.android.server.wifi.WifiNative$ConnectionCapabilities@cdfb21e
07-14 19:59:20.858   709   924 E WifiDataStall: Ignore this poll. newStats: null txLinkSpeedMbps: 5 rxLinkSpeedMbps: 2 rssi: -50 connectionCapabilities: com.android.server.wifi.WifiNative$ConnectionCapabilities@cdfb21e
07-14 19:59:23.864   709   924 E WifiDataStall: Ignore this poll. newStats: null txLinkSpeedMbps: 5 rxLinkSpeedMbps: 2 rssi: -50 connectionCapabilities: com.android.server.wifi.WifiNative$ConnectionCapabilities@cdfb21e
07-14 19:59:24.531  1185  1372 E SatelliteController: isSatelliteEnabled: mIsSatelliteEnabled=null
07-14 19:59:26.870   709   924 E WifiDataStall: Ignore this poll. newStats: null txLinkSpeedMbps: 5 rxLinkSpeedMbps: 2 rssi: -50 connectionCapabilities: com.android.server.wifi.WifiNative$ConnectionCapabilities@cdfb21e
07-14 19:59:29.873   709   924 E WifiDataStall: Ignore this poll. newStats: null txLinkSpeedMbps: 1 rxLinkSpeedMbps: 2 rssi: -50 connectionCapabilities: com.android.server.wifi.WifiNative$ConnectionCapabilities@cdfb21e
07-14 19:59:32.878   709   924 E WifiDataStall: Ignore this poll. newStats: null txLinkSpeedMbps: 1 rxLinkSpeedMbps: 2 rssi: -50 connectionCapabilities: com.android.server.wifi.WifiNative$ConnectionCapabilities@cdfb21e
07-14 19:59:34.531  1185  1372 E SatelliteController: isSatelliteEnabled: mIsSatelliteEnabled=null
07-14 19:59:35.884   709   924 E WifiDataStall: Ignore this poll. newStats: null txLinkSpeedMbps: 1 rxLinkSpeedMbps: 2 rssi: -50 connectionCapabilities: com.android.server.wifi.WifiNative$ConnectionCapabilities@cdfb21e
07-14 19:59:38.889   709   924 E WifiDataStall: Ignore this poll. newStats: null txLinkSpeedMbps: 1 rxLinkSpeedMbps: 2 rssi: -50 connectionCapabilities: com.android.server.wifi.WifiNative$ConnectionCapabilities@cdfb21e
07-14 19:59:41.895   709   924 E WifiDataStall: Ignore this poll. newStats: null txLinkSpeedMbps: 1 rxLinkSpeedMbps: 2 rssi: -50 connectionCapabilities: com.android.server.wifi.WifiNative$ConnectionCapabilities@cdfb21e
07-14 19:59:44.531  1185  1372 E SatelliteController: isSatelliteEnabled: mIsSatelliteEnabled=null
07-14 19:59:44.897   709   924 E WifiDataStall: Ignore this poll. newStats: null txLinkSpeedMbps: 1 rxLinkSpeedMbps: 2 rssi: -50 connectionCapabilities: com.android.server.wifi.WifiNative$ConnectionCapabilities@cdfb21e
07-14 19:59:47.903   709   924 E WifiDataStall: Ignore this poll. newStats: null txLinkSpeedMbps: 1 rxLinkSpeedMbps: 2 rssi: -50 connectionCapabilities: com.android.server.wifi.WifiNative$ConnectionCapabilities@cdfb21e
07-14 19:59:50.910   709   924 E WifiDataStall: Ignore this poll. newStats: null txLinkSpeedMbps: 1 rxLinkSpeedMbps: 2 rssi: -50 connectionCapabilities: com.android.server.wifi.WifiNative$ConnectionCapabilities@cdfb21e
07-14 19:59:53.914   709   924 E WifiDataStall: Ignore this poll. newStats: null txLinkSpeedMbps: 2 rxLinkSpeedMbps: 2 rssi: -50 connectionCapabilities: com.android.server.wifi.WifiNative$ConnectionCapabilities@cdfb21e
07-14 19:59:54.531  1185  1372 E SatelliteController: isSatelliteEnabled: mIsSatelliteEnabled=null
07-14 19:59:56.920   709   924 E WifiDataStall: Ignore this poll. newStats: null txLinkSpeedMbps: 2 rxLinkSpeedMbps: 2 rssi: -50 connectionCapabilities: com.android.server.wifi.WifiNative$ConnectionCapabilities@cdfb21e
07-14 19:59:59.926   709   924 E WifiDataStall: Ignore this poll. newStats: null txLinkSpeedMbps: 2 rxLinkSpeedMbps: 2 rssi: -50 connectionCapabilities: com.android.server.wifi.WifiNative$ConnectionCapabilities@cdfb21e
07-14 20:00:02.933   709   924 E WifiDataStall: Ignore this poll. newStats: null txLinkSpeedMbps: 1 rxLinkSpeedMbps: 2 rssi: -50 connectionCapabilities: com.android.server.wifi.WifiNative$ConnectionCapabilities@cdfb21e
07-14 20:00:04.532  1185  1372 E SatelliteController: isSatelliteEnabled: mIsSatelliteEnabled=null
07-14 20:00:05.940   709   924 E WifiDataStall: Ignore this poll. newStats: null txLinkSpeedMbps: 1 rxLinkSpeedMbps: 2 rssi: -50 connectionCapabilities: com.android.server.wifi.WifiNative$ConnectionCapabilities@cdfb21e
07-14 20:00:08.943   709   924 E WifiDataStall: Ignore this poll. newStats: null txLinkSpeedMbps: 1 rxLinkSpeedMbps: 2 rssi: -50 connectionCapabilities: com.android.server.wifi.WifiNative$ConnectionCapabilities@cdfb21e
07-14 20:00:11.949   709   924 E WifiDataStall: Ignore this poll. newStats: null txLinkSpeedMbps: 1 rxLinkSpeedMbps: 2 rssi: -50 connectionCapabilities: com.android.server.wifi.WifiNative$ConnectionCapabilities@cdfb21e
07-14 20:00:14.532  1185  1372 E SatelliteController: isSatelliteEnabled: mIsSatelliteEnabled=null
07-14 20:00:14.955   709   924 E WifiDataStall: Ignore this poll. newStats: null txLinkSpeedMbps: 1 rxLinkSpeedMbps: 2 rssi: -50 connectionCapabilities: com.android.server.wifi.WifiNative$ConnectionCapabilities@cdfb21e
07-14 20:00:17.959   709   924 E WifiDataStall: Ignore this poll. newStats: null txLinkSpeedMbps: 1 rxLinkSpeedMbps: 2 rssi: -50 connectionCapabilities: com.android.server.wifi.WifiNative$ConnectionCapabilities@cdfb21e
07-14 20:00:20.962   709   924 E WifiDataStall: Ignore this poll. newStats: null txLinkSpeedMbps: 1 rxLinkSpeedMbps: 2 rssi: -50 connectionCapabilities: com.android.server.wifi.WifiNative$ConnectionCapabilities@cdfb21e
07-14 20:00:23.969   709   924 E WifiDataStall: Ignore this poll. newStats: null txLinkSpeedMbps: 1 rxLinkSpeedMbps: 2 rssi: -50 connectionCapabilities: com.android.server.wifi.WifiNative$ConnectionCapabilities@cdfb21e
07-14 20:00:24.533  1185  1372 E SatelliteController: isSatelliteEnabled: mIsSatelliteEnabled=null
07-14 20:00:26.974   709   924 E WifiDataStall: Ignore this poll. newStats: null txLinkSpeedMbps: 1 rxLinkSpeedMbps: 2 rssi: -50 connectionCapabilities: com.android.server.wifi.WifiNative$ConnectionCapabilities@cdfb21e
07-14 20:00:29.981   709   924 E WifiDataStall: Ignore this poll. newStats: null txLinkSpeedMbps: 1 rxLinkSpeedMbps: 2 rssi: -50 connectionCapabilities: com.android.server.wifi.WifiNative$ConnectionCapabilities@cdfb21e
07-14 20:00:32.769   709   931 E Nl80211Native: getChannelsMhzForBand: Wiphy index not recorded for band 8
07-14 20:00:32.769   709   931 E Nl80211Native: getChannelsMhzForBand: Wiphy index not recorded for band 16
07-14 20:00:32.985   709   924 E WifiDataStall: Ignore this poll. newStats: null txLinkSpeedMbps: 1 rxLinkSpeedMbps: 2 rssi: -50 connectionCapabilities: com.android.server.wifi.WifiNative$ConnectionCapabilities@cdfb21e
07-14 20:00:34.533  1185  1372 E SatelliteController: isSatelliteEnabled: mIsSatelliteEnabled=null
07-14 20:00:35.991   709   924 E WifiDataStall: Ignore this poll. newStats: null txLinkSpeedMbps: 1 rxLinkSpeedMbps: 2 rssi: -50 connectionCapabilities: com.android.server.wifi.WifiNative$ConnectionCapabilities@cdfb21e
07-14 20:00:38.996   709   924 E WifiDataStall: Ignore this poll. newStats: null txLinkSpeedMbps: 1 rxLinkSpeedMbps: 2 rssi: -50 connectionCapabilities: com.android.server.wifi.WifiNative$ConnectionCapabilities@cdfb21e
07-14 20:00:42.003   709   924 E WifiDataStall: Ignore this poll. newStats: null txLinkSpeedMbps: 1 rxLinkSpeedMbps: 2 rssi: -50 connectionCapabilities: com.android.server.wifi.WifiNative$ConnectionCapabilities@cdfb21e
07-14 20:00:44.533  1185  1372 E SatelliteController: isSatelliteEnabled: mIsSatelliteEnabled=null
07-14 20:00:45.008   709   924 E WifiDataStall: Ignore this poll. newStats: null txLinkSpeedMbps: 1 rxLinkSpeedMbps: 2 rssi: -50 connectionCapabilities: com.android.server.wifi.WifiNative$ConnectionCapabilities@cdfb21e
07-14 20:00:48.013   709   924 E WifiDataStall: Ignore this poll. newStats: null txLinkSpeedMbps: 1 rxLinkSpeedMbps: 2 rssi: -50 connectionCapabilities: com.android.server.wifi.WifiNative$ConnectionCapabilities@cdfb21e
