07-14 20:10:46.041   709   924 E WifiDataStall: Ignore this poll. newStats: null txLinkSpeedMbps: 1 rxLinkSpeedMbps: 2 rssi: -50 connectionCapabilities: com.android.server.wifi.WifiNative$ConnectionCapabilities@cdfb21e
07-14 20:10:49.044   709   924 E WifiDataStall: Ignore this poll. newStats: null txLinkSpeedMbps: 11 rxLinkSpeedMbps: 2 rssi: -50 connectionCapabilities: com.android.server.wifi.WifiNative$ConnectionCapabilities@cdfb21e
07-14 20:10:52.050   709   924 E WifiDataStall: Ignore this poll. newStats: null txLinkSpeedMbps: 11 rxLinkSpeedMbps: 2 rssi: -50 connectionCapabilities: com.android.server.wifi.WifiNative$ConnectionCapabilities@cdfb21e
07-14 20:10:54.551  1185  1372 E SatelliteController: isSatelliteEnabled: mIsSatelliteEnabled=null
07-14 20:10:55.056   709   924 E WifiDataStall: Ignore this poll. newStats: null txLinkSpeedMbps: 11 rxLinkSpeedMbps: 2 rssi: -50 connectionCapabilities: com.android.server.wifi.WifiNative$ConnectionCapabilities@cdfb21e
07-14 20:10:58.061   709   924 E WifiDataStall: Ignore this poll. newStats: null txLinkSpeedMbps: 1 rxLinkSpeedMbps: 2 rssi: -50 connectionCapabilities: com.android.server.wifi.WifiNative$ConnectionCapabilities@cdfb21e
07-14 20:11:01.069   709   924 E WifiDataStall: Ignore this poll. newStats: null txLinkSpeedMbps: 1 rxLinkSpeedMbps: 2 rssi: -50 connectionCapabilities: com.android.server.wifi.WifiNative$ConnectionCapabilities@cdfb21e
07-14 20:11:04.075   709   924 E WifiDataStall: Ignore this poll. newStats: null txLinkSpeedMbps: 1 rxLinkSpeedMbps: 2 rssi: -50 connectionCapabilities: com.android.server.wifi.WifiNative$ConnectionCapabilities@cdfb21e
07-14 20:11:04.551  1185  1372 E SatelliteController: isSatelliteEnabled: mIsSatelliteEnabled=null
07-14 20:11:07.080   709   924 E WifiDataStall: Ignore this poll. newStats: null txLinkSpeedMbps: 1 rxLinkSpeedMbps: 2 rssi: -50 connectionCapabilities: com.android.server.wifi.WifiNative$ConnectionCapabilities@cdfb21e
07-14 20:11:10.085   709   924 E WifiDataStall: Ignore this poll. newStats: null txLinkSpeedMbps: 1 rxLinkSpeedMbps: 2 rssi: -50 connectionCapabilities: com.android.server.wifi.WifiNative$ConnectionCapabilities@cdfb21e
07-14 20:11:12.777   709   931 E Nl80211Native: getChannelsMhzForBand: Wiphy index not recorded for band 8
07-14 20:11:12.777   709   931 E Nl80211Native: getChannelsMhzForBand: Wiphy index not recorded for band 16
07-14 20:11:13.088   709   924 E WifiDataStall: Ignore this poll. newStats: null txLinkSpeedMbps: 1 rxLinkSpeedMbps: 2 rssi: -50 connectionCapabilities: com.android.server.wifi.WifiNative$ConnectionCapabilities@cdfb21e
07-14 20:11:14.557  1185  1372 E SatelliteController: isSatelliteEnabled: mIsSatelliteEnabled=null
07-14 20:11:16.093   709   924 E WifiDataStall: Ignore this poll. newStats: null txLinkSpeedMbps: 1 rxLinkSpeedMbps: 2 rssi: -50 connectionCapabilities: com.android.server.wifi.WifiNative$ConnectionCapabilities@cdfb21e
07-14 20:11:19.099   709   924 E WifiDataStall: Ignore this poll. newStats: null txLinkSpeedMbps: 1 rxLinkSpeedMbps: 2 rssi: -50 connectionCapabilities: com.android.server.wifi.WifiNative$ConnectionCapabilities@cdfb21e
07-14 20:11:22.103   709   924 E WifiDataStall: Ignore this poll. newStats: null txLinkSpeedMbps: 1 rxLinkSpeedMbps: 2 rssi: -50 connectionCapabilities: com.android.server.wifi.WifiNative$ConnectionCapabilities@cdfb21e
07-14 20:11:24.551  1185  1372 E SatelliteController: isSatelliteEnabled: mIsSatelliteEnabled=null
07-14 20:11:25.109   709   924 E WifiDataStall: Ignore this poll. newStats: null txLinkSpeedMbps: 1 rxLinkSpeedMbps: 2 rssi: -50 connectionCapabilities: com.android.server.wifi.WifiNative$ConnectionCapabilities@cdfb21e
07-14 20:11:28.111   709   924 E WifiDataStall: Ignore this poll. newStats: null txLinkSpeedMbps: 1 rxLinkSpeedMbps: 2 rssi: -50 connectionCapabilities: com.android.server.wifi.WifiNative$ConnectionCapabilities@cdfb21e
07-14 20:11:31.117   709   924 E WifiDataStall: Ignore this poll. newStats: null txLinkSpeedMbps: 2 rxLinkSpeedMbps: 2 rssi: -50 connectionCapabilities: com.android.server.wifi.WifiNative$ConnectionCapabilities@cdfb21e
07-14 20:11:34.123   709   924 E WifiDataStall: Ignore this poll. newStats: null txLinkSpeedMbps: 2 rxLinkSpeedMbps: 2 rssi: -50 connectionCapabilities: com.android.server.wifi.WifiNative$ConnectionCapabilities@cdfb21e
07-14 20:11:34.552  1185  1372 E SatelliteController: isSatelliteEnabled: mIsSatelliteEnabled=null
07-14 20:11:37.127   709   924 E WifiDataStall: Ignore this poll. newStats: null txLinkSpeedMbps: 1 rxLinkSpeedMbps: 2 rssi: -50 connectionCapabilities: com.android.server.wifi.WifiNative$ConnectionCapabilities@cdfb21e
07-14 20:11:40.135   709   924 E WifiDataStall: Ignore this poll. newStats: null txLinkSpeedMbps: 1 rxLinkSpeedMbps: 2 rssi: -50 connectionCapabilities: com.android.server.wifi.WifiNative$ConnectionCapabilities@cdfb21e
07-14 20:11:43.140   709   924 E WifiDataStall: Ignore this poll. newStats: null txLinkSpeedMbps: 1 rxLinkSpeedMbps: 2 rssi: -50 connectionCapabilities: com.android.server.wifi.WifiNative$ConnectionCapabilities@cdfb21e
07-14 20:11:44.553  1185  1372 E SatelliteController: isSatelliteEnabled: mIsSatelliteEnabled=null
07-14 20:11:46.144   709   924 E WifiDataStall: Ignore this poll. newStats: null txLinkSpeedMbps: 1 rxLinkSpeedMbps: 2 rssi: -50 connectionCapabilities: com.android.server.wifi.WifiNative$ConnectionCapabilities@cdfb21e
07-14 20:11:49.150   709   924 E WifiDataStall: Ignore this poll. newStats: null txLinkSpeedMbps: 1 rxLinkSpeedMbps: 2 rssi: -50 connectionCapabilities: com.android.server.wifi.WifiNative$ConnectionCapabilities@cdfb21e
07-14 20:11:52.156   709   924 E WifiDataStall: Ignore this poll. newStats: null txLinkSpeedMbps: 1 rxLinkSpeedMbps: 2 rssi: -50 connectionCapabilities: com.android.server.wifi.WifiNative$ConnectionCapabilities@cdfb21e
07-14 20:11:54.552  1185  1372 E SatelliteController: isSatelliteEnabled: mIsSatelliteEnabled=null
07-14 20:11:55.158   709   924 E WifiDataStall: Ignore this poll. newStats: null txLinkSpeedMbps: 1 rxLinkSpeedMbps: 2 rssi: -50 connectionCapabilities: com.android.server.wifi.WifiNative$ConnectionCapabilities@cdfb21e
07-14 20:11:58.164   709   924 E WifiDataStall: Ignore this poll. newStats: null txLinkSpeedMbps: 1 rxLinkSpeedMbps: 2 rssi: -50 connectionCapabilities: com.android.server.wifi.WifiNative$ConnectionCapabilities@cdfb21e
07-14 20:12:01.167   709   924 E WifiDataStall: Ignore this poll. newStats: null txLinkSpeedMbps: 1 rxLinkSpeedMbps: 2 rssi: -50 connectionCapabilities: com.android.server.wifi.WifiNative$ConnectionCapabilities@cdfb21e
07-14 20:12:04.173   709   924 E WifiDataStall: Ignore this poll. newStats: null txLinkSpeedMbps: 1 rxLinkSpeedMbps: 2 rssi: -50 connectionCapabilities: com.android.server.wifi.WifiNative$ConnectionCapabilities@cdfb21e
07-14 20:12:04.552  1185  1372 E SatelliteController: isSatelliteEnabled: mIsSatelliteEnabled=null
07-14 20:12:07.179   709   924 E WifiDataStall: Ignore this poll. newStats: null txLinkSpeedMbps: 1 rxLinkSpeedMbps: 2 rssi: -50 connectionCapabilities: com.android.server.wifi.WifiNative$ConnectionCapabilities@cdfb21e
07-14 20:12:10.183   709   924 E WifiDataStall: Ignore this poll. newStats: null txLinkSpeedMbps: 1 rxLinkSpeedMbps: 2 rssi: -50 connectionCapabilities: com.android.server.wifi.WifiNative$ConnectionCapabilities@cdfb21e
07-14 20:12:13.190   709   924 E WifiDataStall: Ignore this poll. newStats: null txLinkSpeedMbps: 1 rxLinkSpeedMbps: 2 rssi: -50 connectionCapabilities: com.android.server.wifi.WifiNative$ConnectionCapabilities@cdfb21e
07-14 20:12:14.552  1185  1372 E SatelliteController: isSatelliteEnabled: mIsSatelliteEnabled=null
07-14 20:12:16.195   709   924 E WifiDataStall: Ignore this poll. newStats: null txLinkSpeedMbps: 1 rxLinkSpeedMbps: 2 rssi: -50 connectionCapabilities: com.android.server.wifi.WifiNative$ConnectionCapabilities@cdfb21e
07-14 20:12:19.199   709   924 E WifiDataStall: Ignore this poll. newStats: null txLinkSpeedMbps: 1 rxLinkSpeedMbps: 2 rssi: -50 connectionCapabilities: com.android.server.wifi.WifiNative$ConnectionCapabilities@cdfb21e
07-14 20:12:22.206   709   924 E WifiDataStall: Ignore this poll. newStats: null txLinkSpeedMbps: 1 rxLinkSpeedMbps: 2 rssi: -50 connectionCapabilities: com.android.server.wifi.WifiNative$ConnectionCapabilities@cdfb21e
07-14 20:12:24.553  1185  1372 E SatelliteController: isSatelliteEnabled: mIsSatelliteEnabled=null
07-14 20:12:25.209   709   924 E WifiDataStall: Ignore this poll. newStats: null txLinkSpeedMbps: 1 rxLinkSpeedMbps: 2 rssi: -50 connectionCapabilities: com.android.server.wifi.WifiNative$ConnectionCapabilities@cdfb21e
07-14 20:12:28.215   709   924 E WifiDataStall: Ignore this poll. newStats: null txLinkSpeedMbps: 1 rxLinkSpeedMbps: 2 rssi: -50 connectionCapabilities: com.android.server.wifi.WifiNative$ConnectionCapabilities@cdfb21e
07-14 20:12:31.221   709   924 E WifiDataStall: Ignore this poll. newStats: null txLinkSpeedMbps: 1 rxLinkSpeedMbps: 2 rssi: -50 connectionCapabilities: com.android.server.wifi.WifiNative$ConnectionCapabilities@cdfb21e
07-14 20:12:34.225   709   924 E WifiDataStall: Ignore this poll. newStats: null txLinkSpeedMbps: 1 rxLinkSpeedMbps: 2 rssi: -50 connectionCapabilities: com.android.server.wifi.WifiNative$ConnectionCapabilities@cdfb21e
07-14 20:12:34.553  1185  1372 E SatelliteController: isSatelliteEnabled: mIsSatelliteEnabled=null
07-14 20:12:37.229   709   924 E WifiDataStall: Ignore this poll. newStats: null txLinkSpeedMbps: 1 rxLinkSpeedMbps: 2 rssi: -50 connectionCapabilities: com.android.server.wifi.WifiNative$ConnectionCapabilities@cdfb21e
07-14 20:12:40.235   709   924 E WifiDataStall: Ignore this poll. newStats: null txLinkSpeedMbps: 1 rxLinkSpeedMbps: 2 rssi: -50 connectionCapabilities: com.android.server.wifi.WifiNative$ConnectionCapabilities@cdfb21e
07-14 20:12:43.239   709   924 E WifiDataStall: Ignore this poll. newStats: null txLinkSpeedMbps: 1 rxLinkSpeedMbps: 2 rssi: -50 connectionCapabilities: com.android.server.wifi.WifiNative$ConnectionCapabilities@cdfb21e
07-14 20:12:44.553  1185  1372 E SatelliteController: isSatelliteEnabled: mIsSatelliteEnabled=null
07-14 20:12:46.246   709   924 E WifiDataStall: Ignore this poll. newStats: null txLinkSpeedMbps: 1 rxLinkSpeedMbps: 2 rssi: -50 connectionCapabilities: com.android.server.wifi.WifiNative$ConnectionCapabilities@cdfb21e
07-14 20:12:49.249   709   924 E WifiDataStall: Ignore this poll. newStats: null txLinkSpeedMbps: 1 rxLinkSpeedMbps: 2 rssi: -50 connectionCapabilities: com.android.server.wifi.WifiNative$ConnectionCapabilities@cdfb21e
07-14 20:12:52.255   709   924 E WifiDataStall: Ignore this poll. newStats: null txLinkSpeedMbps: 1 rxLinkSpeedMbps: 2 rssi: -50 connectionCapabilities: com.android.server.wifi.WifiNative$ConnectionCapabilities@cdfb21e
07-14 20:12:54.553  1185  1372 E SatelliteController: isSatelliteEnabled: mIsSatelliteEnabled=null
07-14 20:12:55.259   709   924 E WifiDataStall: Ignore this poll. newStats: null txLinkSpeedMbps: 1 rxLinkSpeedMbps: 2 rssi: -50 connectionCapabilities: com.android.server.wifi.WifiNative$ConnectionCapabilities@cdfb21e
07-14 20:12:58.264   709   924 E WifiDataStall: Ignore this poll. newStats: null txLinkSpeedMbps: 1 rxLinkSpeedMbps: 2 rssi: -50 connectionCapabilities: com.android.server.wifi.WifiNative$ConnectionCapabilities@cdfb21e
07-14 20:13:01.269   709   924 E WifiDataStall: Ignore this poll. newStats: null txLinkSpeedMbps: 1 rxLinkSpeedMbps: 2 rssi: -50 connectionCapabilities: com.android.server.wifi.WifiNative$ConnectionCapabilities@cdfb21e
07-14 20:13:04.274   709   924 E WifiDataStall: Ignore this poll. newStats: null txLinkSpeedMbps: 1 rxLinkSpeedMbps: 2 rssi: -50 connectionCapabilities: com.android.server.wifi.WifiNative$ConnectionCapabilities@cdfb21e
07-14 20:13:04.554  1185  1372 E SatelliteController: isSatelliteEnabled: mIsSatelliteEnabled=null
07-14 20:13:07.279   709   924 E WifiDataStall: Ignore this poll. newStats: null txLinkSpeedMbps: 2 rxLinkSpeedMbps: 2 rssi: -50 connectionCapabilities: com.android.server.wifi.WifiNative$ConnectionCapabilities@cdfb21e
07-14 20:13:10.284   709   924 E WifiDataStall: Ignore this poll. newStats: null txLinkSpeedMbps: 2 rxLinkSpeedMbps: 2 rssi: -50 connectionCapabilities: com.android.server.wifi.WifiNative$ConnectionCapabilities@cdfb21e
07-14 20:13:13.289   709   924 E WifiDataStall: Ignore this poll. newStats: null txLinkSpeedMbps: 1 rxLinkSpeedMbps: 2 rssi: -50 connectionCapabilities: com.android.server.wifi.WifiNative$ConnectionCapabilities@cdfb21e
07-14 20:13:14.554  1185  1372 E SatelliteController: isSatelliteEnabled: mIsSatelliteEnabled=null
07-14 20:13:16.296   709   924 E WifiDataStall: Ignore this poll. newStats: null txLinkSpeedMbps: 1 rxLinkSpeedMbps: 2 rssi: -50 connectionCapabilities: com.android.server.wifi.WifiNative$ConnectionCapabilities@cdfb21e
07-14 20:13:19.303   709   924 E WifiDataStall: Ignore this poll. newStats: null txLinkSpeedMbps: 1 rxLinkSpeedMbps: 2 rssi: -50 connectionCapabilities: com.android.server.wifi.WifiNative$ConnectionCapabilities@cdfb21e
07-14 20:13:22.307   709   924 E WifiDataStall: Ignore this poll. newStats: null txLinkSpeedMbps: 2 rxLinkSpeedMbps: 2 rssi: -50 connectionCapabilities: com.android.server.wifi.WifiNative$ConnectionCapabilities@cdfb21e
07-14 20:13:24.554  1185  1372 E SatelliteController: isSatelliteEnabled: mIsSatelliteEnabled=null
07-14 20:13:25.313   709   924 E WifiDataStall: Ignore this poll. newStats: null txLinkSpeedMbps: 2 rxLinkSpeedMbps: 2 rssi: -50 connectionCapabilities: com.android.server.wifi.WifiNative$ConnectionCapabilities@cdfb21e
07-14 20:13:28.317   709   924 E WifiDataStall: Ignore this poll. newStats: null txLinkSpeedMbps: 2 rxLinkSpeedMbps: 2 rssi: -50 connectionCapabilities: com.android.server.wifi.WifiNative$ConnectionCapabilities@cdfb21e
07-14 20:13:31.323   709   924 E WifiDataStall: Ignore this poll. newStats: null txLinkSpeedMbps: 1 rxLinkSpeedMbps: 2 rssi: -50 connectionCapabilities: com.android.server.wifi.WifiNative$ConnectionCapabilities@cdfb21e
07-14 20:13:34.329   709   924 E WifiDataStall: Ignore this poll. newStats: null txLinkSpeedMbps: 1 rxLinkSpeedMbps: 2 rssi: -50 connectionCapabilities: com.android.server.wifi.WifiNative$ConnectionCapabilities@cdfb21e
07-14 20:13:34.554  1185  1372 E SatelliteController: isSatelliteEnabled: mIsSatelliteEnabled=null
07-14 20:13:37.331   709   924 E WifiDataStall: Ignore this poll. newStats: null txLinkSpeedMbps: 1 rxLinkSpeedMbps: 2 rssi: -50 connectionCapabilities: com.android.server.wifi.WifiNative$ConnectionCapabilities@cdfb21e
07-14 20:13:40.338   709   924 E WifiDataStall: Ignore this poll. newStats: null txLinkSpeedMbps: 1 rxLinkSpeedMbps: 2 rssi: -50 connectionCapabilities: com.android.server.wifi.WifiNative$ConnectionCapabilities@cdfb21e
07-14 20:13:43.343   709   924 E WifiDataStall: Ignore this poll. newStats: null txLinkSpeedMbps: 1 rxLinkSpeedMbps: 2 rssi: -50 connectionCapabilities: com.android.server.wifi.WifiNative$ConnectionCapabilities@cdfb21e
07-14 20:13:44.554  1185  1372 E SatelliteController: isSatelliteEnabled: mIsSatelliteEnabled=null
07-14 20:13:46.348   709   924 E WifiDataStall: Ignore this poll. newStats: null txLinkSpeedMbps: 1 rxLinkSpeedMbps: 2 rssi: -50 connectionCapabilities: com.android.server.wifi.WifiNative$ConnectionCapabilities@cdfb21e
07-14 20:13:49.353   709   924 E WifiDataStall: Ignore this poll. newStats: null txLinkSpeedMbps: 1 rxLinkSpeedMbps: 2 rssi: -50 connectionCapabilities: com.android.server.wifi.WifiNative$ConnectionCapabilities@cdfb21e
07-14 20:13:52.359   709   924 E WifiDataStall: Ignore this poll. newStats: null txLinkSpeedMbps: 1 rxLinkSpeedMbps: 2 rssi: -50 connectionCapabilities: com.android.server.wifi.WifiNative$ConnectionCapabilities@cdfb21e
07-14 20:13:52.778   709   931 E Nl80211Native: getChannelsMhzForBand: Wiphy index not recorded for band 8
07-14 20:13:52.779   709   931 E Nl80211Native: getChannelsMhzForBand: Wiphy index not recorded for band 16
07-14 20:13:54.555  1185  1372 E SatelliteController: isSatelliteEnabled: mIsSatelliteEnabled=null
07-14 20:13:55.365   709   924 E WifiDataStall: Ignore this poll. newStats: null txLinkSpeedMbps: 1 rxLinkSpeedMbps: 2 rssi: -50 connectionCapabilities: com.android.server.wifi.WifiNative$ConnectionCapabilities@cdfb21e
07-14 20:13:58.371   709   924 E WifiDataStall: Ignore this poll. newStats: null txLinkSpeedMbps: 1 rxLinkSpeedMbps: 2 rssi: -50 connectionCapabilities: com.android.server.wifi.WifiNative$ConnectionCapabilities@cdfb21e
07-14 20:14:01.374   709   924 E WifiDataStall: Ignore this poll. newStats: null txLinkSpeedMbps: 1 rxLinkSpeedMbps: 2 rssi: -50 connectionCapabilities: com.android.server.wifi.WifiNative$ConnectionCapabilities@cdfb21e
07-14 20:14:04.379   709   924 E WifiDataStall: Ignore this poll. newStats: null txLinkSpeedMbps: 1 rxLinkSpeedMbps: 2 rssi: -50 connectionCapabilities: com.android.server.wifi.WifiNative$ConnectionCapabilities@cdfb21e
07-14 20:14:04.555  1185  1372 E SatelliteController: isSatelliteEnabled: mIsSatelliteEnabled=null
07-14 20:14:07.385   709   924 E WifiDataStall: Ignore this poll. newStats: null txLinkSpeedMbps: 1 rxLinkSpeedMbps: 2 rssi: -50 connectionCapabilities: com.android.server.wifi.WifiNative$ConnectionCapabilities@cdfb21e
07-14 20:14:10.390   709   924 E WifiDataStall: Ignore this poll. newStats: null txLinkSpeedMbps: 1 rxLinkSpeedMbps: 2 rssi: -50 connectionCapabilities: com.android.server.wifi.WifiNative$ConnectionCapabilities@cdfb21e
07-14 20:14:13.396   709   924 E WifiDataStall: Ignore this poll. newStats: null txLinkSpeedMbps: 1 rxLinkSpeedMbps: 2 rssi: -50 connectionCapabilities: com.android.server.wifi.WifiNative$ConnectionCapabilities@cdfb21e
07-14 20:14:14.555  1185  1372 E SatelliteController: isSatelliteEnabled: mIsSatelliteEnabled=null
07-14 20:14:16.403   709   924 E WifiDataStall: Ignore this poll. newStats: null txLinkSpeedMbps: 1 rxLinkSpeedMbps: 2 rssi: -50 connectionCapabilities: com.android.server.wifi.WifiNative$ConnectionCapabilities@cdfb21e
07-14 20:14:19.408   709   924 E WifiDataStall: Ignore this poll. newStats: null txLinkSpeedMbps: 1 rxLinkSpeedMbps: 2 rssi: -50 connectionCapabilities: com.android.server.wifi.WifiNative$ConnectionCapabilities@cdfb21e
07-14 20:14:22.412   709   924 E WifiDataStall: Ignore this poll. newStats: null txLinkSpeedMbps: 1 rxLinkSpeedMbps: 2 rssi: -50 connectionCapabilities: com.android.server.wifi.WifiNative$ConnectionCapabilities@cdfb21e
07-14 20:14:24.555  1185  1372 E SatelliteController: isSatelliteEnabled: mIsSatelliteEnabled=null
07-14 20:14:25.415   709   924 E WifiDataStall: Ignore this poll. newStats: null txLinkSpeedMbps: 1 rxLinkSpeedMbps: 2 rssi: -50 connectionCapabilities: com.android.server.wifi.WifiNative$ConnectionCapabilities@cdfb21e
07-14 20:14:28.421   709   924 E WifiDataStall: Ignore this poll. newStats: null txLinkSpeedMbps: 1 rxLinkSpeedMbps: 2 rssi: -50 connectionCapabilities: com.android.server.wifi.WifiNative$ConnectionCapabilities@cdfb21e
07-14 20:14:31.427   709   924 E WifiDataStall: Ignore this poll. newStats: null txLinkSpeedMbps: 1 rxLinkSpeedMbps: 2 rssi: -50 connectionCapabilities: com.android.server.wifi.WifiNative$ConnectionCapabilities@cdfb21e
07-14 20:14:34.432   709   924 E WifiDataStall: Ignore this poll. newStats: null txLinkSpeedMbps: 1 rxLinkSpeedMbps: 2 rssi: -50 connectionCapabilities: com.android.server.wifi.WifiNative$ConnectionCapabilities@cdfb21e
07-14 20:14:34.556  1185  1372 E SatelliteController: isSatelliteEnabled: mIsSatelliteEnabled=null
07-14 20:14:37.438   709   924 E WifiDataStall: Ignore this poll. newStats: null txLinkSpeedMbps: 1 rxLinkSpeedMbps: 2 rssi: -50 connectionCapabilities: com.android.server.wifi.WifiNative$ConnectionCapabilities@cdfb21e
07-14 20:14:40.445   709   924 E WifiDataStall: Ignore this poll. newStats: null txLinkSpeedMbps: 1 rxLinkSpeedMbps: 2 rssi: -50 connectionCapabilities: com.android.server.wifi.WifiNative$ConnectionCapabilities@cdfb21e
07-14 20:14:43.451   709   924 E WifiDataStall: Ignore this poll. newStats: null txLinkSpeedMbps: 1 rxLinkSpeedMbps: 2 rssi: -50 connectionCapabilities: com.android.server.wifi.WifiNative$ConnectionCapabilities@cdfb21e
07-14 20:14:44.555  1185  1372 E SatelliteController: isSatelliteEnabled: mIsSatelliteEnabled=null
07-14 20:14:46.457   709   924 E WifiDataStall: Ignore this poll. newStats: null txLinkSpeedMbps: 1 rxLinkSpeedMbps: 2 rssi: -50 connectionCapabilities: com.android.server.wifi.WifiNative$ConnectionCapabilities@cdfb21e
07-14 20:14:49.461   709   924 E WifiDataStall: Ignore this poll. newStats: null txLinkSpeedMbps: 1 rxLinkSpeedMbps: 2 rssi: -50 connectionCapabilities: com.android.server.wifi.WifiNative$ConnectionCapabilities@cdfb21e
07-14 20:14:52.466   709   924 E WifiDataStall: Ignore this poll. newStats: null txLinkSpeedMbps: 2 rxLinkSpeedMbps: 2 rssi: -50 connectionCapabilities: com.android.server.wifi.WifiNative$ConnectionCapabilities@cdfb21e
07-14 20:14:54.555  1185  1372 E SatelliteController: isSatelliteEnabled: mIsSatelliteEnabled=null
07-14 20:14:55.471   709   924 E WifiDataStall: Ignore this poll. newStats: null txLinkSpeedMbps: 1 rxLinkSpeedMbps: 2 rssi: -50 connectionCapabilities: com.android.server.wifi.WifiNative$ConnectionCapabilities@cdfb21e
07-14 20:14:58.477   709   924 E WifiDataStall: Ignore this poll. newStats: null txLinkSpeedMbps: 2 rxLinkSpeedMbps: 2 rssi: -50 connectionCapabilities: com.android.server.wifi.WifiNative$ConnectionCapabilities@cdfb21e
07-14 20:15:01.483   709   924 E WifiDataStall: Ignore this poll. newStats: null txLinkSpeedMbps: 2 rxLinkSpeedMbps: 2 rssi: -50 connectionCapabilities: com.android.server.wifi.WifiNative$ConnectionCapabilities@cdfb21e
07-14 20:15:04.486   709   924 E WifiDataStall: Ignore this poll. newStats: null txLinkSpeedMbps: 1 rxLinkSpeedMbps: 2 rssi: -50 connectionCapabilities: com.android.server.wifi.WifiNative$ConnectionCapabilities@cdfb21e
07-14 20:15:04.556  1185  1372 E SatelliteController: isSatelliteEnabled: mIsSatelliteEnabled=null
07-14 20:15:07.492   709   924 E WifiDataStall: Ignore this poll. newStats: null txLinkSpeedMbps: 5 rxLinkSpeedMbps: 2 rssi: -50 connectionCapabilities: com.android.server.wifi.WifiNative$ConnectionCapabilities@cdfb21e
07-14 20:15:10.496   709   924 E WifiDataStall: Ignore this poll. newStats: null txLinkSpeedMbps: 5 rxLinkSpeedMbps: 2 rssi: -50 connectionCapabilities: com.android.server.wifi.WifiNative$ConnectionCapabilities@cdfb21e
07-14 20:15:13.500   709   924 E WifiDataStall: Ignore this poll. newStats: null txLinkSpeedMbps: 1 rxLinkSpeedMbps: 2 rssi: -50 connectionCapabilities: com.android.server.wifi.WifiNative$ConnectionCapabilities@cdfb21e
07-14 20:15:14.556  1185  1372 E SatelliteController: isSatelliteEnabled: mIsSatelliteEnabled=null
07-14 20:15:16.506   709   924 E WifiDataStall: Ignore this poll. newStats: null txLinkSpeedMbps: 1 rxLinkSpeedMbps: 2 rssi: -50 connectionCapabilities: com.android.server.wifi.WifiNative$ConnectionCapabilities@cdfb21e
07-14 20:15:19.511   709   924 E WifiDataStall: Ignore this poll. newStats: null txLinkSpeedMbps: 1 rxLinkSpeedMbps: 2 rssi: -50 connectionCapabilities: com.android.server.wifi.WifiNative$ConnectionCapabilities@cdfb21e
07-14 20:15:22.517   709   924 E WifiDataStall: Ignore this poll. newStats: null txLinkSpeedMbps: 1 rxLinkSpeedMbps: 2 rssi: -50 connectionCapabilities: com.android.server.wifi.WifiNative$ConnectionCapabilities@cdfb21e
07-14 20:15:24.556  1185  1372 E SatelliteController: isSatelliteEnabled: mIsSatelliteEnabled=null
07-14 20:15:25.522   709   924 E WifiDataStall: Ignore this poll. newStats: null txLinkSpeedMbps: 1 rxLinkSpeedMbps: 2 rssi: -50 connectionCapabilities: com.android.server.wifi.WifiNative$ConnectionCapabilities@cdfb21e
07-14 20:15:28.525   709   924 E WifiDataStall: Ignore this poll. newStats: null txLinkSpeedMbps: 1 rxLinkSpeedMbps: 2 rssi: -50 connectionCapabilities: com.android.server.wifi.WifiNative$ConnectionCapabilities@cdfb21e
07-14 20:15:31.529   709   924 E WifiDataStall: Ignore this poll. newStats: null txLinkSpeedMbps: 1 rxLinkSpeedMbps: 2 rssi: -50 connectionCapabilities: com.android.server.wifi.WifiNative$ConnectionCapabilities@cdfb21e
07-14 20:15:34.535   709   924 E WifiDataStall: Ignore this poll. newStats: null txLinkSpeedMbps: 1 rxLinkSpeedMbps: 2 rssi: -50 connectionCapabilities: com.android.server.wifi.WifiNative$ConnectionCapabilities@cdfb21e
07-14 20:15:34.556  1185  1372 E SatelliteController: isSatelliteEnabled: mIsSatelliteEnabled=null
07-14 20:15:37.539   709   924 E WifiDataStall: Ignore this poll. newStats: null txLinkSpeedMbps: 1 rxLinkSpeedMbps: 2 rssi: -50 connectionCapabilities: com.android.server.wifi.WifiNative$ConnectionCapabilities@cdfb21e
07-14 20:15:40.544   709   924 E WifiDataStall: Ignore this poll. newStats: null txLinkSpeedMbps: 1 rxLinkSpeedMbps: 2 rssi: -50 connectionCapabilities: com.android.server.wifi.WifiNative$ConnectionCapabilities@cdfb21e
07-14 20:15:43.547   709   924 E WifiDataStall: Ignore this poll. newStats: null txLinkSpeedMbps: 1 rxLinkSpeedMbps: 2 rssi: -50 connectionCapabilities: com.android.server.wifi.WifiNative$ConnectionCapabilities@cdfb21e
07-14 20:15:44.557  1185  1372 E SatelliteController: isSatelliteEnabled: mIsSatelliteEnabled=null
07-14 20:15:46.551   709   924 E WifiDataStall: Ignore this poll. newStats: null txLinkSpeedMbps: 1 rxLinkSpeedMbps: 2 rssi: -50 connectionCapabilities: com.android.server.wifi.WifiNative$ConnectionCapabilities@cdfb21e
07-14 20:15:49.557   709   924 E WifiDataStall: Ignore this poll. newStats: null txLinkSpeedMbps: 1 rxLinkSpeedMbps: 2 rssi: -50 connectionCapabilities: com.android.server.wifi.WifiNative$ConnectionCapabilities@cdfb21e
07-14 20:15:52.563   709   924 E WifiDataStall: Ignore this poll. newStats: null txLinkSpeedMbps: 1 rxLinkSpeedMbps: 2 rssi: -50 connectionCapabilities: com.android.server.wifi.WifiNative$ConnectionCapabilities@cdfb21e
07-14 20:15:54.557  1185  1372 E SatelliteController: isSatelliteEnabled: mIsSatelliteEnabled=null
07-14 20:15:55.568   709   924 E WifiDataStall: Ignore this poll. newStats: null txLinkSpeedMbps: 1 rxLinkSpeedMbps: 2 rssi: -50 connectionCapabilities: com.android.server.wifi.WifiNative$ConnectionCapabilities@cdfb21e
07-14 20:15:58.574   709   924 E WifiDataStall: Ignore this poll. newStats: null txLinkSpeedMbps: 1 rxLinkSpeedMbps: 2 rssi: -50 connectionCapabilities: com.android.server.wifi.WifiNative$ConnectionCapabilities@cdfb21e
07-14 20:16:01.578   709   924 E WifiDataStall: Ignore this poll. newStats: null txLinkSpeedMbps: 1 rxLinkSpeedMbps: 2 rssi: -50 connectionCapabilities: com.android.server.wifi.WifiNative$ConnectionCapabilities@cdfb21e
07-14 20:16:04.557  1185  1372 E SatelliteController: isSatelliteEnabled: mIsSatelliteEnabled=null
07-14 20:16:04.584   709   924 E WifiDataStall: Ignore this poll. newStats: null txLinkSpeedMbps: 1 rxLinkSpeedMbps: 2 rssi: -50 connectionCapabilities: com.android.server.wifi.WifiNative$ConnectionCapabilities@cdfb21e
07-14 20:16:07.590   709   924 E WifiDataStall: Ignore this poll. newStats: null txLinkSpeedMbps: 1 rxLinkSpeedMbps: 2 rssi: -50 connectionCapabilities: com.android.server.wifi.WifiNative$ConnectionCapabilities@cdfb21e
07-14 20:16:10.596   709   924 E WifiDataStall: Ignore this poll. newStats: null txLinkSpeedMbps: 5 rxLinkSpeedMbps: 2 rssi: -50 connectionCapabilities: com.android.server.wifi.WifiNative$ConnectionCapabilities@cdfb21e
07-14 20:16:13.602   709   924 E WifiDataStall: Ignore this poll. newStats: null txLinkSpeedMbps: 5 rxLinkSpeedMbps: 2 rssi: -50 connectionCapabilities: com.android.server.wifi.WifiNative$ConnectionCapabilities@cdfb21e
07-14 20:16:14.557  1185  1372 E SatelliteController: isSatelliteEnabled: mIsSatelliteEnabled=null
07-14 20:16:16.608   709   924 E WifiDataStall: Ignore this poll. newStats: null txLinkSpeedMbps: 5 rxLinkSpeedMbps: 2 rssi: -50 connectionCapabilities: com.android.server.wifi.WifiNative$ConnectionCapabilities@cdfb21e
07-14 20:16:19.612   709   924 E WifiDataStall: Ignore this poll. newStats: null txLinkSpeedMbps: 1 rxLinkSpeedMbps: 2 rssi: -50 connectionCapabilities: com.android.server.wifi.WifiNative$ConnectionCapabilities@cdfb21e
07-14 20:16:22.618   709   924 E WifiDataStall: Ignore this poll. newStats: null txLinkSpeedMbps: 1 rxLinkSpeedMbps: 2 rssi: -50 connectionCapabilities: com.android.server.wifi.WifiNative$ConnectionCapabilities@cdfb21e
07-14 20:16:24.557  1185  1372 E SatelliteController: isSatelliteEnabled: mIsSatelliteEnabled=null
07-14 20:16:25.623   709   924 E WifiDataStall: Ignore this poll. newStats: null txLinkSpeedMbps: 2 rxLinkSpeedMbps: 2 rssi: -50 connectionCapabilities: com.android.server.wifi.WifiNative$ConnectionCapabilities@cdfb21e
07-14 20:16:28.629   709   924 E WifiDataStall: Ignore this poll. newStats: null txLinkSpeedMbps: 2 rxLinkSpeedMbps: 2 rssi: -50 connectionCapabilities: com.android.server.wifi.WifiNative$ConnectionCapabilities@cdfb21e
07-14 20:16:31.635   709   924 E WifiDataStall: Ignore this poll. newStats: null txLinkSpeedMbps: 2 rxLinkSpeedMbps: 2 rssi: -50 connectionCapabilities: com.android.server.wifi.WifiNative$ConnectionCapabilities@cdfb21e
07-14 20:16:32.782   709   931 E Nl80211Native: getChannelsMhzForBand: Wiphy index not recorded for band 8
07-14 20:16:32.782   709   931 E Nl80211Native: getChannelsMhzForBand: Wiphy index not recorded for band 16
07-14 20:16:34.557  1185  1372 E SatelliteController: isSatelliteEnabled: mIsSatelliteEnabled=null
07-14 20:16:34.641   709   924 E WifiDataStall: Ignore this poll. newStats: null txLinkSpeedMbps: 1 rxLinkSpeedMbps: 2 rssi: -50 connectionCapabilities: com.android.server.wifi.WifiNative$ConnectionCapabilities@cdfb21e
07-14 20:16:37.648   709   924 E WifiDataStall: Ignore this poll. newStats: null txLinkSpeedMbps: 1 rxLinkSpeedMbps: 2 rssi: -50 connectionCapabilities: com.android.server.wifi.WifiNative$ConnectionCapabilities@cdfb21e
07-14 20:16:40.652   709   924 E WifiDataStall: Ignore this poll. newStats: null txLinkSpeedMbps: 1 rxLinkSpeedMbps: 2 rssi: -50 connectionCapabilities: com.android.server.wifi.WifiNative$ConnectionCapabilities@cdfb21e
07-14 20:16:43.659   709   924 E WifiDataStall: Ignore this poll. newStats: null txLinkSpeedMbps: 1 rxLinkSpeedMbps: 2 rssi: -50 connectionCapabilities: com.android.server.wifi.WifiNative$ConnectionCapabilities@cdfb21e
07-14 20:16:44.558  1185  1372 E SatelliteController: isSatelliteEnabled: mIsSatelliteEnabled=null
07-14 20:16:46.666   709   924 E WifiDataStall: Ignore this poll. newStats: null txLinkSpeedMbps: 1 rxLinkSpeedMbps: 2 rssi: -50 connectionCapabilities: com.android.server.wifi.WifiNative$ConnectionCapabilities@cdfb21e
07-14 20:16:49.671   709   924 E WifiDataStall: Ignore this poll. newStats: null txLinkSpeedMbps: 11 rxLinkSpeedMbps: 2 rssi: -50 connectionCapabilities: com.android.server.wifi.WifiNative$ConnectionCapabilities@cdfb21e
07-14 20:16:52.676   709   924 E WifiDataStall: Ignore this poll. newStats: null txLinkSpeedMbps: 11 rxLinkSpeedMbps: 2 rssi: -50 connectionCapabilities: com.android.server.wifi.WifiNative$ConnectionCapabilities@cdfb21e
07-14 20:16:54.558  1185  1372 E SatelliteController: isSatelliteEnabled: mIsSatelliteEnabled=null
07-14 20:16:55.678   709   924 E WifiDataStall: Ignore this poll. newStats: null txLinkSpeedMbps: 11 rxLinkSpeedMbps: 2 rssi: -50 connectionCapabilities: com.android.server.wifi.WifiNative$ConnectionCapabilities@cdfb21e
07-14 20:16:58.684   709   924 E WifiDataStall: Ignore this poll. newStats: null txLinkSpeedMbps: 1 rxLinkSpeedMbps: 2 rssi: -50 connectionCapabilities: com.android.server.wifi.WifiNative$ConnectionCapabilities@cdfb21e
07-14 20:17:01.691   709   924 E WifiDataStall: Ignore this poll. newStats: null txLinkSpeedMbps: 1 rxLinkSpeedMbps: 2 rssi: -50 connectionCapabilities: com.android.server.wifi.WifiNative$ConnectionCapabilities@cdfb21e
07-14 20:17:04.558  1185  1372 E SatelliteController: isSatelliteEnabled: mIsSatelliteEnabled=null
07-14 20:17:04.695   709   924 E WifiDataStall: Ignore this poll. newStats: null txLinkSpeedMbps: 1 rxLinkSpeedMbps: 2 rssi: -50 connectionCapabilities: com.android.server.wifi.WifiNative$ConnectionCapabilities@cdfb21e
07-14 20:17:07.701   709   924 E WifiDataStall: Ignore this poll. newStats: null txLinkSpeedMbps: 1 rxLinkSpeedMbps: 2 rssi: -50 connectionCapabilities: com.android.server.wifi.WifiNative$ConnectionCapabilities@cdfb21e
07-14 20:17:08.715  1379 11333 E hjbn    : Trace scheduler-ActiveTaskContext_onExecutionResult timed out after 1360776 ms. Complete trace: # hjcg@7ee70334
07-14 20:17:08.715  1379 11333 E hjbn    : hjco: 
07-14 20:17:08.715  1379 11333 E hjbn    : 	at tk_trace.Flogger:INFO:218:Task %s/%s started execution. cause:%s exec_start_elapsed_seconds: %s(Started After:0)
07-14 20:17:08.715  1379 11333 E hjbn    : 	at tk_trace.checkQueueEagerly(Started After:0)
07-14 20:17:08.715  1379 11333 E hjbn    : 	at tk_trace.trigger_EXECUTION_CALLBACK(Started After:0)
07-14 20:17:08.715  1379 11333 E hjbn    : 	at tk_trace.scheduler-StandaloneSchedulingEngine_handleClientCallback(Started After:0)
07-14 20:17:08.715  1379 11333 E hjbn    : 	at tk_trace.scheduler-ActiveTaskContext_onExecutionResult(Started After:0)
07-14 20:17:10.708   709   924 E WifiDataStall: Ignore this poll. newStats: null txLinkSpeedMbps: 1 rxLinkSpeedMbps: 2 rssi: -50 connectionCapabilities: com.android.server.wifi.WifiNative$ConnectionCapabilities@cdfb21e
07-14 20:17:13.712   709   924 E WifiDataStall: Ignore this poll. newStats: null txLinkSpeedMbps: 1 rxLinkSpeedMbps: 2 rssi: -50 connectionCapabilities: com.android.server.wifi.WifiNative$ConnectionCapabilities@cdfb21e
07-14 20:17:14.559  1185  1372 E SatelliteController: isSatelliteEnabled: mIsSatelliteEnabled=null
07-14 20:17:16.718   709   924 E WifiDataStall: Ignore this poll. newStats: null txLinkSpeedMbps: 1 rxLinkSpeedMbps: 2 rssi: -50 connectionCapabilities: com.android.server.wifi.WifiNative$ConnectionCapabilities@cdfb21e
07-14 20:17:19.724   709   924 E WifiDataStall: Ignore this poll. newStats: null txLinkSpeedMbps: 1 rxLinkSpeedMbps: 2 rssi: -50 connectionCapabilities: com.android.server.wifi.WifiNative$ConnectionCapabilities@cdfb21e
07-14 20:17:22.729   709   924 E WifiDataStall: Ignore this poll. newStats: null txLinkSpeedMbps: 1 rxLinkSpeedMbps: 2 rssi: -50 connectionCapabilities: com.android.server.wifi.WifiNative$ConnectionCapabilities@cdfb21e
07-14 20:17:24.559  1185  1372 E SatelliteController: isSatelliteEnabled: mIsSatelliteEnabled=null
07-14 20:17:25.735   709   924 E WifiDataStall: Ignore this poll. newStats: null txLinkSpeedMbps: 1 rxLinkSpeedMbps: 2 rssi: -50 connectionCapabilities: com.android.server.wifi.WifiNative$ConnectionCapabilities@cdfb21e
07-14 20:17:28.738   709   924 E WifiDataStall: Ignore this poll. newStats: null txLinkSpeedMbps: 1 rxLinkSpeedMbps: 2 rssi: -50 connectionCapabilities: com.android.server.wifi.WifiNative$ConnectionCapabilities@cdfb21e
07-14 20:17:31.743   709   924 E WifiDataStall: Ignore this poll. newStats: null txLinkSpeedMbps: 1 rxLinkSpeedMbps: 2 rssi: -50 connectionCapabilities: com.android.server.wifi.WifiNative$ConnectionCapabilities@cdfb21e
07-14 20:17:34.559  1185  1372 E SatelliteController: isSatelliteEnabled: mIsSatelliteEnabled=null
07-14 20:17:34.747   709   924 E WifiDataStall: Ignore this poll. newStats: null txLinkSpeedMbps: 1 rxLinkSpeedMbps: 2 rssi: -50 connectionCapabilities: com.android.server.wifi.WifiNative$ConnectionCapabilities@cdfb21e
07-14 20:17:37.751   709   924 E WifiDataStall: Ignore this poll. newStats: null txLinkSpeedMbps: 1 rxLinkSpeedMbps: 2 rssi: -50 connectionCapabilities: com.android.server.wifi.WifiNative$ConnectionCapabilities@cdfb21e
07-14 20:17:40.756   709   924 E WifiDataStall: Ignore this poll. newStats: null txLinkSpeedMbps: 1 rxLinkSpeedMbps: 2 rssi: -50 connectionCapabilities: com.android.server.wifi.WifiNative$ConnectionCapabilities@cdfb21e
07-14 20:17:43.761   709   924 E WifiDataStall: Ignore this poll. newStats: null txLinkSpeedMbps: 1 rxLinkSpeedMbps: 2 rssi: -50 connectionCapabilities: com.android.server.wifi.WifiNative$ConnectionCapabilities@cdfb21e
07-14 20:17:44.560  1185  1372 E SatelliteController: isSatelliteEnabled: mIsSatelliteEnabled=null
07-14 20:17:46.765   709   924 E WifiDataStall: Ignore this poll. newStats: null txLinkSpeedMbps: 1 rxLinkSpeedMbps: 2 rssi: -50 connectionCapabilities: com.android.server.wifi.WifiNative$ConnectionCapabilities@cdfb21e
07-14 20:17:49.770   709   924 E WifiDataStall: Ignore this poll. newStats: null txLinkSpeedMbps: 1 rxLinkSpeedMbps: 2 rssi: -50 connectionCapabilities: com.android.server.wifi.WifiNative$ConnectionCapabilities@cdfb21e
07-14 20:17:52.773   709   924 E WifiDataStall: Ignore this poll. newStats: null txLinkSpeedMbps: 2 rxLinkSpeedMbps: 2 rssi: -50 connectionCapabilities: com.android.server.wifi.WifiNative$ConnectionCapabilities@cdfb21e
07-14 20:17:54.559  1185  1372 E SatelliteController: isSatelliteEnabled: mIsSatelliteEnabled=null
07-14 20:17:55.778   709   924 E WifiDataStall: Ignore this poll. newStats: null txLinkSpeedMbps: 2 rxLinkSpeedMbps: 2 rssi: -50 connectionCapabilities: com.android.server.wifi.WifiNative$ConnectionCapabilities@cdfb21e
07-14 20:17:58.784   709   924 E WifiDataStall: Ignore this poll. newStats: null txLinkSpeedMbps: 2 rxLinkSpeedMbps: 2 rssi: -50 connectionCapabilities: com.android.server.wifi.WifiNative$ConnectionCapabilities@cdfb21e
07-14 20:18:01.788   709   924 E WifiDataStall: Ignore this poll. newStats: null txLinkSpeedMbps: 1 rxLinkSpeedMbps: 2 rssi: -50 connectionCapabilities: com.android.server.wifi.WifiNative$ConnectionCapabilities@cdfb21e
07-14 20:18:04.559  1185  1372 E SatelliteController: isSatelliteEnabled: mIsSatelliteEnabled=null
07-14 20:18:04.796   709   924 E WifiDataStall: Ignore this poll. newStats: null txLinkSpeedMbps: 1 rxLinkSpeedMbps: 2 rssi: -50 connectionCapabilities: com.android.server.wifi.WifiNative$ConnectionCapabilities@cdfb21e
07-14 20:18:07.803   709   924 E WifiDataStall: Ignore this poll. newStats: null txLinkSpeedMbps: 1 rxLinkSpeedMbps: 2 rssi: -50 connectionCapabilities: com.android.server.wifi.WifiNative$ConnectionCapabilities@cdfb21e
07-14 20:18:10.809   709   924 E WifiDataStall: Ignore this poll. newStats: null txLinkSpeedMbps: 1 rxLinkSpeedMbps: 2 rssi: -50 connectionCapabilities: com.android.server.wifi.WifiNative$ConnectionCapabilities@cdfb21e
07-14 20:18:13.814   709   924 E WifiDataStall: Ignore this poll. newStats: null txLinkSpeedMbps: 1 rxLinkSpeedMbps: 2 rssi: -50 connectionCapabilities: com.android.server.wifi.WifiNative$ConnectionCapabilities@cdfb21e
07-14 20:18:14.559  1185  1372 E SatelliteController: isSatelliteEnabled: mIsSatelliteEnabled=null
07-14 20:18:16.816   709   924 E WifiDataStall: Ignore this poll. newStats: null txLinkSpeedMbps: 1 rxLinkSpeedMbps: 2 rssi: -50 connectionCapabilities: com.android.server.wifi.WifiNative$ConnectionCapabilities@cdfb21e
07-14 20:18:19.821   709   924 E WifiDataStall: Ignore this poll. newStats: null txLinkSpeedMbps: 1 rxLinkSpeedMbps: 2 rssi: -50 connectionCapabilities: com.android.server.wifi.WifiNative$ConnectionCapabilities@cdfb21e
07-14 20:18:22.826   709   924 E WifiDataStall: Ignore this poll. newStats: null txLinkSpeedMbps: 1 rxLinkSpeedMbps: 2 rssi: -50 connectionCapabilities: com.android.server.wifi.WifiNative$ConnectionCapabilities@cdfb21e
07-14 20:18:24.560  1185  1372 E SatelliteController: isSatelliteEnabled: mIsSatelliteEnabled=null
07-14 20:18:25.831   709   924 E WifiDataStall: Ignore this poll. newStats: null txLinkSpeedMbps: 2 rxLinkSpeedMbps: 2 rssi: -50 connectionCapabilities: com.android.server.wifi.WifiNative$ConnectionCapabilities@cdfb21e
07-14 20:18:28.837   709   924 E WifiDataStall: Ignore this poll. newStats: null txLinkSpeedMbps: 2 rxLinkSpeedMbps: 2 rssi: -50 connectionCapabilities: com.android.server.wifi.WifiNative$ConnectionCapabilities@cdfb21e
07-14 20:18:31.843   709   924 E WifiDataStall: Ignore this poll. newStats: null txLinkSpeedMbps: 2 rxLinkSpeedMbps: 2 rssi: -50 connectionCapabilities: com.android.server.wifi.WifiNative$ConnectionCapabilities@cdfb21e
07-14 20:18:34.560  1185  1372 E SatelliteController: isSatelliteEnabled: mIsSatelliteEnabled=null
07-14 20:18:34.848   709   924 E WifiDataStall: Ignore this poll. newStats: null txLinkSpeedMbps: 1 rxLinkSpeedMbps: 2 rssi: -50 connectionCapabilities: com.android.server.wifi.WifiNative$ConnectionCapabilities@cdfb21e
07-14 20:18:37.854   709   924 E WifiDataStall: Ignore this poll. newStats: null txLinkSpeedMbps: 1 rxLinkSpeedMbps: 2 rssi: -50 connectionCapabilities: com.android.server.wifi.WifiNative$ConnectionCapabilities@cdfb21e
07-14 20:18:40.858   709   924 E WifiDataStall: Ignore this poll. newStats: null txLinkSpeedMbps: 2 rxLinkSpeedMbps: 2 rssi: -50 connectionCapabilities: com.android.server.wifi.WifiNative$ConnectionCapabilities@cdfb21e
07-14 20:18:43.861   709   924 E WifiDataStall: Ignore this poll. newStats: null txLinkSpeedMbps: 2 rxLinkSpeedMbps: 2 rssi: -50 connectionCapabilities: com.android.server.wifi.WifiNative$ConnectionCapabilities@cdfb21e
07-14 20:18:44.560  1185  1372 E SatelliteController: isSatelliteEnabled: mIsSatelliteEnabled=null
07-14 20:18:46.866   709   924 E WifiDataStall: Ignore this poll. newStats: null txLinkSpeedMbps: 2 rxLinkSpeedMbps: 2 rssi: -50 connectionCapabilities: com.android.server.wifi.WifiNative$ConnectionCapabilities@cdfb21e
07-14 20:18:49.871   709   924 E WifiDataStall: Ignore this poll. newStats: null txLinkSpeedMbps: 1 rxLinkSpeedMbps: 2 rssi: -50 connectionCapabilities: com.android.server.wifi.WifiNative$ConnectionCapabilities@cdfb21e
07-14 20:18:52.877   709   924 E WifiDataStall: Ignore this poll. newStats: null txLinkSpeedMbps: 1 rxLinkSpeedMbps: 2 rssi: -50 connectionCapabilities: com.android.server.wifi.WifiNative$ConnectionCapabilities@cdfb21e
07-14 20:18:54.562  1185  1372 E SatelliteController: isSatelliteEnabled: mIsSatelliteEnabled=null
07-14 20:18:55.882   709   924 E WifiDataStall: Ignore this poll. newStats: null txLinkSpeedMbps: 1 rxLinkSpeedMbps: 2 rssi: -50 connectionCapabilities: com.android.server.wifi.WifiNative$ConnectionCapabilities@cdfb21e
07-14 20:18:58.888   709   924 E WifiDataStall: Ignore this poll. newStats: null txLinkSpeedMbps: 1 rxLinkSpeedMbps: 2 rssi: -50 connectionCapabilities: com.android.server.wifi.WifiNative$ConnectionCapabilities@cdfb21e
07-14 20:19:01.894   709   924 E WifiDataStall: Ignore this poll. newStats: null txLinkSpeedMbps: 1 rxLinkSpeedMbps: 2 rssi: -50 connectionCapabilities: com.android.server.wifi.WifiNative$ConnectionCapabilities@cdfb21e
07-14 20:19:04.562  1185  1372 E SatelliteController: isSatelliteEnabled: mIsSatelliteEnabled=null
07-14 20:19:04.898   709   924 E WifiDataStall: Ignore this poll. newStats: null txLinkSpeedMbps: 1 rxLinkSpeedMbps: 2 rssi: -50 connectionCapabilities: com.android.server.wifi.WifiNative$ConnectionCapabilities@cdfb21e
07-14 20:19:07.905   709   924 E WifiDataStall: Ignore this poll. newStats: null txLinkSpeedMbps: 1 rxLinkSpeedMbps: 2 rssi: -50 connectionCapabilities: com.android.server.wifi.WifiNative$ConnectionCapabilities@cdfb21e
07-14 20:19:10.910   709   924 E WifiDataStall: Ignore this poll. newStats: null txLinkSpeedMbps: 1 rxLinkSpeedMbps: 2 rssi: -50 connectionCapabilities: com.android.server.wifi.WifiNative$ConnectionCapabilities@cdfb21e
07-14 20:19:12.784   709   931 E Nl80211Native: getChannelsMhzForBand: Wiphy index not recorded for band 8
07-14 20:19:12.784   709   931 E Nl80211Native: getChannelsMhzForBand: Wiphy index not recorded for band 16
07-14 20:19:13.916   709   924 E WifiDataStall: Ignore this poll. newStats: null txLinkSpeedMbps: 1 rxLinkSpeedMbps: 2 rssi: -50 connectionCapabilities: com.android.server.wifi.WifiNative$ConnectionCapabilities@cdfb21e
07-14 20:19:14.562  1185  1372 E SatelliteController: isSatelliteEnabled: mIsSatelliteEnabled=null
07-14 20:19:16.920   709   924 E WifiDataStall: Ignore this poll. newStats: null txLinkSpeedMbps: 1 rxLinkSpeedMbps: 2 rssi: -50 connectionCapabilities: com.android.server.wifi.WifiNative$ConnectionCapabilities@cdfb21e
07-14 20:19:19.927   709   924 E WifiDataStall: Ignore this poll. newStats: null txLinkSpeedMbps: 1 rxLinkSpeedMbps: 2 rssi: -50 connectionCapabilities: com.android.server.wifi.WifiNative$ConnectionCapabilities@cdfb21e
07-14 20:19:22.932   709   924 E WifiDataStall: Ignore this poll. newStats: null txLinkSpeedMbps: 1 rxLinkSpeedMbps: 2 rssi: -50 connectionCapabilities: com.android.server.wifi.WifiNative$ConnectionCapabilities@cdfb21e
07-14 20:19:24.562  1185  1372 E SatelliteController: isSatelliteEnabled: mIsSatelliteEnabled=null
07-14 20:19:25.938   709   924 E WifiDataStall: Ignore this poll. newStats: null txLinkSpeedMbps: 1 rxLinkSpeedMbps: 2 rssi: -50 connectionCapabilities: com.android.server.wifi.WifiNative$ConnectionCapabilities@cdfb21e
07-14 20:19:28.942   709   924 E WifiDataStall: Ignore this poll. newStats: null txLinkSpeedMbps: 1 rxLinkSpeedMbps: 2 rssi: -50 connectionCapabilities: com.android.server.wifi.WifiNative$ConnectionCapabilities@cdfb21e
07-14 20:19:31.948   709   924 E WifiDataStall: Ignore this poll. newStats: null txLinkSpeedMbps: 1 rxLinkSpeedMbps: 2 rssi: -50 connectionCapabilities: com.android.server.wifi.WifiNative$ConnectionCapabilities@cdfb21e
07-14 20:19:34.561  1185  1372 E SatelliteController: isSatelliteEnabled: mIsSatelliteEnabled=null
07-14 20:19:34.954   709   924 E WifiDataStall: Ignore this poll. newStats: null txLinkSpeedMbps: 1 rxLinkSpeedMbps: 2 rssi: -50 connectionCapabilities: com.android.server.wifi.WifiNative$ConnectionCapabilities@cdfb21e
07-14 20:19:37.958   709   924 E WifiDataStall: Ignore this poll. newStats: null txLinkSpeedMbps: 1 rxLinkSpeedMbps: 2 rssi: -50 connectionCapabilities: com.android.server.wifi.WifiNative$ConnectionCapabilities@cdfb21e
07-14 20:19:40.963   709   924 E WifiDataStall: Ignore this poll. newStats: null txLinkSpeedMbps: 1 rxLinkSpeedMbps: 2 rssi: -50 connectionCapabilities: com.android.server.wifi.WifiNative$ConnectionCapabilities@cdfb21e
07-14 20:19:43.969   709   924 E WifiDataStall: Ignore this poll. newStats: null txLinkSpeedMbps: 1 rxLinkSpeedMbps: 2 rssi: -50 connectionCapabilities: com.android.server.wifi.WifiNative$ConnectionCapabilities@cdfb21e
07-14 20:19:44.562  1185  1372 E SatelliteController: isSatelliteEnabled: mIsSatelliteEnabled=null
07-14 20:19:46.974   709   924 E WifiDataStall: Ignore this poll. newStats: null txLinkSpeedMbps: 1 rxLinkSpeedMbps: 2 rssi: -50 connectionCapabilities: com.android.server.wifi.WifiNative$ConnectionCapabilities@cdfb21e
07-14 20:19:49.978   709   924 E WifiDataStall: Ignore this poll. newStats: null txLinkSpeedMbps: 1 rxLinkSpeedMbps: 2 rssi: -50 connectionCapabilities: com.android.server.wifi.WifiNative$ConnectionCapabilities@cdfb21e
07-14 20:19:52.980   709   924 E WifiDataStall: Ignore this poll. newStats: null txLinkSpeedMbps: 1 rxLinkSpeedMbps: 2 rssi: -50 connectionCapabilities: com.android.server.wifi.WifiNative$ConnectionCapabilities@cdfb21e
07-14 20:19:54.564  1185  1372 E SatelliteController: isSatelliteEnabled: mIsSatelliteEnabled=null
07-14 20:19:55.986   709   924 E WifiDataStall: Ignore this poll. newStats: null txLinkSpeedMbps: 1 rxLinkSpeedMbps: 2 rssi: -50 connectionCapabilities: com.android.server.wifi.WifiNative$ConnectionCapabilities@cdfb21e
07-14 20:19:58.993   709   924 E WifiDataStall: Ignore this poll. newStats: null txLinkSpeedMbps: 1 rxLinkSpeedMbps: 2 rssi: -50 connectionCapabilities: com.android.server.wifi.WifiNative$ConnectionCapabilities@cdfb21e
07-14 20:20:01.998   709   924 E WifiDataStall: Ignore this poll. newStats: null txLinkSpeedMbps: 1 rxLinkSpeedMbps: 2 rssi: -50 connectionCapabilities: com.android.server.wifi.WifiNative$ConnectionCapabilities@cdfb21e
07-14 20:20:04.563  1185  1372 E SatelliteController: isSatelliteEnabled: mIsSatelliteEnabled=null
07-14 20:20:05.003   709   924 E WifiDataStall: Ignore this poll. newStats: null txLinkSpeedMbps: 1 rxLinkSpeedMbps: 2 rssi: -50 connectionCapabilities: com.android.server.wifi.WifiNative$ConnectionCapabilities@cdfb21e
07-14 20:20:08.009   709   924 E WifiDataStall: Ignore this poll. newStats: null txLinkSpeedMbps: 1 rxLinkSpeedMbps: 2 rssi: -50 connectionCapabilities: com.android.server.wifi.WifiNative$ConnectionCapabilities@cdfb21e
07-14 20:20:11.014   709   924 E WifiDataStall: Ignore this poll. newStats: null txLinkSpeedMbps: 5 rxLinkSpeedMbps: 2 rssi: -50 connectionCapabilities: com.android.server.wifi.WifiNative$ConnectionCapabilities@cdfb21e
07-14 20:20:11.031   709   935 E libbinder.IPCThreadState: Binder transaction failure. id: 1136774, cmd: BR_FAILED_REPLY (29201), error: -28 (No space left on device - Binder buffer full. Too many or too large transactions.)
07-14 20:20:11.031   709   935 E JavaBinder: !!! FAILED BINDER TRANSACTION !!!  (parcel size = 1144)
07-14 20:20:11.031   709   935 E ConnectivityService: RemoteException caught trying to send a callback msg for NetworkRequest [ LISTEN id=159, [ Capabilities: INTERNET&NOT_RESTRICTED&TRUSTED&NOT_VCN_MANAGED&NOT_BANDWIDTH_CONSTRAINED Uid: 10211 RequestorUid: 10211 RequestorPkg: com.google.android.gms MatchNonThreadLocalNetworks UnderlyingNetworks: Null] ]
07-14 20:20:11.033   709   935 E libbinder.IPCThreadState: Binder transaction failure. id: 1136786, cmd: BR_FAILED_REPLY (29201), error: -28 (No space left on device - Binder buffer full. Too many or too large transactions.)
07-14 20:20:11.033   709   935 E JavaBinder: !!! FAILED BINDER TRANSACTION !!!  (parcel size = 1156)
07-14 20:20:11.033   709   935 E ConnectivityService: RemoteException caught trying to send a callback msg for NetworkRequest [ TRACK_DEFAULT id=160, [ Capabilities: INTERNET&NOT_RESTRICTED&TRUSTED&NOT_VCN_MANAGED&NOT_BANDWIDTH_CONSTRAINED Uid: 10211 RequestorUid: 10211 RequestorPkg: com.google.android.gms UnderlyingNetworks: Null] ]
