07-14 19:28:47.641   709   924 E WifiDataStall: Ignore this poll. newStats: null txLinkSpeedMbps: 1 rxLinkSpeedMbps: 2 rssi: -50 connectionCapabilities: com.android.server.wifi.WifiNative$ConnectionCapabilities@cdfb21e
07-14 19:28:50.645   709   924 E WifiDataStall: Ignore this poll. newStats: null txLinkSpeedMbps: 1 rxLinkSpeedMbps: 2 rssi: -50 connectionCapabilities: com.android.server.wifi.WifiNative$ConnectionCapabilities@cdfb21e
07-14 19:28:53.652   709   924 E WifiDataStall: Ignore this poll. newStats: null txLinkSpeedMbps: 1 rxLinkSpeedMbps: 2 rssi: -50 connectionCapabilities: com.android.server.wifi.WifiNative$ConnectionCapabilities@cdfb21e
07-14 19:28:54.485  1185  1372 E SatelliteController: isSatelliteEnabled: mIsSatelliteEnabled=null
07-14 19:28:56.655   709   924 E WifiDataStall: Ignore this poll. newStats: null txLinkSpeedMbps: 1 rxLinkSpeedMbps: 2 rssi: -50 connectionCapabilities: com.android.server.wifi.WifiNative$ConnectionCapabilities@cdfb21e
07-14 19:28:59.662   709   924 E WifiDataStall: Ignore this poll. newStats: null txLinkSpeedMbps: 1 rxLinkSpeedMbps: 2 rssi: -50 connectionCapabilities: com.android.server.wifi.WifiNative$ConnectionCapabilities@cdfb21e
07-14 19:29:02.668   709   924 E WifiDataStall: Ignore this poll. newStats: null txLinkSpeedMbps: 1 rxLinkSpeedMbps: 2 rssi: -50 connectionCapabilities: com.android.server.wifi.WifiNative$ConnectionCapabilities@cdfb21e
07-14 19:29:04.485  1185  1372 E SatelliteController: isSatelliteEnabled: mIsSatelliteEnabled=null
07-14 19:29:05.672   709   924 E WifiDataStall: Ignore this poll. newStats: null txLinkSpeedMbps: 1 rxLinkSpeedMbps: 2 rssi: -50 connectionCapabilities: com.android.server.wifi.WifiNative$ConnectionCapabilities@cdfb21e
07-14 19:29:08.680   709   924 E WifiDataStall: Ignore this poll. newStats: null txLinkSpeedMbps: 1 rxLinkSpeedMbps: 2 rssi: -50 connectionCapabilities: com.android.server.wifi.WifiNative$ConnectionCapabilities@cdfb21e
07-14 19:29:11.686   709   924 E WifiDataStall: Ignore this poll. newStats: null txLinkSpeedMbps: 1 rxLinkSpeedMbps: 2 rssi: -50 connectionCapabilities: com.android.server.wifi.WifiNative$ConnectionCapabilities@cdfb21e
07-14 19:29:14.486  1185  1372 E SatelliteController: isSatelliteEnabled: mIsSatelliteEnabled=null
07-14 19:29:14.690   709   924 E WifiDataStall: Ignore this poll. newStats: null txLinkSpeedMbps: 1 rxLinkSpeedMbps: 2 rssi: -50 connectionCapabilities: com.android.server.wifi.WifiNative$ConnectionCapabilities@cdfb21e
07-14 19:29:17.696   709   924 E WifiDataStall: Ignore this poll. newStats: null txLinkSpeedMbps: 1 rxLinkSpeedMbps: 2 rssi: -50 connectionCapabilities: com.android.server.wifi.WifiNative$ConnectionCapabilities@cdfb21e
07-14 19:29:20.698   709   924 E WifiDataStall: Ignore this poll. newStats: null txLinkSpeedMbps: 1 rxLinkSpeedMbps: 2 rssi: -50 connectionCapabilities: com.android.server.wifi.WifiNative$ConnectionCapabilities@cdfb21e
07-14 19:29:23.705   709   924 E WifiDataStall: Ignore this poll. newStats: null txLinkSpeedMbps: 1 rxLinkSpeedMbps: 2 rssi: -50 connectionCapabilities: com.android.server.wifi.WifiNative$ConnectionCapabilities@cdfb21e
07-14 19:29:24.366   709   865 E system_server: Failed to open /proc/9249/fdinfo directory: No such file or directory
07-14 19:29:24.366   709   865 E system_server: Failed to read dmabuf fd references
07-14 19:29:24.485  1185  1372 E SatelliteController: isSatelliteEnabled: mIsSatelliteEnabled=null
07-14 19:29:26.710   709   924 E WifiDataStall: Ignore this poll. newStats: null txLinkSpeedMbps: 1 rxLinkSpeedMbps: 2 rssi: -50 connectionCapabilities: com.android.server.wifi.WifiNative$ConnectionCapabilities@cdfb21e
07-14 19:29:29.714   709   924 E WifiDataStall: Ignore this poll. newStats: null txLinkSpeedMbps: 1 rxLinkSpeedMbps: 2 rssi: -50 connectionCapabilities: com.android.server.wifi.WifiNative$ConnectionCapabilities@cdfb21e
07-14 19:29:32.721   709   924 E WifiDataStall: Ignore this poll. newStats: null txLinkSpeedMbps: 1 rxLinkSpeedMbps: 2 rssi: -50 connectionCapabilities: com.android.server.wifi.WifiNative$ConnectionCapabilities@cdfb21e
07-14 19:29:34.486  1185  1372 E SatelliteController: isSatelliteEnabled: mIsSatelliteEnabled=null
07-14 19:29:35.728   709   924 E WifiDataStall: Ignore this poll. newStats: null txLinkSpeedMbps: 1 rxLinkSpeedMbps: 2 rssi: -50 connectionCapabilities: com.android.server.wifi.WifiNative$ConnectionCapabilities@cdfb21e
07-14 19:29:38.734   709   924 E WifiDataStall: Ignore this poll. newStats: null txLinkSpeedMbps: 1 rxLinkSpeedMbps: 2 rssi: -50 connectionCapabilities: com.android.server.wifi.WifiNative$ConnectionCapabilities@cdfb21e
07-14 19:29:41.741   709   924 E WifiDataStall: Ignore this poll. newStats: null txLinkSpeedMbps: 1 rxLinkSpeedMbps: 2 rssi: -50 connectionCapabilities: com.android.server.wifi.WifiNative$ConnectionCapabilities@cdfb21e
07-14 19:29:44.485  1185  1372 E SatelliteController: isSatelliteEnabled: mIsSatelliteEnabled=null
07-14 19:29:44.745   709   924 E WifiDataStall: Ignore this poll. newStats: null txLinkSpeedMbps: 2 rxLinkSpeedMbps: 2 rssi: -50 connectionCapabilities: com.android.server.wifi.WifiNative$ConnectionCapabilities@cdfb21e
07-14 19:29:47.752   709   924 E WifiDataStall: Ignore this poll. newStats: null txLinkSpeedMbps: 2 rxLinkSpeedMbps: 2 rssi: -50 connectionCapabilities: com.android.server.wifi.WifiNative$ConnectionCapabilities@cdfb21e
07-14 19:29:50.759   709   924 E WifiDataStall: Ignore this poll. newStats: null txLinkSpeedMbps: 2 rxLinkSpeedMbps: 2 rssi: -50 connectionCapabilities: com.android.server.wifi.WifiNative$ConnectionCapabilities@cdfb21e
07-14 19:29:53.763   709   924 E WifiDataStall: Ignore this poll. newStats: null txLinkSpeedMbps: 1 rxLinkSpeedMbps: 2 rssi: -50 connectionCapabilities: com.android.server.wifi.WifiNative$ConnectionCapabilities@cdfb21e
07-14 19:29:54.486  1185  1372 E SatelliteController: isSatelliteEnabled: mIsSatelliteEnabled=null
07-14 19:29:56.769   709   924 E WifiDataStall: Ignore this poll. newStats: null txLinkSpeedMbps: 1 rxLinkSpeedMbps: 2 rssi: -50 connectionCapabilities: com.android.server.wifi.WifiNative$ConnectionCapabilities@cdfb21e
07-14 19:29:59.776   709   924 E WifiDataStall: Ignore this poll. newStats: null txLinkSpeedMbps: 1 rxLinkSpeedMbps: 2 rssi: -50 connectionCapabilities: com.android.server.wifi.WifiNative$ConnectionCapabilities@cdfb21e
07-14 19:30:01.283   709  1007 E ClipboardService: Denying clipboard access to com.android.chrome, application is not in focus nor is it a system service for user 0
07-14 19:30:02.780   709   924 E WifiDataStall: Ignore this poll. newStats: null txLinkSpeedMbps: 2 rxLinkSpeedMbps: 2 rssi: -50 connectionCapabilities: com.android.server.wifi.WifiNative$ConnectionCapabilities@cdfb21e
07-14 19:30:04.486  1185  1372 E SatelliteController: isSatelliteEnabled: mIsSatelliteEnabled=null
07-14 19:30:05.786   709   924 E WifiDataStall: Ignore this poll. newStats: null txLinkSpeedMbps: 2 rxLinkSpeedMbps: 2 rssi: -50 connectionCapabilities: com.android.server.wifi.WifiNative$ConnectionCapabilities@cdfb21e
07-14 19:30:08.218   709   831 E TransitionChain: Can't collect into a chain with no transition
07-14 19:30:08.224  9899  9899 E FeatureFlagsImplExport: android.os.flagging.AconfigStorageReadException: ERROR_PACKAGE_NOT_FOUND: package android.xr cannot be found on the device
07-14 19:30:08.407  9899  9935 E st.exp.exponent: No package ID 6a found for resource ID 0x6a0b0013.
07-14 19:30:08.789   709   924 E WifiDataStall: Ignore this poll. newStats: null txLinkSpeedMbps: 2 rxLinkSpeedMbps: 2 rssi: -50 connectionCapabilities: com.android.server.wifi.WifiNative$ConnectionCapabilities@cdfb21e
07-14 19:30:11.309   709   830 E TransitionChain: Can't collect into a chain with no transition
07-14 19:30:11.421   709   830 E ConsumerBase: [ImageReader-864x1920f1m1-709-30] abandonLocked: ConsumerBase is abandoned!
07-14 19:30:11.794   709   924 E WifiDataStall: Ignore this poll. newStats: null txLinkSpeedMbps: 2 rxLinkSpeedMbps: 2 rssi: -50 connectionCapabilities: com.android.server.wifi.WifiNative$ConnectionCapabilities@cdfb21e
07-14 19:30:11.856   709  1015 E ConsumerBase: [ImageReader-864x1920f1m1-709-31] abandonLocked: ConsumerBase is abandoned!
07-14 19:30:12.088  9899 10012 E i       : java.net.MalformedURLException: Attempt to invoke virtual method 'int java.lang.String.length()' on a null object reference
07-14 19:30:12.107  9899 10012 E i       : java.net.MalformedURLException: Attempt to invoke virtual method 'int java.lang.String.length()' on a null object reference
07-14 19:30:12.111  9899  9899 E o       : java.lang.NoSuchFieldException: No field numActivities in class Landroid/app/ActivityManager$RecentTaskInfo; (declaration of 'android.app.ActivityManager$RecentTaskInfo' appears in /system/framework/framework.jar)
07-14 19:30:12.117  9899  9899 E g       : java.lang.RuntimeException: A TaskDescription's primary color should be opaque
07-14 19:30:12.121  9899  9899 E g       : java.lang.RuntimeException: A TaskDescription's primary color should be opaque
07-14 19:30:13.190   709  1729 E TaskPersister: File error accessing recents directory (directory doesn't exist?).
07-14 19:30:14.176  9899 10016 E unknown:UIManagerHelper: Unhandled SoftException
07-14 19:30:14.176  9899 10016 E unknown:UIManagerHelper: com.facebook.react.bridge.ReactNoCrashSoftException: Cannot get UIManager because the context doesn't contain an active React instance.
07-14 19:30:14.176  9899 10016 E unknown:UIManagerHelper: 	at com.facebook.react.uimanager.UIManagerHelper.getUIManager(r8-map-id-76a6598150d3c068205f2ece489a9b1fcd1ad82203d07640bcb897ca4fe7d60d:18)
07-14 19:30:14.176  9899 10016 E unknown:UIManagerHelper: 	at xd.f.d(r8-map-id-76a6598150d3c068205f2ece489a9b1fcd1ad82203d07640bcb897ca4fe7d60d:8)
07-14 19:30:14.176  9899 10016 E unknown:UIManagerHelper: 	at Ed.g.<init>(r8-map-id-76a6598150d3c068205f2ece489a9b1fcd1ad82203d07640bcb897ca4fe7d60d:11)
07-14 19:30:14.176  9899 10016 E unknown:UIManagerHelper: 	at com.reactnativekeyboardcontroller.KeyboardControllerModule.<init>(r8-map-id-76a6598150d3c068205f2ece489a9b1fcd1ad82203d07640bcb897ca4fe7d60d:11)
07-14 19:30:14.176  9899 10016 E unknown:UIManagerHelper: 	at versioned.host.exp.exponent.ExponentPackage.createNativeModules(r8-map-id-76a6598150d3c068205f2ece489a9b1fcd1ad82203d07640bcb897ca4fe7d60d:178)
07-14 19:30:14.176  9899 10016 E unknown:UIManagerHelper: 	at com.facebook.react.ReactPackageTurboModuleManagerDelegate.initialize(r8-map-id-76a6598150d3c068205f2ece489a9b1fcd1ad82203d07640bcb897ca4fe7d60d:57)
07-14 19:30:14.176  9899 10016 E unknown:UIManagerHelper: 	at com.facebook.react.ReactPackageTurboModuleManagerDelegate.<init>(r8-map-id-76a6598150d3c068205f2ece489a9b1fcd1ad82203d07640bcb897ca4fe7d60d:14)
07-14 19:30:14.176  9899 10016 E unknown:UIManagerHelper: 	at com.facebook.react.defaults.DefaultTurboModuleManagerDelegate.<init>(r8-map-id-76a6598150d3c068205f2ece489a9b1fcd1ad82203d07640bcb897ca4fe7d60d:2)
07-14 19:30:14.176  9899 10016 E unknown:UIManagerHelper: 	at com.facebook.react.defaults.DefaultTurboModuleManagerDelegate.<init>(r8-map-id-76a6598150d3c068205f2ece489a9b1fcd1ad82203d07640bcb897ca4fe7d60d:1)
07-14 19:30:14.176  9899 10016 E unknown:UIManagerHelper: 	at com.facebook.react.defaults.DefaultTurboModuleManagerDelegate$Builder.build(r8-map-id-76a6598150d3c068205f2ece489a9b1fcd1ad82203d07640bcb897ca4fe7d60d:8)
07-14 19:30:14.176  9899 10016 E unknown:UIManagerHelper: 	at com.facebook.react.defaults.DefaultTurboModuleManagerDelegate$Builder.build(r8-map-id-76a6598150d3c068205f2ece489a9b1fcd1ad82203d07640bcb897ca4fe7d60d:1)
07-14 19:30:14.176  9899 10016 E unknown:UIManagerHelper: 	at com.facebook.react.ReactPackageTurboModuleManagerDelegate$Builder.build(r8-map-id-76a6598150d3c068205f2ece489a9b1fcd1ad82203d07640bcb897ca4fe7d60d:3)
07-14 19:30:14.176  9899 10016 E unknown:UIManagerHelper: 	at com.facebook.react.runtime.ReactInstance.<init>(r8-map-id-76a6598150d3c068205f2ece489a9b1fcd1ad82203d07640bcb897ca4fe7d60d:230)
07-14 19:30:14.176  9899 10016 E unknown:UIManagerHelper: 	at com.facebook.react.runtime.ReactHostImpl.getOrCreateReactInstanceTask$lambda$45$lambda$41(r8-map-id-76a6598150d3c068205f2ece489a9b1fcd1ad82203d07640bcb897ca4fe7d60d:63)
07-14 19:30:14.176  9899 10016 E unknown:UIManagerHelper: 	at com.facebook.react.runtime.ReactHostImpl.x(r8-map-id-76a6598150d3c068205f2ece489a9b1fcd1ad82203d07640bcb897ca4fe7d60d:1)
07-14 19:30:14.176  9899 10016 E unknown:UIManagerHelper: 	at com.facebook.react.runtime.T.then(r8-map-id-76a6598150d3c068205f2ece489a9b1fcd1ad82203d07640bcb897ca4fe7d60d:5)
07-14 19:30:14.176  9899 10016 E unknown:UIManagerHelper: 	at com.facebook.react.runtime.internal.bolts.Task$Companion.completeImmediately$lambda$3(r8-map-id-76a6598150d3c068205f2ece489a9b1fcd1ad82203d07640bcb897ca4fe7d60d:1)
07-14 19:30:14.176  9899 10016 E unknown:UIManagerHelper: 	at com.facebook.react.runtime.internal.bolts.Task$Companion.e(r8-map-id-76a6598150d3c068205f2ece489a9b1fcd1ad82203d07640bcb897ca4fe7d60d:1)
07-14 19:30:14.176  9899 10016 E unknown:UIManagerHelper: 	at com.facebook.react.runtime.internal.bolts.i.run(r8-map-id-76a6598150d3c068205f2ece489a9b1fcd1ad82203d07640bcb897ca4fe7d60d:7)
07-14 19:30:14.176  9899 10016 E unknown:UIManagerHelper: 	at com.facebook.react.runtime.internal.bolts.Executors$ImmediateExecutor.execute(r8-map-id-76a6598150d3c068205f2ece489a9b1fcd1ad82203d07640bcb897ca4fe7d60d:6)
07-14 19:30:14.176  9899 10016 E unknown:UIManagerHelper: 	at com.facebook.react.runtime.internal.bolts.Task$Companion.completeImmediately(r8-map-id-76a6598150d3c068205f2ece489a9b1fcd1ad82203d07640bcb897ca4fe7d60d:6)
07-14 19:30:14.176  9899 10016 E unknown:UIManagerHelper: 	at com.facebook.react.runtime.internal.bolts.Task$Companion.access$completeImmediately(r8-map-id-76a6598150d3c068205f2ece489a9b1fcd1ad82203d07640bcb897ca4fe7d60d:1)
07-14 19:30:14.176  9899 10016 E unknown:UIManagerHelper: 	at com.facebook.react.runtime.internal.bolts.Task.continueWith(r8-map-id-76a6598150d3c068205f2ece489a9b1fcd1ad82203d07640bcb897ca4fe7d60d:8)
07-14 19:30:14.176  9899 10016 E unknown:UIManagerHelper: 	at com.facebook.react.runtime.internal.bolts.Task.continueWith$default(r8-map-id-76a6598150d3c068205f2ece489a9b1fcd1ad82203d07640bcb897ca4fe7d60d:7)
07-14 19:30:14.176  9899 10016 E unknown:UIManagerHelper: 	at com.facebook.react.runtime.internal.bolts.Task.onSuccess$lambda$12(r8-map-id-76a6598150d3c068205f2ece489a9b1fcd1ad82203d07640bcb897ca4fe7d60d:38)
07-14 19:30:14.176  9899 10016 E unknown:UIManagerHelper: 	at com.facebook.react.runtime.internal.bolts.Task.e(r8-map-id-76a6598150d3c068205f2ece489a9b1fcd1ad82203d07640bcb897ca4fe7d60d:1)
07-14 19:30:14.176  9899 10016 E unknown:UIManagerHelper: 	at com.facebook.react.runtime.internal.bolts.c.then(r8-map-id-76a6598150d3c068205f2ece489a9b1fcd1ad82203d07640bcb897ca4fe7d60d:3)
07-14 19:30:14.176  9899 10016 E unknown:UIManagerHelper: 	at com.facebook.react.runtime.internal.bolts.Task$Companion.completeAfterTask$lambda$5(r8-map-id-76a6598150d3c068205f2ece489a9b1fcd1ad82203d07640bcb897ca4fe7d60d:1)
07-14 19:30:14.176  9899 10016 E unknown:UIManagerHelper: 	at com.facebook.react.runtime.internal.bolts.Task$Companion.a(r8-map-id-76a6598150d3c068205f2ece489a9b1fcd1ad82203d07640bcb897ca4fe7d60d:1)
07-14 19:30:14.176  9899 10016 E unknown:UIManagerHelper: 	at com.facebook.react.runtime.internal.bolts.j.run(r8-map-id-76a6598150d3c068205f2ece489a9b1fcd1ad82203d07640bcb897ca4fe7d60d:7)
07-14 19:30:14.176  9899 10016 E unknown:UIManagerHelper: 	at java.util.concurrent.ThreadPoolExecutor.runWorker(ThreadPoolExecutor.java:1100)
07-14 19:30:14.176  9899 10016 E unknown:UIManagerHelper: 	at java.util.concurrent.ThreadPoolExecutor$Worker.run(ThreadPoolExecutor.java:624)
07-14 19:30:14.176  9899 10016 E unknown:UIManagerHelper: 	at java.lang.Thread.run(Thread.java:1569)
07-14 19:30:14.489  1185  1372 E SatelliteController: isSatelliteEnabled: mIsSatelliteEnabled=null
07-14 19:30:14.717  9899 10026 F libc    : Fatal signal 11 (SIGSEGV), code 128 (SI_KERNEL), fault addr 0x0 in tid 10026 (mqt_v_js), pid 9899 (st.exp.exponent)
07-14 19:30:14.796   709   924 E WifiDataStall: Ignore this poll. newStats: null txLinkSpeedMbps: 11 rxLinkSpeedMbps: 2 rssi: -50 connectionCapabilities: com.android.server.wifi.WifiNative$ConnectionCapabilities@cdfb21e
07-14 19:30:14.930 10042 10042 F DEBUG   : *** *** *** *** *** *** *** *** *** *** *** *** *** *** *** ***
07-14 19:30:14.930 10042 10042 F DEBUG   : Build fingerprint: 'google/sdk_gphone16k_x86_64/emu64xa16k:17/CP31.260618.005/15731206:user/dev-keys'
07-14 19:30:14.930 10042 10042 F DEBUG   : Kernel Release: '6.12.69-android16-6-g214d1615c480-ab15053784'
07-14 19:30:14.930 10042 10042 F DEBUG   : Revision: '0'
07-14 19:30:14.930 10042 10042 F DEBUG   : ABI: 'x86_64'
07-14 19:30:14.930 10042 10042 F DEBUG   : Timestamp: 2026-07-14 19:30:14.785711700+0530
07-14 19:30:14.930 10042 10042 F DEBUG   : Process uptime: 8s
07-14 19:30:14.930 10042 10042 F DEBUG   : Page size: 16384 bytes
07-14 19:30:14.930 10042 10042 F DEBUG   : Executable: /system/bin/app_process64
07-14 19:30:14.930 10042 10042 F DEBUG   : Cmdline: host.exp.exponent
07-14 19:30:14.930 10042 10042 F DEBUG   : pid: 9899, ppid: 468, tid: 10026, name: mqt_v_js  >>> host.exp.exponent <<<
07-14 19:30:14.930 10042 10042 F DEBUG   : uid: 10229
07-14 19:30:14.930 10042 10042 F DEBUG   : signal 11 (SIGSEGV), code 128 (SI_KERNEL), fault addr 0x0000000000000000 (read)
07-14 19:30:14.930 10042 10042 F DEBUG   : 
07-14 19:30:14.930 10042 10042 F DEBUG   :     rax 0000774198acfeb0  rbx 0000000004e7c149  rcx 0000000000000100  rdx 0000000004e7c149
07-14 19:30:14.930 10042 10042 F DEBUG   :     r8  000077445a4a7164  r9  0000000000000000  r10 0000000004e80000  r11 0000000000000246
07-14 19:30:14.930 10042 10042 F DEBUG   :     r12 0000000004e7c151  r13 fffffffffffffff0  r14 0000774198acfeb0  r15 802874c739491845
07-14 19:30:14.930 10042 10042 F DEBUG   :     rdi 0000774198acfeb0  rsi 802874c739491845
07-14 19:30:14.930 10042 10042 F DEBUG   :     rbp 00007741a5ac8dd0  rsp 00007741a5ac8cf0  rip 000077445a565ede  err 0000000000000000
07-14 19:30:14.930 10042 10042 F DEBUG   : 
07-14 19:30:14.930 10042 10042 F DEBUG   : 43 total frames
07-14 19:30:14.930 10042 10042 F DEBUG   : backtrace:
07-14 19:30:14.930 10042 10042 F DEBUG   :       #00 pc 00000000000ddede  /apex/com.android.runtime/lib64/bionic/libc.so (memmove_avx2+1390) (BuildId: 31d9c7e84272403b9dbdd97d6cb13ac7)
07-14 19:30:14.930 10042 10042 F DEBUG   :       #01 pc 00000000000f8fff  /data/app/~~nuZefSiuootQ7l4RIQMyVw==/host.exp.exponent--JX2F04iGGVLzkRxSTPK5A==/base.apk!libhermesvm.so (offset 0x9cd8000) (BuildId: f6a341460d1a9a9091803cc231b6022bc1d4a23a)
07-14 19:30:14.930 10042 10042 F DEBUG   :       #02 pc 00000000000f9767  /data/app/~~nuZefSiuootQ7l4RIQMyVw==/host.exp.exponent--JX2F04iGGVLzkRxSTPK5A==/base.apk!libhermesvm.so (offset 0x9cd8000) (BuildId: f6a341460d1a9a9091803cc231b6022bc1d4a23a)
07-14 19:30:14.930 10042 10042 F DEBUG   :       #03 pc 00000000000efc58  /data/app/~~nuZefSiuootQ7l4RIQMyVw==/host.exp.exponent--JX2F04iGGVLzkRxSTPK5A==/base.apk!libhermesvm.so (offset 0x9cd8000) (BuildId: f6a341460d1a9a9091803cc231b6022bc1d4a23a)
07-14 19:30:14.930 10042 10042 F DEBUG   :       #04 pc 0000000000091ced  /data/app/~~nuZefSiuootQ7l4RIQMyVw==/host.exp.exponent--JX2F04iGGVLzkRxSTPK5A==/base.apk!libworklets.so (offset 0xb7e8000) (BuildId: eacfc0111b9a31222d8842a19a3f33fb532d1e94)
07-14 19:30:14.930 10042 10042 F DEBUG   :       #05 pc 00000000000fc234  /data/app/~~nuZefSiuootQ7l4RIQMyVw==/host.exp.exponent--JX2F04iGGVLzkRxSTPK5A==/base.apk!libhermesvm.so (offset 0x9cd8000) (BuildId: f6a341460d1a9a9091803cc231b6022bc1d4a23a)
07-14 19:30:14.930 10042 10042 F DEBUG   :       #06 pc 00000000000fbf22  /data/app/~~nuZefSiuootQ7l4RIQMyVw==/host.exp.exponent--JX2F04iGGVLzkRxSTPK5A==/base.apk!libhermesvm.so (offset 0x9cd8000) (BuildId: f6a341460d1a9a9091803cc231b6022bc1d4a23a)
07-14 19:30:14.930 10042 10042 F DEBUG   :       #07 pc 00000000001f9c2f  /data/app/~~nuZefSiuootQ7l4RIQMyVw==/host.exp.exponent--JX2F04iGGVLzkRxSTPK5A==/base.apk!libhermesvm.so (offset 0x9cd8000) (BuildId: f6a341460d1a9a9091803cc231b6022bc1d4a23a)
07-14 19:30:14.930 10042 10042 F DEBUG   :       #08 pc 000000000020df66  /data/app/~~nuZefSiuootQ7l4RIQMyVw==/host.exp.exponent--JX2F04iGGVLzkRxSTPK5A==/base.apk!libhermesvm.so (offset 0x9cd8000) (BuildId: f6a341460d1a9a9091803cc231b6022bc1d4a23a)
07-14 19:30:14.930 10042 10042 F DEBUG   :       #09 pc 000000000020e85a  /data/app/~~nuZefSiuootQ7l4RIQMyVw==/host.exp.exponent--JX2F04iGGVLzkRxSTPK5A==/base.apk!libhermesvm.so (offset 0x9cd8000) (BuildId: f6a341460d1a9a9091803cc231b6022bc1d4a23a)
07-14 19:30:14.930 10042 10042 F DEBUG   :       #10 pc 000000000020e031  /data/app/~~nuZefSiuootQ7l4RIQMyVw==/host.exp.exponent--JX2F04iGGVLzkRxSTPK5A==/base.apk!libhermesvm.so (offset 0x9cd8000) (BuildId: f6a341460d1a9a9091803cc231b6022bc1d4a23a)
07-14 19:30:14.930 10042 10042 F DEBUG   :       #11 pc 000000000025020c  /data/app/~~nuZefSiuootQ7l4RIQMyVw==/host.exp.exponent--JX2F04iGGVLzkRxSTPK5A==/base.apk!libhermesvm.so (offset 0x9cd8000) (BuildId: f6a341460d1a9a9091803cc231b6022bc1d4a23a)
07-14 19:30:14.930 10042 10042 F DEBUG   :       #12 pc 00000000000ee534  /data/app/~~nuZefSiuootQ7l4RIQMyVw==/host.exp.exponent--JX2F04iGGVLzkRxSTPK5A==/base.apk!libhermesvm.so (offset 0x9cd8000) (BuildId: f6a341460d1a9a9091803cc231b6022bc1d4a23a)
07-14 19:30:14.930 10042 10042 F DEBUG   :       #13 pc 00000000000f750d  /data/app/~~nuZefSiuootQ7l4RIQMyVw==/host.exp.exponent--JX2F04iGGVLzkRxSTPK5A==/base.apk!libhermesvm.so (offset 0x9cd8000) (BuildId: f6a341460d1a9a9091803cc231b6022bc1d4a23a)
07-14 19:30:14.930 10042 10042 F DEBUG   :       #14 pc 00000000000ee320  /data/app/~~nuZefSiuootQ7l4RIQMyVw==/host.exp.exponent--JX2F04iGGVLzkRxSTPK5A==/base.apk!libhermesvm.so (offset 0x9cd8000) (BuildId: f6a341460d1a9a9091803cc231b6022bc1d4a23a)
07-14 19:30:14.930 10042 10042 F DEBUG   :       #15 pc 00000000002c0cd8  /data/app/~~nuZefSiuootQ7l4RIQMyVw==/host.exp.exponent--JX2F04iGGVLzkRxSTPK5A==/base.apk!libreactnative.so (offset 0xa3c4000) (BuildId: ee82067200b1fbe25b8135139dcb63a408b537a7)
07-14 19:30:14.930 10042 10042 F DEBUG   :       #16 pc 0000000000517b59  /data/app/~~nuZefSiuootQ7l4RIQMyVw==/host.exp.exponent--JX2F04iGGVLzkRxSTPK5A==/base.apk!libreactnative.so (offset 0xa3c4000) (facebook::react::Task::execute(facebook::jsi::Runtime&, bool)+313) (BuildId: ee82067200b1fbe25b8135139dcb63a408b537a7)
07-14 19:30:14.930 10042 10042 F DEBUG   :       #17 pc 0000000000515a88  /data/app/~~nuZefSiuootQ7l4RIQMyVw==/host.exp.exponent--JX2F04iGGVLzkRxSTPK5A==/base.apk!libreactnative.so (offset 0xa3c4000) (facebook::react::RuntimeScheduler_Modern::executeTask(facebook::jsi::Runtime&, facebook::react::Task&, bool) const+56) (BuildId: ee82067200b1fbe25b8135139dcb63a408b537a7)
07-14 19:30:14.930 10042 10042 F DEBUG   :       #18 pc 0000000000516361  /data/app/~~nuZefSiuootQ7l4RIQMyVw==/host.exp.exponent--JX2F04iGGVLzkRxSTPK5A==/base.apk!libreactnative.so (offset 0xa3c4000) (facebook::react::RuntimeScheduler_Modern::runEventLoopTick(facebook::jsi::Runtime&, facebook::react::Task&)+113) (BuildId: ee82067200b1fbe25b8135139dcb63a408b537a7)
07-14 19:30:14.930 10042 10042 F DEBUG   :       #19 pc 0000000000516087  /data/app/~~nuZefSiuootQ7l4RIQMyVw==/host.exp.exponent--JX2F04iGGVLzkRxSTPK5A==/base.apk!libreactnative.so (offset 0xa3c4000) (facebook::react::RuntimeScheduler_Modern::runEventLoop(facebook::jsi::Runtime&)+119) (BuildId: ee82067200b1fbe25b8135139dcb63a408b537a7)
07-14 19:30:14.930 10042 10042 F DEBUG   :       #20 pc 00000000002bec09  /data/app/~~nuZefSiuootQ7l4RIQMyVw==/host.exp.exponent--JX2F04iGGVLzkRxSTPK5A==/base.apk!libreactnative.so (offset 0xa3c4000) (BuildId: ee82067200b1fbe25b8135139dcb63a408b537a7)
07-14 19:30:14.930 10042 10042 F DEBUG   :       #21 pc 00000000005637ad  /data/app/~~nuZefSiuootQ7l4RIQMyVw==/host.exp.exponent--JX2F04iGGVLzkRxSTPK5A==/base.apk!libreactnative.so (offset 0xa3c4000) (BuildId: ee82067200b1fbe25b8135139dcb63a408b537a7)
07-14 19:30:14.930 10042 10042 F DEBUG   :       #22 pc 0000000000017202  /data/app/~~nuZefSiuootQ7l4RIQMyVw==/host.exp.exponent--JX2F04iGGVLzkRxSTPK5A==/base.apk!libfbjni.so (offset 0x9c30000) (facebook::jni::detail::MethodWrapper<void (facebook::jni::JNativeRunnable::*)(), &facebook::jni::JNativeRunnable::run(), facebook::jni::JNativeRunnable, void>::dispatch(facebook::jni::alias_ref<facebook::jni::detail::JTypeFor<facebook::jni::HybridClass<facebook::jni::JNativeRunnable, facebook::jni::JRunnable>::JavaPart, facebook::jni::JRunnable, void>::_javaobject*>)+66) (BuildId: 2f4b0da170c8a1af5bf245a5dba7c30a6974f2f2)
07-14 19:30:14.930 10042 10042 F DEBUG   :       #23 pc 0000000000017143  /data/app/~~nuZefSiuootQ7l4RIQMyVw==/host.exp.exponent--JX2F04iGGVLzkRxSTPK5A==/base.apk!libfbjni.so (offset 0x9c30000) (facebook::jni::detail::FunctionWrapper<void (*)(facebook::jni::alias_ref<facebook::jni::detail::JTypeFor<facebook::jni::HybridClass<facebook::jni::JNativeRunnable, facebook::jni::JRunnable>::JavaPart, facebook::jni::JRunnable, void>::_javaobject*>), facebook::jni::detail::JTypeFor<facebook::jni::HybridClass<facebook::jni::JNativeRunnable, facebook::jni::JRunnable>::JavaPart, facebook::jni::JRunnable, void>::_javaobject*, void>::call(_JNIEnv*, _jobject*, void (*)(facebook::jni::alias_ref<facebook::jni::detail::JTypeFor<facebook::jni::HybridClass<facebook::jni::JNativeRunnable, facebook::jni::JRunnable>::JavaPart, facebook::jni::JRunnable, void>::_javaobject*>))+51) (BuildId: 2f4b0da170c8a1af5bf245a5dba7c30a6974f2f2)
07-14 19:30:14.930 10042 10042 F DEBUG   :       #24 pc 00000000002e1073  /system/framework/x86_64/boot.oat (art_jni_trampoline+131) (BuildId: f7a07dd2121f1aa5c6852771368e6675a695579f)
07-14 19:30:14.930 10042 10042 F DEBUG   :       #25 pc 00000000004ac0ec  /system/framework/x86_64/boot-framework.oat (android.os.Handler.dispatchMessage+76) (BuildId: f52c31ec9e1a61b557ca34406b0da49d7254c003)
07-14 19:30:14.930 10042 10042 F DEBUG   :       #26 pc 00000000002098f1  /apex/com.android.art/lib64/libart.so (nterp_helper+3837) (BuildId: fab9191c29e4f256dce500f66003d5d2)
07-14 19:30:14.930 10042 10042 F DEBUG   :       #27 pc 0000000001096036  /data/app/~~nuZefSiuootQ7l4RIQMyVw==/host.exp.exponent--JX2F04iGGVLzkRxSTPK5A==/oat/x86_64/base.vdex (com.facebook.react.bridge.queue.MessageQueueThreadHandler.dispatchMessage+10)
07-14 19:30:14.930 10042 10042 F DEBUG   :       #28 pc 00000000005174c9  /system/framework/x86_64/boot-framework.oat (android.os.Looper.loopOnce+1257) (BuildId: f52c31ec9e1a61b557ca34406b0da49d7254c003)
07-14 19:30:14.930 10042 10042 F DEBUG   :       #29 pc 0000000000516f12  /system/framework/x86_64/boot-framework.oat (android.os.Looper.loop+306) (BuildId: f52c31ec9e1a61b557ca34406b0da49d7254c003)
07-14 19:30:14.930 10042 10042 F DEBUG   :       #30 pc 0000000000208a99  /apex/com.android.art/lib64/libart.so (nterp_helper+165) (BuildId: fab9191c29e4f256dce500f66003d5d2)
07-14 19:30:14.930 10042 10042 F DEBUG   :       #31 pc 00000000010962e4  /data/app/~~nuZefSiuootQ7l4RIQMyVw==/host.exp.exponent--JX2F04iGGVLzkRxSTPK5A==/oat/x86_64/base.vdex (com.facebook.react.bridge.queue.MessageQueueThreadImpl$Companion.startNewBackgroundThread$lambda$0+28)
07-14 19:30:14.930 10042 10042 F DEBUG   :       #32 pc 0000000000208a2c  /apex/com.android.art/lib64/libart.so (nterp_helper+56) (BuildId: fab9191c29e4f256dce500f66003d5d2)
07-14 19:30:14.930 10042 10042 F DEBUG   :       #33 pc 0000000001096280  /data/app/~~nuZefSiuootQ7l4RIQMyVw==/host.exp.exponent--JX2F04iGGVLzkRxSTPK5A==/oat/x86_64/base.vdex (com.facebook.react.bridge.queue.MessageQueueThreadImpl$Companion.a+0)
07-14 19:30:14.930 10042 10042 F DEBUG   :       #34 pc 0000000000208a2c  /apex/com.android.art/lib64/libart.so (nterp_helper+56) (BuildId: fab9191c29e4f256dce500f66003d5d2)
07-14 19:30:14.930 10042 10042 F DEBUG   :       #35 pc 00000000010960cc  /data/app/~~nuZefSiuootQ7l4RIQMyVw==/host.exp.exponent--JX2F04iGGVLzkRxSTPK5A==/oat/x86_64/base.vdex (com.facebook.react.bridge.queue.b.run+4)
07-14 19:30:14.930 10042 10042 F DEBUG   :       #36 pc 00000000000aa1a7  /system/framework/x86_64/boot.oat (java.lang.Thread.run+71) (BuildId: f7a07dd2121f1aa5c6852771368e6675a695579f)
07-14 19:30:14.930 10042 10042 F DEBUG   :       #37 pc 0000000000211d54  /apex/com.android.art/lib64/libart.so (art_quick_invoke_stub+756) (BuildId: fab9191c29e4f256dce500f66003d5d2)
07-14 19:30:14.930 10042 10042 F DEBUG   :       #38 pc 00000000005a21d1  /apex/com.android.art/lib64/libart.so (art::ArtMethod::Invoke(art::Thread*, unsigned int*, unsigned int, art::JValue*, char const*)+193) (BuildId: fab9191c29e4f256dce500f66003d5d2)
07-14 19:30:14.930 10042 10042 F DEBUG   :       #39 pc 0000000000a59a4e  /apex/com.android.art/lib64/libart.so (art::Thread::CreateCallback(void*)+1534) (BuildId: fab9191c29e4f256dce500f66003d5d2)
07-14 19:30:14.930 10042 10042 F DEBUG   :       #40 pc 0000000000a59448  /apex/com.android.art/lib64/libart.so (art::Thread::CreateCallbackWithUffdGc(void*)+8) (BuildId: fab9191c29e4f256dce500f66003d5d2)
07-14 19:30:14.930 10042 10042 F DEBUG   :       #41 pc 000000000009383f  /apex/com.android.runtime/lib64/bionic/libc.so (__pthread_start(void*) (.__uniq.67847048707805468364044055584648682506)+63) (BuildId: 31d9c7e84272403b9dbdd97d6cb13ac7)
07-14 19:30:14.930 10042 10042 F DEBUG   :       #42 pc 00000000000839dd  /apex/com.android.runtime/lib64/bionic/libc.so (__start_thread+45) (BuildId: 31d9c7e84272403b9dbdd97d6cb13ac7)
07-14 19:30:14.930 10042 10042 F DEBUG   : 
07-14 19:30:14.930 10042 10042 F DEBUG   : Note: To display stack pointer information, use the pbtombstone tool:
07-14 19:30:14.930 10042 10042 F DEBUG   :         pbtombstone --display-sp tombstone_XX.pb
07-14 19:30:14.939   379   379 E tombstoned: Tombstone written to: tombstone_10
07-14 19:30:14.964   709   877 E InputDispatcher: channel 'e3b6f67 host.exp.exponent/host.exp.exponent.experience.ExperienceActivity' ~ Channel is unrecoverably broken and will be disposed!
07-14 19:30:15.022   709   938 E NsdService: id 28 for 31 has no client mapping
07-14 19:30:15.026   709  1824 E WindowOrganizerController: Attempting to externally change a non-organized container: Task{4befe59 #34 type=standard A=10229:host.exp.exponent}={handlePackageUpdate:false,} playercount=2 taskorg=android.window.ITaskOrganizer$Stub$Proxy@62bbcc3
07-14 19:30:15.117  1197  1197 E ScalingWorkspaceRevealAnim: Unexpected invisibility after animation end: workspace.isVisible=true, workspace.alpha=1.0, hotseat.isVisible=false, hotseat.alpha=1.0
07-14 19:30:15.117  1197  1197 E ScalingWorkspaceRevealAnim: java.lang.Exception
07-14 19:30:15.117  1197  1197 E ScalingWorkspaceRevealAnim: 	at com.android.quickstep.util.ScalingWorkspaceRevealAnim$4.run(go/retraceme a798b636504514d5f14cf6621c43761343057d4d4e3029f17e0063fb9c290362:123)
07-14 19:30:15.117  1197  1197 E ScalingWorkspaceRevealAnim: 	at com.android.launcher3.anim.AnimatorListeners$1.onAnimationEnd(go/retraceme a798b636504514d5f14cf6621c43761343057d4d4e3029f17e0063fb9c290362:2)
07-14 19:30:15.117  1197  1197 E ScalingWorkspaceRevealAnim: 	at android.animation.Animator$AnimatorListener.onAnimationEnd(Animator.java:773)
07-14 19:30:15.117  1197  1197 E ScalingWorkspaceRevealAnim: 	at android.animation.Animator$AnimatorCaller$$ExternalSyntheticLambda1.call(D8$$SyntheticClass:0)
07-14 19:30:15.117  1197  1197 E ScalingWorkspaceRevealAnim: 	at android.animation.Animator.callOnList(Animator.java:731)
07-14 19:30:15.117  1197  1197 E ScalingWorkspaceRevealAnim: 	at android.animation.Animator.notifyListeners(Animator.java:629)
07-14 19:30:15.117  1197  1197 E ScalingWorkspaceRevealAnim: 	at android.animation.Animator.notifyEndListeners(Animator.java:654)
07-14 19:30:15.117  1197  1197 E ScalingWorkspaceRevealAnim: 	at android.animation.Animator.completeEndAnimation(Animator.java:697)
07-14 19:30:15.117  1197  1197 E ScalingWorkspaceRevealAnim: 	at android.animation.AnimatorSet.completeEndAnimation(AnimatorSet.java:1474)
07-14 19:30:15.117  1197  1197 E ScalingWorkspaceRevealAnim: 	at android.animation.Animator.notifyEndListenersFromEndAnimation(Animator.java:686)
07-14 19:30:15.117  1197  1197 E ScalingWorkspaceRevealAnim: 	at android.animation.AnimatorSet.endAnimation(AnimatorSet.java:1464)
07-14 19:30:15.117  1197  1197 E ScalingWorkspaceRevealAnim: 	at android.animation.AnimatorSet.endAnimation(AnimatorSet.java:1447)
07-14 19:30:15.117  1197  1197 E ScalingWorkspaceRevealAnim: 	at android.animation.AnimatorSet.endAnimationAndNotifyEndListenersImmediately(AnimatorSet.java:437)
07-14 19:30:15.117  1197  1197 E ScalingWorkspaceRevealAnim: 	at android.animation.AnimatorSet.cancel(AnimatorSet.java:425)
07-14 19:30:15.117  1197  1197 E ScalingWorkspaceRevealAnim: 	at com.android.quickstep.util.ScalingWorkspaceRevealAnim.cancelAnimations(go/retraceme a798b636504514d5f14cf6621c43761343057d4d4e3029f17e0063fb9c290362:21)
07-14 19:30:15.117  1197  1197 E ScalingWorkspaceRevealAnim: 	at com.android.launcher3.QuickstepTransitionManager.createWallpaperOpenAnimations(go/retraceme a798b636504514d5f14cf6621c43761343057d4d4e3029f17e0063fb9c290362:164)
07-14 19:30:15.117  1197  1197 E ScalingWorkspaceRevealAnim: 	at com.android.launcher3.QuickstepTransitionManager$WallpaperOpenLauncherAnimationRunner.onAnimationStart(go/retraceme a798b636504514d5f14cf6621c43761343057d4d4e3029f17e0063fb9c290362:135)
07-14 19:30:15.117  1197  1197 E ScalingWorkspaceRevealAnim: 	at com.android.launcher3.LauncherAnimationRunner$$ExternalSyntheticLambda2.run(go/retraceme a798b636504514d5f14cf6621c43761343057d4d4e3029f17e0063fb9c290362:71)
07-14 19:30:15.117  1197  1197 E ScalingWorkspaceRevealAnim: 	at android.os.Handler.handleCallback(Handler.java:1082)
07-14 19:30:15.117  1197  1197 E ScalingWorkspaceRevealAnim: 	at android.os.Handler.dispatchMessageImpl(Handler.java:135)
07-14 19:30:15.117  1197  1197 E ScalingWorkspaceRevealAnim: 	at android.os.Handler.dispatchMessage(Handler.java:126)
07-14 19:30:15.117  1197  1197 E ScalingWorkspaceRevealAnim: 	at android.os.Looper.loopOnce(Looper.java:295)
07-14 19:30:15.117  1197  1197 E ScalingWorkspaceRevealAnim: 	at android.os.Looper.loop(Looper.java:398)
07-14 19:30:15.117  1197  1197 E ScalingWorkspaceRevealAnim: 	at android.app.ActivityThread.main(ActivityThread.java:9572)
07-14 19:30:15.117  1197  1197 E ScalingWorkspaceRevealAnim: 	at java.lang.reflect.Method.invoke(Native Method)
07-14 19:30:15.117  1197  1197 E ScalingWorkspaceRevealAnim: 	at com.android.internal.os.RuntimeInit$MethodAndArgsCaller.run(RuntimeInit.java:575)
07-14 19:30:15.117  1197  1197 E ScalingWorkspaceRevealAnim: 	at com.android.internal.os.ZygoteInit.main(ZygoteInit.java:842)
07-14 19:30:16.116   709  2114 E libbinder.IPCThreadState: Binder transaction failure. id: 859359, cmd: BR_DEAD_REPLY (29189), error: -22 (Invalid argument)
07-14 19:30:16.132   709   831 E WindowOrganizerController: Attempting to externally change a non-organized container: Task{5103a7f #35 type=standard A=10229:host.exp.exponent}={handlePackageUpdate:false,} playercount=2 taskorg=android.window.ITaskOrganizer$Stub$Proxy@62bbcc3
07-14 19:30:16.162   529   529 E BpTransactionCompletedListener: Failed to transact (-32)
07-14 19:30:17.800   709   924 E WifiDataStall: Ignore this poll. newStats: null txLinkSpeedMbps: 1 rxLinkSpeedMbps: 2 rssi: -50 connectionCapabilities: com.android.server.wifi.WifiNative$ConnectionCapabilities@cdfb21e
07-14 19:30:18.528   709  1729 E TaskPersister: File error accessing recents directory (directory doesn't exist?).
07-14 19:30:20.806   709   924 E WifiDataStall: Ignore this poll. newStats: null txLinkSpeedMbps: 1 rxLinkSpeedMbps: 2 rssi: -50 connectionCapabilities: com.android.server.wifi.WifiNative$ConnectionCapabilities@cdfb21e
07-14 19:30:23.812   709   924 E WifiDataStall: Ignore this poll. newStats: null txLinkSpeedMbps: 1 rxLinkSpeedMbps: 2 rssi: -50 connectionCapabilities: com.android.server.wifi.WifiNative$ConnectionCapabilities@cdfb21e
07-14 19:30:24.486  1185  1372 E SatelliteController: isSatelliteEnabled: mIsSatelliteEnabled=null
07-14 19:30:26.817   709   924 E WifiDataStall: Ignore this poll. newStats: null txLinkSpeedMbps: 1 rxLinkSpeedMbps: 2 rssi: -50 connectionCapabilities: com.android.server.wifi.WifiNative$ConnectionCapabilities@cdfb21e
07-14 19:30:29.822   709   924 E WifiDataStall: Ignore this poll. newStats: null txLinkSpeedMbps: 5 rxLinkSpeedMbps: 2 rssi: -50 connectionCapabilities: com.android.server.wifi.WifiNative$ConnectionCapabilities@cdfb21e
07-14 19:30:32.826   709   924 E WifiDataStall: Ignore this poll. newStats: null txLinkSpeedMbps: 2 rxLinkSpeedMbps: 2 rssi: -50 connectionCapabilities: com.android.server.wifi.WifiNative$ConnectionCapabilities@cdfb21e
07-14 19:30:34.486  1185  1372 E SatelliteController: isSatelliteEnabled: mIsSatelliteEnabled=null
07-14 19:30:35.833   709   924 E WifiDataStall: Ignore this poll. newStats: null txLinkSpeedMbps: 2 rxLinkSpeedMbps: 2 rssi: -50 connectionCapabilities: com.android.server.wifi.WifiNative$ConnectionCapabilities@cdfb21e
07-14 19:30:38.839   709   924 E WifiDataStall: Ignore this poll. newStats: null txLinkSpeedMbps: 2 rxLinkSpeedMbps: 2 rssi: -50 connectionCapabilities: com.android.server.wifi.WifiNative$ConnectionCapabilities@cdfb21e
07-14 19:30:41.845   709   924 E WifiDataStall: Ignore this poll. newStats: null txLinkSpeedMbps: 1 rxLinkSpeedMbps: 2 rssi: -50 connectionCapabilities: com.android.server.wifi.WifiNative$ConnectionCapabilities@cdfb21e
07-14 19:30:44.486  1185  1372 E SatelliteController: isSatelliteEnabled: mIsSatelliteEnabled=null
07-14 19:30:44.850   709   924 E WifiDataStall: Ignore this poll. newStats: null txLinkSpeedMbps: 1 rxLinkSpeedMbps: 2 rssi: -50 connectionCapabilities: com.android.server.wifi.WifiNative$ConnectionCapabilities@cdfb21e
07-14 19:30:47.856   709   924 E WifiDataStall: Ignore this poll. newStats: null txLinkSpeedMbps: 1 rxLinkSpeedMbps: 2 rssi: -50 connectionCapabilities: com.android.server.wifi.WifiNative$ConnectionCapabilities@cdfb21e
07-14 19:30:50.861   709   924 E WifiDataStall: Ignore this poll. newStats: null txLinkSpeedMbps: 1 rxLinkSpeedMbps: 2 rssi: -50 connectionCapabilities: com.android.server.wifi.WifiNative$ConnectionCapabilities@cdfb21e
07-14 19:30:53.867   709   924 E WifiDataStall: Ignore this poll. newStats: null txLinkSpeedMbps: 1 rxLinkSpeedMbps: 2 rssi: -50 connectionCapabilities: com.android.server.wifi.WifiNative$ConnectionCapabilities@cdfb21e
07-14 19:30:54.486  1185  1372 E SatelliteController: isSatelliteEnabled: mIsSatelliteEnabled=null
07-14 19:30:56.869   709   924 E WifiDataStall: Ignore this poll. newStats: null txLinkSpeedMbps: 2 rxLinkSpeedMbps: 2 rssi: -50 connectionCapabilities: com.android.server.wifi.WifiNative$ConnectionCapabilities@cdfb21e
07-14 19:30:59.875   709   924 E WifiDataStall: Ignore this poll. newStats: null txLinkSpeedMbps: 2 rxLinkSpeedMbps: 2 rssi: -50 connectionCapabilities: com.android.server.wifi.WifiNative$ConnectionCapabilities@cdfb21e
07-14 19:31:02.881   709   924 E WifiDataStall: Ignore this poll. newStats: null txLinkSpeedMbps: 2 rxLinkSpeedMbps: 2 rssi: -50 connectionCapabilities: com.android.server.wifi.WifiNative$ConnectionCapabilities@cdfb21e
07-14 19:31:03.058 10081 10081 E FeatureFlagsImplExport: android.os.flagging.AconfigStorageReadException: ERROR_PACKAGE_NOT_FOUND: package android.xr cannot be found on the device
07-14 19:31:03.178 10081 10115 E st.exp.exponent: No package ID 6a found for resource ID 0x6a0b0013.
07-14 19:31:04.486  1185  1372 E SatelliteController: isSatelliteEnabled: mIsSatelliteEnabled=null
07-14 19:31:05.886   709   924 E WifiDataStall: Ignore this poll. newStats: null txLinkSpeedMbps: 1 rxLinkSpeedMbps: 2 rssi: -50 connectionCapabilities: com.android.server.wifi.WifiNative$ConnectionCapabilities@cdfb21e
07-14 19:31:08.893   709   924 E WifiDataStall: Ignore this poll. newStats: null txLinkSpeedMbps: 1 rxLinkSpeedMbps: 2 rssi: -50 connectionCapabilities: com.android.server.wifi.WifiNative$ConnectionCapabilities@cdfb21e
07-14 19:31:10.625   709  1007 E ClipboardService: Denying clipboard access to com.android.chrome, application is not in focus nor is it a system service for user 0
07-14 19:31:11.897   709   924 E WifiDataStall: Ignore this poll. newStats: null txLinkSpeedMbps: 1 rxLinkSpeedMbps: 2 rssi: -50 connectionCapabilities: com.android.server.wifi.WifiNative$ConnectionCapabilities@cdfb21e
07-14 19:31:12.744   709   931 E Nl80211Native: getChannelsMhzForBand: Wiphy index not recorded for band 8
07-14 19:31:12.744   709   931 E Nl80211Native: getChannelsMhzForBand: Wiphy index not recorded for band 16
07-14 19:31:14.487  1185  1372 E SatelliteController: isSatelliteEnabled: mIsSatelliteEnabled=null
07-14 19:31:14.902   709   924 E WifiDataStall: Ignore this poll. newStats: null txLinkSpeedMbps: 1 rxLinkSpeedMbps: 2 rssi: -50 connectionCapabilities: com.android.server.wifi.WifiNative$ConnectionCapabilities@cdfb21e
07-14 19:31:17.909   709   924 E WifiDataStall: Ignore this poll. newStats: null txLinkSpeedMbps: 5 rxLinkSpeedMbps: 2 rssi: -50 connectionCapabilities: com.android.server.wifi.WifiNative$ConnectionCapabilities@cdfb21e
07-14 19:31:20.912   709   924 E WifiDataStall: Ignore this poll. newStats: null txLinkSpeedMbps: 1 rxLinkSpeedMbps: 2 rssi: -50 connectionCapabilities: com.android.server.wifi.WifiNative$ConnectionCapabilities@cdfb21e
07-14 19:31:23.919   709   924 E WifiDataStall: Ignore this poll. newStats: null txLinkSpeedMbps: 1 rxLinkSpeedMbps: 2 rssi: -50 connectionCapabilities: com.android.server.wifi.WifiNative$ConnectionCapabilities@cdfb21e
07-14 19:31:24.488  1185  1372 E SatelliteController: isSatelliteEnabled: mIsSatelliteEnabled=null
07-14 19:31:26.925   709   924 E WifiDataStall: Ignore this poll. newStats: null txLinkSpeedMbps: 1 rxLinkSpeedMbps: 2 rssi: -50 connectionCapabilities: com.android.server.wifi.WifiNative$ConnectionCapabilities@cdfb21e
07-14 19:31:29.930   709   924 E WifiDataStall: Ignore this poll. newStats: null txLinkSpeedMbps: 1 rxLinkSpeedMbps: 2 rssi: -50 connectionCapabilities: com.android.server.wifi.WifiNative$ConnectionCapabilities@cdfb21e
07-14 19:31:32.936   709   924 E WifiDataStall: Ignore this poll. newStats: null txLinkSpeedMbps: 1 rxLinkSpeedMbps: 2 rssi: -50 connectionCapabilities: com.android.server.wifi.WifiNative$ConnectionCapabilities@cdfb21e
07-14 19:31:34.487  1185  1372 E SatelliteController: isSatelliteEnabled: mIsSatelliteEnabled=null
07-14 19:31:35.941   709   924 E WifiDataStall: Ignore this poll. newStats: null txLinkSpeedMbps: 1 rxLinkSpeedMbps: 2 rssi: -50 connectionCapabilities: com.android.server.wifi.WifiNative$ConnectionCapabilities@cdfb21e
07-14 19:31:38.947   709   924 E WifiDataStall: Ignore this poll. newStats: null txLinkSpeedMbps: 1 rxLinkSpeedMbps: 2 rssi: -50 connectionCapabilities: com.android.server.wifi.WifiNative$ConnectionCapabilities@cdfb21e
07-14 19:31:41.954   709   924 E WifiDataStall: Ignore this poll. newStats: null txLinkSpeedMbps: 1 rxLinkSpeedMbps: 2 rssi: -50 connectionCapabilities: com.android.server.wifi.WifiNative$ConnectionCapabilities@cdfb21e
07-14 19:31:44.487  1185  1372 E SatelliteController: isSatelliteEnabled: mIsSatelliteEnabled=null
07-14 19:31:44.957   709   924 E WifiDataStall: Ignore this poll. newStats: null txLinkSpeedMbps: 1 rxLinkSpeedMbps: 2 rssi: -50 connectionCapabilities: com.android.server.wifi.WifiNative$ConnectionCapabilities@cdfb21e
07-14 19:31:47.963   709   924 E WifiDataStall: Ignore this poll. newStats: null txLinkSpeedMbps: 1 rxLinkSpeedMbps: 2 rssi: -50 connectionCapabilities: com.android.server.wifi.WifiNative$ConnectionCapabilities@cdfb21e
07-14 19:31:50.968   709   924 E WifiDataStall: Ignore this poll. newStats: null txLinkSpeedMbps: 1 rxLinkSpeedMbps: 2 rssi: -50 connectionCapabilities: com.android.server.wifi.WifiNative$ConnectionCapabilities@cdfb21e
07-14 19:31:53.971   709   924 E WifiDataStall: Ignore this poll. newStats: null txLinkSpeedMbps: 1 rxLinkSpeedMbps: 2 rssi: -50 connectionCapabilities: com.android.server.wifi.WifiNative$ConnectionCapabilities@cdfb21e
07-14 19:31:54.487  1185  1372 E SatelliteController: isSatelliteEnabled: mIsSatelliteEnabled=null
07-14 19:31:56.974   709   924 E WifiDataStall: Ignore this poll. newStats: null txLinkSpeedMbps: 1 rxLinkSpeedMbps: 2 rssi: -50 connectionCapabilities: com.android.server.wifi.WifiNative$ConnectionCapabilities@cdfb21e
07-14 19:31:59.980   709   924 E WifiDataStall: Ignore this poll. newStats: null txLinkSpeedMbps: 1 rxLinkSpeedMbps: 2 rssi: -50 connectionCapabilities: com.android.server.wifi.WifiNative$ConnectionCapabilities@cdfb21e
07-14 19:32:02.984   709   924 E WifiDataStall: Ignore this poll. newStats: null txLinkSpeedMbps: 1 rxLinkSpeedMbps: 2 rssi: -50 connectionCapabilities: com.android.server.wifi.WifiNative$ConnectionCapabilities@cdfb21e
07-14 19:32:04.488  1185  1372 E SatelliteController: isSatelliteEnabled: mIsSatelliteEnabled=null
07-14 19:32:05.990   709   924 E WifiDataStall: Ignore this poll. newStats: null txLinkSpeedMbps: 1 rxLinkSpeedMbps: 2 rssi: -50 connectionCapabilities: com.android.server.wifi.WifiNative$ConnectionCapabilities@cdfb21e
07-14 19:32:08.994   709   924 E WifiDataStall: Ignore this poll. newStats: null txLinkSpeedMbps: 1 rxLinkSpeedMbps: 2 rssi: -50 connectionCapabilities: com.android.server.wifi.WifiNative$ConnectionCapabilities@cdfb21e
07-14 19:32:12.001   709   924 E WifiDataStall: Ignore this poll. newStats: null txLinkSpeedMbps: 1 rxLinkSpeedMbps: 2 rssi: -50 connectionCapabilities: com.android.server.wifi.WifiNative$ConnectionCapabilities@cdfb21e
07-14 19:32:14.488  1185  1372 E SatelliteController: isSatelliteEnabled: mIsSatelliteEnabled=null
07-14 19:32:15.006   709   924 E WifiDataStall: Ignore this poll. newStats: null txLinkSpeedMbps: 1 rxLinkSpeedMbps: 2 rssi: -50 connectionCapabilities: com.android.server.wifi.WifiNative$ConnectionCapabilities@cdfb21e
07-14 19:32:18.011   709   924 E WifiDataStall: Ignore this poll. newStats: null txLinkSpeedMbps: 2 rxLinkSpeedMbps: 2 rssi: -50 connectionCapabilities: com.android.server.wifi.WifiNative$ConnectionCapabilities@cdfb21e
07-14 19:32:21.017   709   924 E WifiDataStall: Ignore this poll. newStats: null txLinkSpeedMbps: 2 rxLinkSpeedMbps: 2 rssi: -50 connectionCapabilities: com.android.server.wifi.WifiNative$ConnectionCapabilities@cdfb21e
07-14 19:32:24.020   709   924 E WifiDataStall: Ignore this poll. newStats: null txLinkSpeedMbps: 2 rxLinkSpeedMbps: 2 rssi: -50 connectionCapabilities: com.android.server.wifi.WifiNative$ConnectionCapabilities@cdfb21e
07-14 19:32:24.487  1185  1372 E SatelliteController: isSatelliteEnabled: mIsSatelliteEnabled=null
07-14 19:32:27.026   709   924 E WifiDataStall: Ignore this poll. newStats: null txLinkSpeedMbps: 1 rxLinkSpeedMbps: 2 rssi: -50 connectionCapabilities: com.android.server.wifi.WifiNative$ConnectionCapabilities@cdfb21e
07-14 19:32:30.029   709   924 E WifiDataStall: Ignore this poll. newStats: null txLinkSpeedMbps: 1 rxLinkSpeedMbps: 2 rssi: -50 connectionCapabilities: com.android.server.wifi.WifiNative$ConnectionCapabilities@cdfb21e
07-14 19:32:33.033   709   924 E WifiDataStall: Ignore this poll. newStats: null txLinkSpeedMbps: 2 rxLinkSpeedMbps: 2 rssi: -50 connectionCapabilities: com.android.server.wifi.WifiNative$ConnectionCapabilities@cdfb21e
07-14 19:32:34.488  1185  1372 E SatelliteController: isSatelliteEnabled: mIsSatelliteEnabled=null
07-14 19:32:36.040   709   924 E WifiDataStall: Ignore this poll. newStats: null txLinkSpeedMbps: 2 rxLinkSpeedMbps: 2 rssi: -50 connectionCapabilities: com.android.server.wifi.WifiNative$ConnectionCapabilities@cdfb21e
07-14 19:32:39.046   709   924 E WifiDataStall: Ignore this poll. newStats: null txLinkSpeedMbps: 2 rxLinkSpeedMbps: 2 rssi: -50 connectionCapabilities: com.android.server.wifi.WifiNative$ConnectionCapabilities@cdfb21e
07-14 19:32:42.054   709   924 E WifiDataStall: Ignore this poll. newStats: null txLinkSpeedMbps: 1 rxLinkSpeedMbps: 2 rssi: -50 connectionCapabilities: com.android.server.wifi.WifiNative$ConnectionCapabilities@cdfb21e
07-14 19:32:44.488  1185  1372 E SatelliteController: isSatelliteEnabled: mIsSatelliteEnabled=null
07-14 19:32:45.058   709   924 E WifiDataStall: Ignore this poll. newStats: null txLinkSpeedMbps: 1 rxLinkSpeedMbps: 2 rssi: -50 connectionCapabilities: com.android.server.wifi.WifiNative$ConnectionCapabilities@cdfb21e
07-14 19:32:48.064   709   924 E WifiDataStall: Ignore this poll. newStats: null txLinkSpeedMbps: 1 rxLinkSpeedMbps: 2 rssi: -50 connectionCapabilities: com.android.server.wifi.WifiNative$ConnectionCapabilities@cdfb21e
07-14 19:32:51.068   709   924 E WifiDataStall: Ignore this poll. newStats: null txLinkSpeedMbps: 1 rxLinkSpeedMbps: 2 rssi: -50 connectionCapabilities: com.android.server.wifi.WifiNative$ConnectionCapabilities@cdfb21e
07-14 19:32:54.074   709   924 E WifiDataStall: Ignore this poll. newStats: null txLinkSpeedMbps: 1 rxLinkSpeedMbps: 2 rssi: -50 connectionCapabilities: com.android.server.wifi.WifiNative$ConnectionCapabilities@cdfb21e
07-14 19:32:54.489  1185  1372 E SatelliteController: isSatelliteEnabled: mIsSatelliteEnabled=null
07-14 19:32:57.076   709   924 E WifiDataStall: Ignore this poll. newStats: null txLinkSpeedMbps: 1 rxLinkSpeedMbps: 2 rssi: -50 connectionCapabilities: com.android.server.wifi.WifiNative$ConnectionCapabilities@cdfb21e
07-14 19:33:00.083   709   924 E WifiDataStall: Ignore this poll. newStats: null txLinkSpeedMbps: 1 rxLinkSpeedMbps: 2 rssi: -50 connectionCapabilities: com.android.server.wifi.WifiNative$ConnectionCapabilities@cdfb21e
